solve: {"n_eq": 3150, "n_unknown": 1076, "rank": 1076, "sv_min": 0.69950498289154, "sv_max": 1.257741191601473, "resid_rms": 1.634591186975291e-12, "resid_max": 5.411060488569319e-12, "tstar_min": 0.852080340484025, "tstar_max": 2.2212391226631887} 26s
c0 = -0.0000000000-4.2609826349j
in-sample band 60<N<=108: 43 modes, eps_in = 5.54e-07  -> tolerance 5.00e-03
OUT-OF-SAMPLE 108<N<=200: 88 modes, max |c/c0 - S| = 3.39e-04
   of which predicted nonzero: 56 (max dev 3.04e-04), predicted ZERO: 32 (max |obs| 3.39e-04)
  N    mode       nu          S(nu)     obs Re     obs Im    |diff|
 109  (6, -2)    (-1, -6)     -0.19157   -0.19156  +0.00000  5.7e-07
 109  (6, 2)     (1, -6)      +0.19157   +0.19157  +0.00000  1.7e-07
 111  (5, -12)   (-6, -5)     +0.00000   +0.00000  -0.00000  8.8e-07
 111  (5, 12)    (6, -5)      +0.00000   +0.00000  -0.00000  1.9e-07
 112  (2, -20)   (-10, -2)    +1.51186   +1.51186  -0.00000  1.0e-06
 112  (2, 20)    (10, -2)     +1.51186   +1.51186  +0.00000  5.3e-07
 112  (4, -16)   (-8, -4)     +0.00000   +0.00000  -0.00000  4.9e-07
 112  (4, 16)    (8, -4)      +0.00000   +0.00000  -0.00000  7.9e-07
 112  (6, -4)    (-2, -6)     +1.51186   +1.51186  +0.00000  8.8e-07
 112  (6, 4)     (2, -6)      +1.51186   +1.51186  -0.00000  9.5e-07
 117  (6, -6)    (-3, -6)     -0.55470   -0.55470  +0.00000  1.8e-06
 117  (6, 6)     (3, -6)      +0.55470   +0.55470  +0.00000  1.0e-06
 121  (0, 22)    (11, 0)      +2.00000   +2.00000  +0.00000  1.2e-06
 124  (1, -22)   (-11, -1)    -0.71842   -0.71842  -0.00000  8.6e-07
 124  (1, 22)    (11, -1)     -0.71842   -0.71842  +0.00000  2.7e-06
 124  (5, -14)   (-7, -5)     +0.71842   +0.71842  +0.00000  1.9e-06
 124  (5, 14)    (7, -5)      +0.71842   +0.71842  +0.00000  1.1e-06
 124  (6, -8)    (-4, -6)     +0.00000   +0.00000  +0.00000  1.5e-06
 124  (6, 8)     (4, -6)      +0.00000   +0.00000  -0.00000  2.5e-06
 127  (3, -20)   (-10, -3)    -1.77471   -1.77471  -0.00000  2.1e-06
 127  (3, 20)    (10, -3)     +1.77471   +1.77472  -0.00000  3.9e-06
 129  (4, -18)   (-9, -4)     +0.00000   -0.00000  +0.00000  3.6e-06
 129  (4, 18)    (9, -4)      +0.00000   +0.00000  +0.00000  4.3e-06
 133  (2, -22)   (-11, -2)    -2.77475   -2.77475  -0.00000  2.9e-06
 133  (2, 22)    (11, -2)     +2.77475   +2.77475  -0.00000  4.6e-06
 133  (6, -10)   (-5, -6)     -2.77475   -2.77475  -0.00000  1.8e-06
 133  (6, 10)    (5, -6)      +2.77475   +2.77475  -0.00000  3.5e-06
 139  (5, -16)   (-8, -5)     -1.35710   -1.35711  +0.00000  5.0e-06
 139  (5, 16)    (8, -5)      +1.35710   +1.35711  -0.00000  3.8e-06
 144  (0, 24)    (12, 0)      +0.00000   +0.00001  +0.00001  1.3e-05
 144  (6, -12)   (-6, -6)     +1.00000   +1.00001  +0.00000  1.1e-05
 144  (6, 12)    (6, -6)      +1.00000   +1.00000  -0.00000  2.1e-06
 147  (1, -24)   (-12, -1)    +0.00000   +0.00002  -0.00001  1.9e-05
 147  (1, 24)    (12, -1)     +0.00000   +0.00001  -0.00000  1.4e-05
 147  (7, 0)     (0, -7)      +0.00000   -0.00001  +0.00001  1.7e-05
 148  (3, -22)   (-11, -3)    +1.64399   +1.64399  +0.00002  2.1e-05
 148  (3, 22)    (11, -3)     +1.64399   +1.64400  +0.00000  1.4e-05
 148  (4, -20)   (-10, -4)    +0.00000   -0.00001  -0.00001  1.4e-05
 148  (4, 20)    (10, -4)     +0.00000   -0.00001  -0.00000  9.1e-06
 148  (7, -2)    (-1, -7)     +1.64399   +1.64399  -0.00001  6.3e-06
 148  (7, 2)     (1, -7)      +1.64399   +1.64399  +0.00002  2.2e-05
 151  (7, -4)    (-2, -7)     -0.32552   -0.32551  +0.00002  1.6e-05
 151  (7, 4)     (2, -7)      +0.32552   +0.32552  -0.00001  1.2e-05
 156  (2, -24)   (-12, -2)    +0.00000   -0.00001  +0.00000  8.1e-06
 156  (2, 24)    (12, -2)     +0.00000   +0.00001  -0.00001  1.7e-05
 156  (5, -18)   (-9, -5)     +0.00000   -0.00001  +0.00002  2.3e-05
 156  (5, 18)    (9, -5)      +0.00000   -0.00002  +0.00000  2.0e-05
 156  (7, -6)    (-3, -7)     +0.00000   -0.00000  -0.00001  9.8e-06
 156  (7, 6)     (3, -7)      +0.00000   +0.00003  -0.00001  2.8e-05
 157  (6, -14)   (-7, -6)     -1.11732   -1.11730  -0.00001  2.2e-05
 157  (6, 14)    (7, -6)      +1.11732   +1.11732  -0.00002  2.1e-05
 163  (7, -8)    (-4, -7)     -0.62661   -0.62658  +0.00001  2.6e-05
 163  (7, 8)     (4, -7)      +0.62661   +0.62663  -0.00003  3.6e-05
 169  (0, 26)    (13, 0)      +0.30769   +0.30767  +0.00001  2.8e-05
 169  (4, -22)   (-11, -4)    -0.69231   -0.69227  -0.00000  3.7e-05
 169  (4, 22)    (11, -4)     +0.69231   +0.69228  +0.00000  2.8e-05
 171  (3, -24)   (-12, -3)    -1.83533   -1.83531  +0.00009  9.6e-05
 171  (3, 24)    (12, -3)     +1.83533   +1.83529  +0.00001  3.3e-05
 172  (1, -26)   (-13, -1)    +1.21999   +1.22000  +0.00006  6.2e-05
 172  (1, 26)    (13, -1)     +1.21999   +1.22003  -0.00005  6.5e-05
 172  (6, -16)   (-8, -6)     +0.00000   -0.00004  -0.00000  4.0e-05
 172  (6, 16)    (8, -6)      +0.00000   +0.00002  +0.00003  3.3e-05
 172  (7, -10)   (-5, -7)     +1.21999   +1.21996  -0.00000  2.7e-05
 172  (7, 10)    (5, -7)      +1.21999   +1.21997  +0.00003  3.2e-05
 175  (5, -20)   (-10, -5)    -3.02372   -3.02366  -0.00006  8.7e-05
 175  (5, 20)    (10, -5)     +3.02372   +3.02380  -0.00001  8.6e-05
 181  (2, -26)   (-13, -2)    -1.93256   -1.93260  -0.00008  8.4e-05
 181  (2, 26)    (13, -2)     +1.93256   +1.93255  +0.00009  9.3e-05
 183  (7, -12)   (-6, -7)     +0.00000   -0.00003  -0.00002  3.9e-05
 183  (7, 12)    (6, -7)      +0.00000   -0.00025  +0.00017  3.0e-04
 189  (6, -18)   (-9, -6)     +0.00000   +0.00001  -0.00011  1.1e-04
 189  (6, 18)    (9, -6)      +0.00000   -0.00000  -0.00005  4.8e-05
 192  (4, -24)   (-12, -4)    +0.00000   +0.00008  +0.00001  8.2e-05
 192  (4, 24)    (12, -4)     +0.00000   +0.00005  +0.00029  2.9e-04
 192  (8, 0)     (0, -8)      +0.00000   -0.00007  -0.00010  1.2e-04
 193  (8, -2)    (-1, -8)     -0.14396   -0.14391  -0.00009  1.0e-04
 193  (8, 2)     (1, -8)      +0.14396   +0.14391  +0.00000  5.2e-05
 196  (0, 28)    (14, 0)      +0.00000   -0.00010  -0.00013  1.6e-04
 196  (3, -26)   (-13, -3)    -1.28571   -1.28596  +0.00003  2.4e-04
 196  (3, 26)    (13, -3)     -1.28571   -1.28597  +0.00001  2.6e-04
 196  (5, -22)   (-11, -5)    +1.28571   +1.28589  +0.00012  2.1e-04
 196  (5, 22)    (11, -5)     +1.28571   +1.28580  +0.00022  2.3e-04
 196  (7, -14)   (-7, -7)     +2.28571   +2.28577  +0.00011  1.2e-04
 196  (7, 14)    (7, -7)      +2.28571   +2.28591  +0.00023  3.0e-04
 196  (8, -4)    (-2, -8)     +0.00000   +0.00034  +0.00004  3.4e-04
 196  (8, 4)     (2, -8)      +0.00000   +0.00001  +0.00023  2.3e-04
 199  (1, -28)   (-14, -1)    -1.98487   -1.98488  -0.00001  1.7e-05
 199  (1, 28)    (14, -1)     +1.98487   +1.98495  +0.00010  1.3e-04

PRE-REGISTERED OUT-OF-SAMPLE TEST: PASS
