=== (0) banked-rung gates k=1..7 ===
  k=1: reproduced (N=3, dim_odd=1, Z=1.0, ord=1)
  k=2: reproduced (N=9, dim_odd=3, Z=1.0, ord=4)
  k=3: reproduced (N=20, dim_odd=8, Z=1.0, ord=60)
  k=4: reproduced (N=42, dim_odd=17, Z=0.0, ord=12)
  k=5: reproduced (N=78, dim_odd=34, Z=1.0, ord=36)
  k=6: reproduced (N=139, dim_odd=61, Z=1.0, ord=18)
  k=7: reproduced (N=231, dim_odd=105, Z=2.0, ord=36)

=== (1) LEVEL 8 build + gates ===
  gate float_vs_exactcounts: 5.946e-13
  gate unitary: 1.167e-14
  gate symmetric: 0.000e+00
  gate (ST)^3=S^2: 1.829e-14
  gate S^4=I: 2.504e-14
  gate S^2=theta-perm: 1.283e-14
  gate verlinde_int_dev: 1.135e-10
  gate verlinde_min: -0.000e+00
  gate qdim_dev: 1.753e-09
  gate two_word: 2.463e-13
  gate rho_unitary: 1.386e-14

=== (2) BLIND BANK ===
{
 "N": 372,
 "n_theta_fixed": 32,
 "dim_odd": 170,
 "Z": [
  1.0000000000000022,
  2.7200464103316335e-15
 ],
 "tr_odd": [
  8.881784197001252e-16,
  2.55351295663786e-15
 ],
 "off_block_norm": 4.9529646811470486e-15,
 "S_odd_sq_plus_I": 6.6947126188309884e-15,
 "B_odd_nonscalar": 13.038404858456898,
 "order_float": 60,
 "n_distinct_mags": 536
}
BANKED level8_readouts.json (+npz) before comparison.

=== (3) certificates ===
exact Z8 (unnormalized, mod Phi_240): zero-poly = False; numeric ~ (13856.4064606 + 3.69482993523e-47j)
exact Tr(Theta rho): zero-poly = False; numeric ~ (13856.4064606 + 2.12110607393e-47j)
ord(B_odd) = 60 (dev 9.7e-49; proper divisors {30: '2.0e+00', 20: '1.3e+00', 12: '1.8e+00'})
P-Q1-b check: divides 60 = ord(A1 mod 60): True; equality: True

odd block: 536 distinct magnitudes, scale 2K=40
  w = 6.291052992827684966255154e-8: UNIDENTIFIED <= deg16/1e14
  w = 0.0000002948311089991668834073919: UNIDENTIFIED <= deg16/1e14
  w = 0.000004763997424869485314597021: UNIDENTIFIED <= deg16/1e14
  minpoly [64000000, -92800000, 13816000, -152400, 1]  disc {2: 48, 5: 19, 11: 2, 19: 4, 439: 2}
  w = 0.00002350362806832918359990094: UNIDENTIFIED <= deg16/1e14
  minpoly [64000000, -35200000, 2296000, -39600, 1]  disc {2: 48, 5: 19, 19: 2, 181: 2}
  w = 0.00004721882431146422663474225: UNIDENTIFIED <= deg16/1e14
  w = 0.00005457654562198365336494222: UNIDENTIFIED <= deg16/1e14
  minpoly [15625, -62500, 62250, -15700, 1]  disc {2: 12, 3: 12, 5: 19, 41: 2}
  w = 0.00008359385108030714130126657: UNIDENTIFIED <= deg16/1e14
  w = 0.00008549934718103006254222851: UNIDENTIFIED <= deg16/1e14
  minpoly [4000000, -3200000, 366000, -9200, 1]  disc {2: 28, 3: 12, 5: 19, 61: 2}
  minpoly [15625, -37500, 27875, -6000, 1]  disc {2: 4, 3: 4, 5: 19, 61: 2}
  minpoly [64000000, -22400000, 1336000, -6000, 1]  disc {2: 48, 5: 19, 19: 2, 59: 2}
  minpoly [250000, -300000, 91000, -3800, 1]  disc {2: 44, 5: 19}
  minpoly [1265625, -1518750, 531000, -57600, 16]  disc {2: 12, 3: 14, 5: 21, 149: 2}
  w = 0.0003787895969081166848437045: UNIDENTIFIED <= deg16/1e14
  w = 0.0003794700781660463333385681: UNIDENTIFIED <= deg16/1e14
  minpoly [810000, -702000, 81900, -2580, 1]  disc {2: 20, 3: 12, 5: 15, 61: 2}
  w = 0.0004142788734243068538120012: UNIDENTIFIED <= deg16/1e14
  minpoly [15625, -50000, 22875, -2300, 1]  disc {2: 4, 3: 12, 5: 19, 61: 2}
  w = 0.0004761663360224343305608305: UNIDENTIFIED <= deg16/1e14
  minpoly [4000000, -1600000, 126000, -2000, 1]  disc {2: 28, 5: 19, 19: 2, 79: 2}
  w = 0.0005254672993350219638098076: UNIDENTIFIED <= deg16/1e14
  w = 0.0005724346134618897003676207: UNIDENTIFIED <= deg16/1e14
  minpoly [1265625, -1350000, 351000, -22200, 16]  disc {2: 12, 3: 18, 5: 21, 59: 2}
  w = 0.0007576742592504185887822131: UNIDENTIFIED <= deg16/1e14
  w = 0.0008350979247017988558189688: UNIDENTIFIED <= deg16/1e14
  minpoly [250000, -200000, 31000, -1200, 1]  disc {2: 28, 5: 19, 19: 2}
  minpoly [810000, -594000, 107100, -1140, 1]  disc {2: 20, 3: 14, 5: 15, 29: 2}
  w = 0.001015966260227301570899497: UNIDENTIFIED <= deg16/1e14
  minpoly [810000, -378000, 45900, -1020, 1]  disc {2: 20, 3: 12, 5: 15, 19: 2}
  minpoly [1265625, -1687500, 553500, -15600, 16]  disc {2: 20, 3: 18, 5: 19, 31: 2}
  minpoly [32400, -75600, 30060, -900, 1]  disc {2: 24, 3: 12, 5: 7, 19: 2, 59: 2}
  minpoly [160000, -384000, 199600, -1040, 1]  disc {2: 28, 5: 19, 11: 2, 19: 2}
  w = 0.001288596498922869612377268: UNIDENTIFIED <= deg16/1e14
  minpoly [250000, -800000, 811000, -262400, 361]  disc {2: 28, 5: 19, 11: 2, 41: 2, 59: 2}
  minpoly [518400, -864000, 462960, -80400, 121]  disc {2: 28, 3: 14, 5: 8, 71: 2, 131: 2}
  minpoly [500, -650, 1]  disc {2: 2, 5: 3, 29: 2}
  w = 0.001615392006905333955279886: UNIDENTIFIED <= deg16/1e14
  w = 0.001817978898729100667506383: UNIDENTIFIED <= deg16/1e14
  w = 0.001956648535281876768721281: UNIDENTIFIED <= deg16/1e14
  minpoly [15625, -25000, 7875, -500, 1]  disc {2: 4, 5: 19, 19: 2, 79: 2}
  minpoly [1265625, -675000, 75375, -600, 1]  disc {2: 4, 3: 14, 5: 20, 59: 2}
  minpoly [1265625, -1518750, 261000, -7200, 16]  disc {2: 12, 3: 14, 5: 19, 29: 2, 59: 2}
  minpoly [50625, -40500, 7650, -420, 1]  disc {2: 12, 3: 12, 5: 15}
  minpoly [810000, -1026000, 107100, -660, 1]  disc {2: 20, 3: 14, 5: 15, 29: 2}
  w = 0.002919031378042188319787676: UNIDENTIFIED <= deg16/1e14
  w = 0.002926805315141749810410107: UNIDENTIFIED <= deg16/1e14
  w = 0.003106375677774882006592602: UNIDENTIFIED <= deg16/1e14
  w = 0.003437275762611921176555426: UNIDENTIFIED <= deg16/1e14
  w = 0.003476420096922434432137607: UNIDENTIFIED <= deg16/1e14
  minpoly [32400, -32400, 8460, -300, 1]  disc {2: 20, 3: 12, 5: 7, 41: 2}
  w = 0.003722113165518090007692519: UNIDENTIFIED <= deg16/1e14
  minpoly [810000, -1026000, 107100, -660, 1]  disc {2: 20, 3: 14, 5: 15, 29: 2}
  w = 0.003980098784862602080347851: UNIDENTIFIED <= deg16/1e14
  minpoly [160000, -384000, 199600, -1040, 1]  disc {2: 28, 5: 19, 11: 2, 19: 2}
  minpoly [500, -250, 1]  disc {2: 2, 5: 3, 11: 2}
  w = 0.004046227382897668472182892: UNIDENTIFIED <= deg16/1e14
  w = 0.004351866882674459829329366: UNIDENTIFIED <= deg16/1e14
  w = 0.004571866749933936100021221: UNIDENTIFIED <= deg16/1e14
  w = 0.004696500882964099215206451: UNIDENTIFIED <= deg16/1e14
  w = 0.004828508486828795593171959: UNIDENTIFIED <= deg16/1e14
  w = 0.004914263516618472007487909: UNIDENTIFIED <= deg16/1e14
  w = 0.004927940113090813683811023: UNIDENTIFIED <= deg16/1e14
  w = 0.005139170473279487439644777: UNIDENTIFIED <= deg16/1e14
  w = 0.005159765670151596666023625: UNIDENTIFIED <= deg16/1e14
  minpoly [15625, -12500, 2875, -200, 1]  disc {2: 4, 5: 19, 19: 2}
  minpoly [810000, -189000, 12600, -240, 1]  disc {2: 12, 3: 14, 5: 15}
  minpoly [1265625, -675000, 75375, -600, 1]  disc {2: 4, 3: 14, 5: 20, 59: 2}
  w = 0.006177921021400748339793921: UNIDENTIFIED <= deg16/1e14
  minpoly [1265625, -675000, 81000, -3000, 16]  disc {2: 12, 3: 18, 5: 19}
  minpoly [50625, -27000, 4275, -180, 1]  disc {2: 4, 3: 12, 5: 15}
  minpoly [180, -150, 1]  disc {2: 2, 3: 2, 5: 1, 11: 2}
  w = 0.006790158536333703659421052: UNIDENTIFIED <= deg16/1e14
  minpoly [8000, -200, 1]  disc {2: 6, 5: 3}
  w = 0.006956837312387184126176868: UNIDENTIFIED <= deg16/1e14
  w = 0.007250340105833599241066864: UNIDENTIFIED <= deg16/1e14
  minpoly [1296, -1944, 936, -144, 1]  disc {2: 12, 3: 14, 5: 3}
  w = 0.007689741605350369949010617: UNIDENTIFIED <= deg16/1e14
  w = 0.00770706952161526523828499: UNIDENTIFIED <= deg16/1e14
  w = 0.007915209248126474258386523: UNIDENTIFIED <= deg16/1e14
  minpoly [20736, -13824, 2736, -144, 1]  disc {2: 28, 3: 12, 5: 3}
  w = 0.008283878838335467068592772: UNIDENTIFIED <= deg16/1e14
  w = 0.008398323448763567566030204: UNIDENTIFIED <= deg16/1e14
  minpoly [225, -120, 1]  disc {2: 2, 3: 3, 5: 3}
  minpoly [20736, -20736, 3312, -144, 1]  disc {2: 28, 3: 14, 5: 2, 7: 2}
  w = 0.008718803706370985647968112: UNIDENTIFIED <= deg16/1e14
  minpoly [50625, -87750, 26100, -2040, 16]  disc {2: 12, 3: 14, 5: 15, 29: 2}
  w = 0.00895150505178274451901133: UNIDENTIFIED <= deg16/1e14
  minpoly [2025, -2700, 1035, -120, 1]  disc {2: 4, 3: 12, 5: 7, 19: 2}
  w = 0.009271986635272237426568964: UNIDENTIFIED <= deg16/1e14
  w = 0.009314883013026642544604958: UNIDENTIFIED <= deg16/1e14
  w = 0.01032234425363625613958554: UNIDENTIFIED <= deg16/1e14
  minpoly [500, -100, 1]  disc {2: 6, 5: 3}
  w = 0.01092185702994944696597193: UNIDENTIFIED <= deg16/1e14
  w = 0.01119989274888296049988151: UNIDENTIFIED <= deg16/1e14
  w = 0.01141729172359223254422904: UNIDENTIFIED <= deg16/1e14
  w = 0.01198081810754977779113176: UNIDENTIFIED <= deg16/1e14
  w = 0.01239767448476437339575441: UNIDENTIFIED <= deg16/1e14
  w = 0.01345452297302558140216654: UNIDENTIFIED <= deg16/1e14
  w = 0.01413438275195122297848956: UNIDENTIFIED <= deg16/1e14
  minpoly [15625, -12500, 2250, -100, 1]  disc {2: 12, 5: 19}
  minpoly [100, -70, 1]  disc {2: 2, 3: 2, 5: 3}
  w = 0.01509986325879813119075568: UNIDENTIFIED <= deg16/1e14
  w = 0.01538872249159100739396094: UNIDENTIFIED <= deg16/1e14
  w = 0.01539077846493740269940567: UNIDENTIFIED <= deg16/1e14
  w = 0.01611316851134854326824942: UNIDENTIFIED <= deg16/1e14
  minpoly [125, -250, 4]  disc {2: 2, 5: 3, 11: 2}
  w = 0.01668242521231399569449413: UNIDENTIFIED <= deg16/1e14
  w = 0.01676269491734236445793674: UNIDENTIFIED <= deg16/1e14
  minpoly [50625, -40500, 4275, -120, 1]  disc {2: 4, 3: 12, 5: 15}
  minpoly [15625, -25000, 2875, -100, 1]  disc {2: 4, 5: 19, 19: 2}
  w = 0.01764419016671116100452724: UNIDENTIFIED <= deg16/1e14
  minpoly [8000, -200, 1]  disc {2: 6, 5: 3}
  w = 0.01842141311715238769805916: UNIDENTIFIED <= deg16/1e14
  minpoly [225, -210, 4]  disc {2: 2, 3: 4, 5: 3}
  w = 0.01946822415543320992718636: UNIDENTIFIED <= deg16/1e14
  w = 0.01966807263038987725937663: UNIDENTIFIED <= deg16/1e14
  w = 0.01987459177992457138073178: UNIDENTIFIED <= deg16/1e14
  w = 0.02059785169431977613712294: UNIDENTIFIED <= deg16/1e14
  minpoly [50625, -40500, 4275, -120, 1]  disc {2: 4, 3: 12, 5: 15}
  w = 0.02127617687206908895393685: UNIDENTIFIED <= deg16/1e14
  w = 0.0219665439034481772715414: UNIDENTIFIED <= deg16/1e14
  w = 0.02205795957607611907824844: UNIDENTIFIED <= deg16/1e14
  w = 0.02209398479656636125372093: UNIDENTIFIED <= deg16/1e14
  w = 0.02247821459200450085788807: UNIDENTIFIED <= deg16/1e14
  minpoly [50625, -47250, 12600, -960, 16]  disc {2: 12, 3: 14, 5: 15}
  minpoly [2025, -2700, 810, -60, 1]  disc {2: 12, 3: 12, 5: 7}
  w = 0.02384984928789692920641353: UNIDENTIFIED <= deg16/1e14
  w = 0.02438668032933277971439968: UNIDENTIFIED <= deg16/1e14
  minpoly [256, -512, 304, -48, 1]  disc {2: 28, 5: 3}
  w = 0.02548847766530306201975407: UNIDENTIFIED <= deg16/1e14
  w = 0.02614203628311953011147197: UNIDENTIFIED <= deg16/1e14
  w = 0.02680048355547324251670287: UNIDENTIFIED <= deg16/1e14
  w = 0.02712693078564268532462765: UNIDENTIFIED <= deg16/1e14
  minpoly [500, -50, 1]  disc {2: 2, 5: 3}
  w = 0.0280949468327759954930786: UNIDENTIFIED <= deg16/1e14
  minpoly [1296, -1512, 504, -48, 1]  disc {2: 12, 3: 14, 5: 3}
  w = 0.02951463073221140811047176: UNIDENTIFIED <= deg16/1e14
  w = 0.02987727388258651206343217: UNIDENTIFIED <= deg16/1e14
  w = 0.02997046284510042501406508: UNIDENTIFIED <= deg16/1e14
  minpoly [20736, -34560, 13680, -1200, 25]  disc {2: 28, 3: 14, 5: 6, 11: 2}
  w = 0.03109551266338997608935458: UNIDENTIFIED <= deg16/1e14
  minpoly [32400, -75600, 30060, -900, 1]  disc {2: 24, 3: 12, 5: 7, 19: 2, 59: 2}
  w = 0.03219029593641761202260661: UNIDENTIFIED <= deg16/1e14
  minpoly [81, -216, 171, -36, 1]  disc {2: 4, 3: 12, 5: 3}
  w = 0.0329205042694127468628645: UNIDENTIFIED <= deg16/1e14
  w = 0.03344427329143721180444907: UNIDENTIFIED <= deg16/1e14
  minpoly [50625, -54000, 12600, -840, 16]  disc {2: 12, 3: 14, 5: 15}
  w = 0.03374989919342485879931255: UNIDENTIFIED <= deg16/1e14
  w = 0.03412766558771423797151517: UNIDENTIFIED <= deg16/1e14
  w = 0.0346678041585378915779166: UNIDENTIFIED <= deg16/1e14
  w = 0.03571420896707852623497993: UNIDENTIFIED <= deg16/1e14
  w = 0.03593054093655107986356145: UNIDENTIFIED <= deg16/1e14
  minpoly [15625, -25000, 2875, -100, 1]  disc {2: 4, 5: 19, 19: 2}
  minpoly [32400, -32400, 8460, -300, 1]  disc {2: 20, 3: 12, 5: 7, 41: 2}
  minpoly [100, -30, 1]  disc {2: 2, 5: 3}
  w = 0.0398681548487884797443731: UNIDENTIFIED <= deg16/1e14
  w = 0.04018757276988376892549815: UNIDENTIFIED <= deg16/1e14
  minpoly [15625, -62500, 47875, -10800, 361]  disc {2: 4, 5: 19, 11: 2, 59: 2, 199: 2}
  w = 0.0405719630055424384761609: UNIDENTIFIED <= deg16/1e14
  w = 0.04152175280638661208635075: UNIDENTIFIED <= deg16/1e14
  minpoly [125, -100, 4]  disc {2: 6, 5: 3}
  w = 0.04367515622061622157854387: UNIDENTIFIED <= deg16/1e14
  w = 0.0442102386587733344293888: UNIDENTIFIED <= deg16/1e14
  w = 0.04489027185281234629934925: UNIDENTIFIED <= deg16/1e14
  minpoly [15625, -12500, 2250, -100, 1]  disc {2: 12, 5: 19}
  minpoly [180, -30, 1]  disc {2: 2, 3: 2, 5: 1}
  w = 0.04687567807702566154992634: UNIDENTIFIED <= deg16/1e14
  w = 0.04771546294522661777862628: UNIDENTIFIED <= deg16/1e14
  w = 0.04799814038917921355997817: UNIDENTIFIED <= deg16/1e14
  w = 0.04918239575917561498375075: UNIDENTIFIED <= deg16/1e14
  w = 0.04998789533343772507550497: UNIDENTIFIED <= deg16/1e14
  minpoly [900, -1020, 49]  disc {2: 8, 3: 3, 5: 3}
  minpoly [225, -90, 4]  disc {2: 2, 3: 2, 5: 3}
  w = 0.05138019762155070258890452: UNIDENTIFIED <= deg16/1e14
  w = 0.05263485105868623271747707: UNIDENTIFIED <= deg16/1e14
  minpoly [50625, -27000, 4275, -180, 1]  disc {2: 4, 3: 12, 5: 15}
  w = 0.05556323632059374846279437: UNIDENTIFIED <= deg16/1e14
  w = 0.05569029302033192721962754: UNIDENTIFIED <= deg16/1e14
  w = 0.05691314983760340468569673: UNIDENTIFIED <= deg16/1e14
  w = 0.05704297090015465656859553: UNIDENTIFIED <= deg16/1e14
  minpoly [576, -120, 5]  disc {2: 6, 3: 2, 5: 1}
  w = 0.05823113455388857254652769: UNIDENTIFIED <= deg16/1e14
  minpoly [25, -70, 4]  disc {2: 2, 3: 2, 5: 3}
  minpoly [20736, -20736, 3312, -144, 1]  disc {2: 28, 3: 14, 5: 2, 7: 2}
  w = 0.05858991167031813752107916: UNIDENTIFIED <= deg16/1e14
  w = 0.05863890416026914263865518: UNIDENTIFIED <= deg16/1e14
  w = 0.0588876945557526741431085: UNIDENTIFIED <= deg16/1e14
  w = 0.05908046474518540231615662: UNIDENTIFIED <= deg16/1e14
  w = 0.05933250897831032295796735: UNIDENTIFIED <= deg16/1e14
  w = 0.0602628669803232167953652: UNIDENTIFIED <= deg16/1e14
  minpoly [50625, -54000, 12600, -840, 16]  disc {2: 12, 3: 14, 5: 15}
  w = 0.06070305536274803167940725: UNIDENTIFIED <= deg16/1e14
  minpoly [36, -18, 1]  disc {2: 2, 3: 2, 5: 1}
  w = 0.06384515797497169659859409: UNIDENTIFIED <= deg16/1e14
  w = 0.06671715625934792017137179: UNIDENTIFIED <= deg16/1e14
  w = 0.06672970084925598277797652: UNIDENTIFIED <= deg16/1e14
  minpoly [160000, -256000, 87600, -10160, 361]  disc {2: 28, 5: 19, 61: 2}
  minpoly [15625, -25000, 2875, -100, 1]  disc {2: 4, 5: 19, 19: 2}
  minpoly [20736, -13824, 2736, -144, 1]  disc {2: 28, 3: 12, 5: 3}
  w = 0.06885362459930978553291065: UNIDENTIFIED <= deg16/1e14
  w = 0.06892826535006403813659839: UNIDENTIFIED <= deg16/1e14
  w = 0.06917640639565647837322644: UNIDENTIFIED <= deg16/1e14
  w = 0.06968044012954536444638073: UNIDENTIFIED <= deg16/1e14
  w = 0.07016457686316157688093591: UNIDENTIFIED <= deg16/1e14
  minpoly [45, -60, 4]  disc {2: 6, 3: 2, 5: 1}
  w = 0.07092309952140668146642039: UNIDENTIFIED <= deg16/1e14
  w = 0.07101922680727843824721986: UNIDENTIFIED <= deg16/1e14
  minpoly [500, -50, 1]  disc {2: 2, 5: 3}
  w = 0.07363523088451023142665561: UNIDENTIFIED <= deg16/1e14
  w = 0.07404244856652084255432951: UNIDENTIFIED <= deg16/1e14
  w = 0.07443652002609980033658531: UNIDENTIFIED <= deg16/1e14
  w = 0.07459062338574870246630783: UNIDENTIFIED <= deg16/1e14
  minpoly [2025, -2700, 810, -60, 1]  disc {2: 12, 3: 12, 5: 7}
  w = 0.07639825038329341881987526: UNIDENTIFIED <= deg16/1e14
  minpoly [15625, -50000, 32875, -6900, 361]  disc {2: 4, 5: 19, 11: 2, 41: 2, 59: 2}
  w = 0.07809108265883091433692944: UNIDENTIFIED <= deg16/1e14
  w = 0.07823330147102140448495096: UNIDENTIFIED <= deg16/1e14
  minpoly [20736, -34560, 13680, -1200, 25]  disc {2: 28, 3: 14, 5: 6, 11: 2}
  minpoly [50625, -40500, 4275, -120, 1]  disc {2: 4, 3: 12, 5: 15}
  w = 0.08092698903013305536176796: UNIDENTIFIED <= deg16/1e14
  w = 0.08140910905035772544899426: UNIDENTIFIED <= deg16/1e14
  w = 0.08177131757499136566646592: UNIDENTIFIED <= deg16/1e14
  minpoly [15625, -25000, 7875, -500, 1]  disc {2: 4, 5: 19, 19: 2, 79: 2}
  w = 0.08325512539724820166186986: UNIDENTIFIED <= deg16/1e14
  w = 0.08497871652662389784992108: UNIDENTIFIED <= deg16/1e14
  minpoly [250000, -600000, 311000, -42000, 1681]  disc {2: 28, 3: 4, 5: 19, 61: 2}
  minpoly [50625, -47250, 12600, -960, 16]  disc {2: 12, 3: 14, 5: 15}
  minpoly [9, -12, 1]  disc {2: 2, 3: 3}
  w = 0.08934738846532603084642277: UNIDENTIFIED <= deg16/1e14
  w = 0.09199866541028564680919284: UNIDENTIFIED <= deg16/1e14
  w = 0.09252353751971884392280006: UNIDENTIFIED <= deg16/1e14
  w = 0.09333004274235381416324927: UNIDENTIFIED <= deg16/1e14
  minpoly [50625, -94500, 49275, -7680, 361]  disc {2: 4, 3: 12, 5: 15, 11: 2, 79: 2}
  w = 0.09595763373294671019591923: UNIDENTIFIED <= deg16/1e14
  w = 0.09754672131733111885759874: UNIDENTIFIED <= deg16/1e14
  minpoly [50625, -40500, 7650, -420, 1]  disc {2: 12, 3: 12, 5: 15}
  w = 0.09972866581785681171514556: UNIDENTIFIED <= deg16/1e14
  minpoly [10, -1]  disc {}
  w = 0.1038316556600213895869772: UNIDENTIFIED <= deg16/1e14
  minpoly [15625, -37500, 27250, -5900, 361]  disc {2: 12, 5: 19, 11: 2, 19: 2}
  w = 0.106234606433265133962258: UNIDENTIFIED <= deg16/1e14
  w = 0.1076413539220705196921409: UNIDENTIFIED <= deg16/1e14
  minpoly [1296, -1512, 504, -48, 1]  disc {2: 12, 3: 14, 5: 3}
  minpoly [125, -50, 4]  disc {2: 2, 5: 3}
  w = 0.1122036185445920265037128: UNIDENTIFIED <= deg16/1e14
  w = 0.1125046217137477015383488: UNIDENTIFIED <= deg16/1e14
  w = 0.1132820422789636448866622: UNIDENTIFIED <= deg16/1e14
  w = 0.1155246303835471365551947: UNIDENTIFIED <= deg16/1e14
  minpoly [20736, -20736, 3312, -144, 1]  disc {2: 28, 3: 14, 5: 2, 7: 2}
  minpoly [15625, -12500, 2875, -200, 1]  disc {2: 4, 5: 19, 19: 2}
  minpoly [180, -30, 1]  disc {2: 2, 3: 2, 5: 1}
  w = 0.1206092243112046403414745: UNIDENTIFIED <= deg16/1e14
  w = 0.1208175413939337237212603: UNIDENTIFIED <= deg16/1e14
  w = 0.1210892722073785113357275: UNIDENTIFIED <= deg16/1e14
  w = 0.1213901131576188654919543: UNIDENTIFIED <= deg16/1e14
  w = 0.1247940850517258677311937: UNIDENTIFIED <= deg16/1e14
  w = 0.1261903482784642103916332: UNIDENTIFIED <= deg16/1e14
  w = 0.1263266631579557166265662: UNIDENTIFIED <= deg16/1e14
  w = 0.127008693237622442195412: UNIDENTIFIED <= deg16/1e14
  w = 0.127134124412494660821562: UNIDENTIFIED <= deg16/1e14
  w = 0.1308198605965938834466239: UNIDENTIFIED <= deg16/1e14
  w = 0.1318765067155870425285711: UNIDENTIFIED <= deg16/1e14
  minpoly [15, -2]  disc {}
  w = 0.1394962806692455375998374: UNIDENTIFIED <= deg16/1e14
  w = 0.1405986474567509499331249: UNIDENTIFIED <= deg16/1e14
  w = 0.1416120901210446830133017: UNIDENTIFIED <= deg16/1e14
  w = 0.1422705373933983954185326: UNIDENTIFIED <= deg16/1e14
  minpoly [15625, -50000, 22875, -2300, 1]  disc {2: 4, 3: 12, 5: 19, 61: 2}
  minpoly [50625, -40500, 7650, -420, 1]  disc {2: 12, 3: 12, 5: 15}
  w = 0.1450692718879569278174827: UNIDENTIFIED <= deg16/1e14
  w = 0.145799079970670024333478: UNIDENTIFIED <= deg16/1e14
  w = 0.1505994465673989418519213: UNIDENTIFIED <= deg16/1e14
  minpoly [576, -120, 5]  disc {2: 6, 3: 2, 5: 1}
  w = 0.15193442239661070773389: UNIDENTIFIED <= deg16/1e14
  w = 0.1523939343969968935817261: UNIDENTIFIED <= deg16/1e14
  minpoly [25, -30, 4]  disc {2: 2, 5: 3}
  w = 0.1530001697013809353737534: UNIDENTIFIED <= deg16/1e14
  w = 0.1543670149210117545022486: UNIDENTIFIED <= deg16/1e14
  w = 0.154796100150025983567612: UNIDENTIFIED <= deg16/1e14
  w = 0.156904330844947279139454: UNIDENTIFIED <= deg16/1e14
  w = 0.1577702340139999222823412: UNIDENTIFIED <= deg16/1e14
  w = 0.1585758895209346025479335: UNIDENTIFIED <= deg16/1e14
  w = 0.1599351481769182220141478: UNIDENTIFIED <= deg16/1e14
  minpoly [6, -1]  disc {}
  w = 0.1671487935955823100813826: UNIDENTIFIED <= deg16/1e14
  w = 0.1684370669026865994523018: UNIDENTIFIED <= deg16/1e14
  w = 0.1688278812337872245056887: UNIDENTIFIED <= deg16/1e14
  minpoly [125, -400, 64]  disc {2: 10, 5: 3}
  w = 0.1689712719733981539355205: UNIDENTIFIED <= deg16/1e14
  minpoly [64, -40, 5]  disc {2: 6, 5: 1}
  w = 0.1750626591820902796203495: UNIDENTIFIED <= deg16/1e14
  minpoly [15625, -12500, 2250, -100, 1]  disc {2: 12, 5: 19}
  w = 0.1763343609720605026737757: UNIDENTIFIED <= deg16/1e14
  w = 0.1766449173944481990577099: UNIDENTIFIED <= deg16/1e14
  w = 0.1778502097827685505847483: UNIDENTIFIED <= deg16/1e14
  w = 0.1780883687745881500131351: UNIDENTIFIED <= deg16/1e14
  w = 0.1791041675307567572595645: UNIDENTIFIED <= deg16/1e14
  w = 0.1811061831634042667269034: UNIDENTIFIED <= deg16/1e14
  minpoly [45, -30, 4]  disc {2: 2, 3: 2, 5: 1}
  w = 0.1872846384488268685493958: UNIDENTIFIED <= deg16/1e14
  minpoly [500, -100, 1]  disc {2: 6, 5: 3}
  w = 0.1899778781596901020820478: UNIDENTIFIED <= deg16/1e14
  w = 0.190431240891496950752825: UNIDENTIFIED <= deg16/1e14
  w = 0.1922859695824710700948831: UNIDENTIFIED <= deg16/1e14
  w = 0.1934599094326852725941853: UNIDENTIFIED <= deg16/1e14
  minpoly [2025, -2700, 1035, -120, 1]  disc {2: 4, 3: 12, 5: 7, 19: 2}
  w = 0.2008519821034313529842753: UNIDENTIFIED <= deg16/1e14
  minpoly [50625, -54000, 12600, -840, 16]  disc {2: 12, 3: 14, 5: 15}
  w = 0.2016287871343259010636996: UNIDENTIFIED <= deg16/1e14
  minpoly [225, -360, 64]  disc {2: 6, 3: 2, 5: 3}
  w = 0.2038738901581034378046574: UNIDENTIFIED <= deg16/1e14
  w = 0.2048174423032511837482525: UNIDENTIFIED <= deg16/1e14
  minpoly [256, -512, 304, -48, 1]  disc {2: 28, 5: 3}
  minpoly [8000, -3400, 361]  disc {2: 6, 5: 3}
  minpoly [50625, -27000, 4275, -180, 1]  disc {2: 4, 3: 12, 5: 15}
  w = 0.2131318144876832002576282: UNIDENTIFIED <= deg16/1e14
  w = 0.2154673095801178709736888: UNIDENTIFIED <= deg16/1e14
  minpoly [15625, -12500, 2875, -200, 1]  disc {2: 4, 5: 19, 19: 2}
  w = 0.2160042548761014160767544: UNIDENTIFIED <= deg16/1e14
  minpoly [8000, -3400, 361]  disc {2: 6, 5: 3}
  w = 0.2189276038673737054210221: UNIDENTIFIED <= deg16/1e14
  w = 0.2207566452137917753563864: UNIDENTIFIED <= deg16/1e14
  w = 0.2265960562215778503265321: UNIDENTIFIED <= deg16/1e14
  minpoly [36, -30, 5]  disc {2: 2, 3: 2, 5: 1}
  w = 0.2309939515705540066799767: UNIDENTIFIED <= deg16/1e14
  w = 0.2352181427042803959168577: UNIDENTIFIED <= deg16/1e14
  w = 0.2388161420139510963465897: UNIDENTIFIED <= deg16/1e14
  w = 0.2432277966377926277648996: UNIDENTIFIED <= deg16/1e14
  w = 0.2443412240709627308360274: UNIDENTIFIED <= deg16/1e14
  w = 0.2530417557449114288129708: UNIDENTIFIED <= deg16/1e14
  minpoly [9, -18, 4]  disc {2: 2, 3: 2, 5: 1}
  w = 0.2553806318998867863943764: UNIDENTIFIED <= deg16/1e14
  w = 0.2563638406182920331675502: UNIDENTIFIED <= deg16/1e14
  w = 0.2588876945557526741431085: UNIDENTIFIED <= deg16/1e14
  minpoly [50625, -27000, 4275, -180, 1]  disc {2: 4, 3: 12, 5: 15}
  w = 0.2611178523909963434573502: UNIDENTIFIED <= deg16/1e14
  minpoly [100, -30, 1]  disc {2: 2, 5: 3}
  minpoly [20736, -13824, 2736, -144, 1]  disc {2: 28, 3: 12, 5: 3}
  w = 0.2653030138746789900960447: UNIDENTIFIED <= deg16/1e14
  w = 0.2675354558206916149479101: UNIDENTIFIED <= deg16/1e14
  w = 0.2691592996329899611796906: UNIDENTIFIED <= deg16/1e14
  w = 0.2717648711047160045169222: UNIDENTIFIED <= deg16/1e14
  minpoly [81, -216, 171, -36, 1]  disc {2: 4, 3: 12, 5: 3}
  w = 0.2754497215408626219899274: UNIDENTIFIED <= deg16/1e14
  minpoly [15625, -50000, 32875, -6900, 361]  disc {2: 4, 5: 19, 11: 2, 41: 2, 59: 2}
  w = 0.2807420017976836378890115: UNIDENTIFIED <= deg16/1e14
  w = 0.2818087231630374206467753: UNIDENTIFIED <= deg16/1e14
  minpoly [125, -50, 4]  disc {2: 2, 5: 3}
  minpoly [2025, -2700, 810, -60, 1]  disc {2: 12, 3: 12, 5: 7}
  w = 0.2945409235380409257066224: UNIDENTIFIED <= deg16/1e14
  w = 0.2965762370013294196287332: UNIDENTIFIED <= deg16/1e14
  w = 0.2982649213714201841779468: UNIDENTIFIED <= deg16/1e14
  minpoly [1296, -1944, 936, -144, 1]  disc {2: 12, 3: 14, 5: 3}
  w = 0.3007943555411522613758045: UNIDENTIFIED <= deg16/1e14
  w = 0.3031932653446744335105638: UNIDENTIFIED <= deg16/1e14
  w = 0.3054527834186809519709118: UNIDENTIFIED <= deg16/1e14
  w = 0.3122214927239380947941923: UNIDENTIFIED <= deg16/1e14
  w = 0.3123643306353236573477178: UNIDENTIFIED <= deg16/1e14
  w = 0.3126487035666791744493113: UNIDENTIFIED <= deg16/1e14
  w = 0.31575904860349387359422: UNIDENTIFIED <= deg16/1e14
  w = 0.3161229057719811744522322: UNIDENTIFIED <= deg16/1e14
  w = 0.3210051952838534119740365: UNIDENTIFIED <= deg16/1e14
  minpoly [20736, -13824, 2736, -144, 1]  disc {2: 28, 3: 12, 5: 3}
  w = 0.325636436201430901795977: UNIDENTIFIED <= deg16/1e14
  w = 0.3295735232014668096034109: UNIDENTIFIED <= deg16/1e14
  w = 0.3308198605965938834466239: UNIDENTIFIED <= deg16/1e14
  w = 0.3336860460374768148818455: UNIDENTIFIED <= deg16/1e14
  minpoly [225, -90, 4]  disc {2: 2, 3: 2, 5: 3}
  w = 0.3498050626625740490122608: UNIDENTIFIED <= deg16/1e14
  minpoly [2025, -2700, 1035, -120, 1]  disc {2: 4, 3: 12, 5: 7, 19: 2}
  w = 0.36019732968901605555535: UNIDENTIFIED <= deg16/1e14
  w = 0.3613053816130223824758597: UNIDENTIFIED <= deg16/1e14
  minpoly [50625, -94500, 61650, -16980, 1681]  disc {2: 12, 3: 12, 5: 15}
  minpoly [1296, -1512, 504, -48, 1]  disc {2: 12, 3: 14, 5: 3}
  w = 0.3696134515647109382861649: UNIDENTIFIED <= deg16/1e14
  w = 0.3724691024936298690729894: UNIDENTIFIED <= deg16/1e14
  w = 0.3740040518285114242409655: UNIDENTIFIED <= deg16/1e14
  w = 0.3747933897312065579709046: UNIDENTIFIED <= deg16/1e14
  w = 0.3797962845258708645278017: UNIDENTIFIED <= deg16/1e14
  w = 0.3817069468916781457808065: UNIDENTIFIED <= deg16/1e14
  w = 0.3838305349317868407836769: UNIDENTIFIED <= deg16/1e14
  w = 0.3879759044147147070684035: UNIDENTIFIED <= deg16/1e14
  w = 0.3899673458398195049862203: UNIDENTIFIED <= deg16/1e14
  w = 0.3914879527432502864199412: UNIDENTIFIED <= deg16/1e14
  w = 0.3936642088494547521301074: UNIDENTIFIED <= deg16/1e14
  w = 0.3988024214375292034650248: UNIDENTIFIED <= deg16/1e14
  minpoly [5, -2]  disc {}
  w = 0.4007316987317515329643233: UNIDENTIFIED <= deg16/1e14
  w = 0.4038403115399767872764582: UNIDENTIFIED <= deg16/1e14
  minpoly [500, -500, 121]  disc {2: 6, 5: 3}
  w = 0.4105589626883024195892589: UNIDENTIFIED <= deg16/1e14
  w = 0.4208497257476618545539007: UNIDENTIFIED <= deg16/1e14
  w = 0.4240816844748407076577095: UNIDENTIFIED <= deg16/1e14
  w = 0.4297972806932245912349841: UNIDENTIFIED <= deg16/1e14
  minpoly [36, -18, 1]  disc {2: 2, 3: 2, 5: 1}
  w = 0.4377731327557358498558424: UNIDENTIFIED <= deg16/1e14
  w = 0.4383213062660545983157608: UNIDENTIFIED <= deg16/1e14
  w = 0.4402382272373516751741316: UNIDENTIFIED <= deg16/1e14
  minpoly [125, -200, 64]  disc {2: 6, 5: 3}
  w = 0.4466951422635655636901273: UNIDENTIFIED <= deg16/1e14
  w = 0.4476620616946287972043682: UNIDENTIFIED <= deg16/1e14
  w = 0.4488144741783681060148512: UNIDENTIFIED <= deg16/1e14
  w = 0.4494041151547075786261329: UNIDENTIFIED <= deg16/1e14
  minpoly [64, -40, 5]  disc {2: 6, 5: 1}
  w = 0.459572880770399574292675: UNIDENTIFIED <= deg16/1e14
  w = 0.4645362675303024296425382: UNIDENTIFIED <= deg16/1e14
  w = 0.4651110092382780074568346: UNIDENTIFIED <= deg16/1e14
  w = 0.4732424208165932355765887: UNIDENTIFIED <= deg16/1e14
  w = 0.4775968417010603061003566: UNIDENTIFIED <= deg16/1e14
  w = 0.4819023008897732381962385: UNIDENTIFIED <= deg16/1e14
  minpoly [45, -30, 4]  disc {2: 2, 3: 2, 5: 1}
  w = 0.4826138498691940034705371: UNIDENTIFIED <= deg16/1e14
  w = 0.486715413516016234715123: UNIDENTIFIED <= deg16/1e14
  w = 0.4891625010510797606658771: UNIDENTIFIED <= deg16/1e14
  minpoly [500, -250, 1]  disc {2: 2, 5: 3, 11: 2}
  w = 0.4995890128305392956110065: UNIDENTIFIED <= deg16/1e14
  minpoly [2, -1]  disc {}
  w = 0.5090665111457971197486143: UNIDENTIFIED <= deg16/1e14
  w = 0.5161135524328418210166651: UNIDENTIFIED <= deg16/1e14
  w = 0.5192254417086941257528343: UNIDENTIFIED <= deg16/1e14
  minpoly [225, -120, 1]  disc {2: 2, 3: 3, 5: 3}
  w = 0.5275060268623481701142845: UNIDENTIFIED <= deg16/1e14
  w = 0.5306813033442621704064242: UNIDENTIFIED <= deg16/1e14
  w = 0.5319147833847307691436215: UNIDENTIFIED <= deg16/1e14
  minpoly [15, -8]  disc {}
  w = 0.5337487738525774737052268: UNIDENTIFIED <= deg16/1e14
  w = 0.5412753407400826146409759: UNIDENTIFIED <= deg16/1e14
  w = 0.5444822811710185921535789: UNIDENTIFIED <= deg16/1e14
  w = 0.5452769361019521196571701: UNIDENTIFIED <= deg16/1e14
  w = 0.5526260923716871409766193: UNIDENTIFIED <= deg16/1e14
  w = 0.5542501009783362065986309: UNIDENTIFIED <= deg16/1e14
  minpoly [1296, -1944, 936, -144, 1]  disc {2: 12, 3: 14, 5: 3}
  w = 0.5579863344126918753238903: UNIDENTIFIED <= deg16/1e14
  w = 0.5647191031942262954978089: UNIDENTIFIED <= deg16/1e14
  w = 0.5708180690756764723339997: UNIDENTIFIED <= deg16/1e14
  w = 0.5710954176673165758036964: UNIDENTIFIED <= deg16/1e14
  w = 0.583196319882680097333912: UNIDENTIFIED <= deg16/1e14
  minpoly [500, -500, 121]  disc {2: 6, 5: 3}
  w = 0.5993998919499107254325025: UNIDENTIFIED <= deg16/1e14
  minpoly [36, -30, 5]  disc {2: 2, 3: 2, 5: 1}
  w = 0.6094404627442220894259923: UNIDENTIFIED <= deg16/1e14
  w = 0.6378484858808669651673759: UNIDENTIFIED <= deg16/1e14
  w = 0.6406378413500313703719127: UNIDENTIFIED <= deg16/1e14
  w = 0.6416216496167227150503624: UNIDENTIFIED <= deg16/1e14
  w = 0.6584694453336959011322072: UNIDENTIFIED <= deg16/1e14
  w = 0.6591362663749080576645731: UNIDENTIFIED <= deg16/1e14
  minpoly [1296, -1512, 504, -48, 1]  disc {2: 12, 3: 14, 5: 3}
  minpoly [3, -2]  disc {}
  w = 0.6682189879734694023428629: UNIDENTIFIED <= deg16/1e14
  w = 0.6810576364843566828808229: UNIDENTIFIED <= deg16/1e14
  w = 0.6835336490989202180565055: UNIDENTIFIED <= deg16/1e14
  w = 0.6836154126290064246373181: UNIDENTIFIED <= deg16/1e14
  minpoly [100, -70, 1]  disc {2: 2, 3: 2, 5: 3}
  minpoly [4, -10, 5]  disc {2: 2, 5: 1}
  w = 0.6937622490130252690287641: UNIDENTIFIED <= deg16/1e14
  w = 0.7078052542625733193934938: UNIDENTIFIED <= deg16/1e14
  w = 0.7114896695003806836772739: UNIDENTIFIED <= deg16/1e14
  w = 0.7297030424408075607289831: UNIDENTIFIED <= deg16/1e14
  w = 0.7349921027760198444876424: UNIDENTIFIED <= deg16/1e14
  minpoly [45, -120, 64]  disc {2: 6, 3: 2, 5: 1}
  w = 0.7515157524544841764824035: UNIDENTIFIED <= deg16/1e14
  w = 0.7572795240797555369665806: UNIDENTIFIED <= deg16/1e14
  minpoly [125, -100, 4]  disc {2: 6, 5: 3}
  minpoly [2025, -2700, 1035, -120, 1]  disc {2: 4, 3: 12, 5: 7, 19: 2}
  w = 0.7711181489003750755815185: UNIDENTIFIED <= deg16/1e14
  minpoly [256, -512, 304, -48, 1]  disc {2: 28, 5: 3}
  w = 0.8094404627442220894259923: UNIDENTIFIED <= deg16/1e14
  w = 0.8142196551630678399408313: UNIDENTIFIED <= deg16/1e14
  w = 0.8156748309840633303159684: UNIDENTIFIED <= deg16/1e14
  w = 0.8209167676450028732652976: UNIDENTIFIED <= deg16/1e14
  minpoly [180, -150, 1]  disc {2: 2, 3: 2, 5: 1, 11: 2}
  w = 0.8525272579507328010305127: UNIDENTIFIED <= deg16/1e14
  w = 0.871217228124268265125239: UNIDENTIFIED <= deg16/1e14
  w = 0.8721817254686304188739418: UNIDENTIFIED <= deg16/1e14
  w = 0.8839555595679064096128713: UNIDENTIFIED <= deg16/1e14
  w = 0.8888794168476818948701533: UNIDENTIFIED <= deg16/1e14
  minpoly [10, -9]  disc {}
  w = 0.906201814020876395549461: UNIDENTIFIED <= deg16/1e14
  minpoly [225, -210, 4]  disc {2: 2, 3: 4, 5: 3}
  w = 0.9158015434874056502474235: UNIDENTIFIED <= deg16/1e14
  minpoly [9, -30, 20]  disc {2: 2, 3: 2, 5: 1}
  minpoly [2025, -2700, 810, -60, 1]  disc {2: 12, 3: 12, 5: 7}
  w = 0.960788717297996231408851: UNIDENTIFIED <= deg16/1e14
  w = 0.9725193120919175925544252: UNIDENTIFIED <= deg16/1e14
  minpoly [256, -512, 304, -48, 1]  disc {2: 28, 5: 3}
  w = 0.9761943686926795010346149: UNIDENTIFIED <= deg16/1e14
  w = 0.9791553196172201677829768: UNIDENTIFIED <= deg16/1e14
  w = 0.9852348321584100470907313: UNIDENTIFIED <= deg16/1e14
  w = 0.9883259009442052651387262: UNIDENTIFIED <= deg16/1e14
  w = 0.9900489485953148313283005: UNIDENTIFIED <= deg16/1e14
  w = 0.9993217607043644130089414: UNIDENTIFIED <= deg16/1e14
  minpoly [15625, -37500, 27875, -6000, 1]  disc {2: 4, 3: 4, 5: 19, 61: 2}
  w = 1.020947765911232371452557: UNIDENTIFIED <= deg16/1e14
  minpoly [25, -30, 4]  disc {2: 2, 5: 3}
  minpoly [81, -216, 171, -36, 1]  disc {2: 4, 3: 12, 5: 3}
  minpoly [900, -1020, 49]  disc {2: 8, 3: 3, 5: 3}
  w = 1.104467037095682850659144: UNIDENTIFIED <= deg16/1e14
  w = 1.108965998650006133941013: UNIDENTIFIED <= deg16/1e14
  w = 1.125223889127140947734785: UNIDENTIFIED <= deg16/1e14
  w = 1.131727743407308476301714: UNIDENTIFIED <= deg16/1e14
  w = 1.152558642054386407302623: UNIDENTIFIED <= deg16/1e14
  minpoly [125, -200, 64]  disc {2: 6, 5: 3}
  w = 1.175011548041879737908076: UNIDENTIFIED <= deg16/1e14
  w = 1.180364979955782337238105: UNIDENTIFIED <= deg16/1e14
  w = 1.194726292532478991629748: UNIDENTIFIED <= deg16/1e14
  w = 1.203177422164609045503218: UNIDENTIFIED <= deg16/1e14
  w = 1.236730275487678695943847: UNIDENTIFIED <= deg16/1e14
  minpoly [9, -12, 1]  disc {2: 2, 3: 3}
  minpoly [45, -60, 4]  disc {2: 6, 3: 2, 5: 1}
  w = 1.283216516154896594793208: UNIDENTIFIED <= deg16/1e14
  minpoly [500, -650, 1]  disc {2: 2, 5: 3, 29: 2}
  minpoly [81, -216, 171, -36, 1]  disc {2: 4, 3: 12, 5: 3}
  w = 1.318595824159512158770501: UNIDENTIFIED <= deg16/1e14
  w = 1.381028707596042558789748: UNIDENTIFIED <= deg16/1e14
  minpoly [225, -360, 64]  disc {2: 6, 3: 2, 5: 3}
  w = 1.47845380625884375314466: UNIDENTIFIED <= deg16/1e14
  w = 1.518293779437367795601075: UNIDENTIFIED <= deg16/1e14
  w = 1.526827787566712583123226: UNIDENTIFIED <= deg16/1e14
  w = 1.643230536015349140250939: UNIDENTIFIED <= deg16/1e14
  w = 1.73887866913267468042161: UNIDENTIFIED <= deg16/1e14
  minpoly [9, -18, 4]  disc {2: 2, 3: 2, 5: 1}
  minpoly [4, -10, 5]  disc {2: 2, 5: 1}
  w = 1.836331476939084146599516: UNIDENTIFIED <= deg16/1e14
  minpoly [45, -120, 64]  disc {2: 6, 3: 2, 5: 1}
  minpoly [125, -250, 4]  disc {2: 2, 5: 3, 11: 2}
  w = 2.357000670226905929127948: UNIDENTIFIED <= deg16/1e14
  w = 2.39759956779964290173001: UNIDENTIFIED <= deg16/1e14
  minpoly [9, -30, 20]  disc {2: 2, 3: 2, 5: 1}
  w = 2.630813624182628413631628: UNIDENTIFIED <= deg16/1e14
  w = 2.672875951893877609371452: UNIDENTIFIED <= deg16/1e14
  minpoly [25, -70, 4]  disc {2: 2, 3: 2, 5: 3}
  minpoly [125, -400, 64]  disc {2: 10, 5: 3}
  w = 3.076220169947271107709378: UNIDENTIFIED <= deg16/1e14

P-Q1-c: sqrt5 import flag = True; other sqrt-p (p>=7, would REFUTE typing): none

even control: ord(B_even) = 60; tr_odd = (7.74553640351425e-51 + 1.19273884423249e-50j); tr_even = (1.0 - 9.72611237403698e-51j)

P-Q1-a check: Z8 = tr_odd + tr_even vs sealed +1 = (1.0 + 2.20127606828793e-51j)
