N1       xB012's V3/V4, RE-DERIVED FROM SCRATCH
         torsion orders in PSL(2,O_d), argued rather than sampled:
           an elliptic element of finite order has REAL trace in (-2,2);
           O_d intersect R = Z for every d; so the trace lies in {-1,0,1};
           trace 0 -> order 2 in PSL, trace +-1 -> order 3 in PSL.
           witness trace 0 : M^2 = -I -> order 2 in PSL : True
           witness trace -1: M^3 = +I -> order 3 in PSL : True
         O_3/(sqrt(-3)) = F_3 via a+b*omega -> a+b (mod 3):
           ring-map failures over 13^4 = 28561 pairs, + and * : 0
         |SL(2,F_3)| = 24   subgroup generated by the two elementary
           matrices = 24   -> surjective: True
         order spectrum of SL(2,F_3): {1: 1, 2: 1, 3: 8, 4: 6, 6: 8}
           2T = binary tetrahedral has order 24 with spectrum {1:1, 2:1, 3:8, 4:6, 6:8} -> match: True
N1 PASS  xB012's V3/V4 reproduce: torsion {2,3}, the ring map exact,
         and SL(2,O_3) onto SL(2,F_3) = 2T, order 24.

N2       THE TORSION BASE RATE -- is {2,3} specific to d = 3?
         The argument is uniform in d and needs no sampling:
           a finite-order element of PSL(2,O_d) is elliptic, so its trace is REAL
           and lies in (-2,2); and O_d intersect R = Z for EVERY d, because O_d is
           Z + Z*tau with tau non-real.  So trace in {-1,0,1} and the order is 2 or 3.
         fields checked (squarefree d <= 60): 37
         tau has non-zero imaginary part in every one -> O_d cap R = Z: True
         and both torsion orders are ACTUALLY PRESENT for every d, because
           [[0,-1],[1,0]] (trace 0) and [[0,-1],[1,-1]] (trace -1) have INTEGER
           entries and so lie in SL(2,Z) subset SL(2,O_d) for EVERY d.
           both witnesses verified, and integral: True
N2 PASS  THE TORSION IS GENERIC.  Orders {2,3} occur in EVERY
         Bianchi group and NO OTHER ORDER occurs in ANY of them.  The orbifold's
         Z/2 and Z/3 therefore carry ZERO bits distinguishing d = 3.
         HALF OF PATH B's PREMISE DISSOLVES HERE, exactly as the seal predicted:
         the torsion is not the object's, it is every Bianchi group's.

N3       THE REDUCTION BASE RATE (BLIND) -- which fields reach a McKay group?
         which SL(2,F_p) IS a binary polyhedral (McKay) group?  Computed, not assumed:
           SL(2,F_2 ) order    6   binary polyhedral: no
           SL(2,F_3 ) order   24   binary polyhedral: 2T (binary tetrahedral, E6)
           SL(2,F_5 ) order  120   binary polyhedral: 2I (binary icosahedral, E8)
           SL(2,F_7 ) order  336   binary polyhedral: no
           SL(2,F_11) order 1320   binary polyhedral: no
           SL(2,F_13) order 2184   binary polyhedral: no
         -> only p in [3, 5] give McKay groups: {3: '2T (binary tetrahedral, E6)', 5: '2I (binary icosahedral, E8)'}

         imaginary quadratic fields with squarefree d <= 200: 122
         reaching 2T  (3 ramifies): 30 = 24.6%  e.g. d = [3, 6, 15, 21, 30, 33, 39, 42, 51, 57]
         reaching 2I  (5 ramifies): 21 = 17.2%  e.g. d = [5, 10, 15, 30, 35, 55, 65, 70, 85, 95]
         reaching BOTH 2T and 2I: 5  e.g. d = [15, 30, 105, 165, 195]

         THE BASE RATE IS THE ANSWER TO xB012's OWED QUESTION, AND IT IS NOT SMALL:
         24.6% -- about one field in four -- reaches 2T by ramified
         reduction.  (A FIRST DRAFT OF THIS LINE SAID 'one in three'.  That
         OVERSTATED THIS CELL'S OWN MEASURED NUMBER and is corrected here.)  The
         Q(sqrt-3) -> 2T -> McKay -> E6 spine is therefore NOT specific to d = 3 as a
         MECHANISM -- the mechanism is generic.  What d = 3 has is tested in N4.
N3 PASS  computed, not assumed: exactly SL(2,F_3) = 2T and
         SL(2,F_5) = 2I are McKay groups among the prime fields; and 24.6% of
         imaginary quadratic fields reach 2T.

         AN OBSERVATION THIS CELL DID NOT EXPECT, RECORDED AND NOT SPENT:
           the fields reaching BOTH McKay groups are d = [15, 30, 105, 165, 195], and the
           smallest is d = 15 -- Q(sqrt-15), whose ramified primes are exactly
           {3, 5}, giving 2T (the E6 end) and 2I (the E8 end).  B336 reached the
           SAME field from a completely different direction, calling it the
           'abstract compositum / class-field of the two ends' and showing the
           object cannot reach it geometrically.  TWO INDEPENDENT ROUTES TO ONE
           FIELD.  This is a CORROBORATION OF B336's PICTURE, not a new
           identification: no claim is made that the two 2T's or the two 2I's are
           the same group (that is the I-10/E82 family, priced at 0.58 bits by
           xB005), and B336's own conclusion -- that the routes to sqrt(-15) are
           provably closed -- is UNTOUCHED.

N4       IS d = 3 DISTINGUISHED AT ALL?
         fields whose ONLY ramified prime is 3: [(3, -3)]
         the five smallest |D|: [(3, 3), (4, 1), (7, 7), (8, 2), (11, 11)]
         smallest |D| overall: |D| = 3 at d = 3
N4 PASS  d = 3 IS distinguished, and in exactly one way: it is the
         UNIQUE imaginary quadratic field ramified ONLY at 3, and it attains the
         SMALLEST |D| of any imaginary quadratic field.
         AND THE SEAL REQUIRED THIS SENTENCE: those are the same fact.  |D| = 3 is
         minimal BECAUSE 3 is the only ramified prime and 3 is the smallest odd
         prime.  SO THE DISTINCTION IS MINIMALITY -- WHICH IS AXIOM A6 RESTATED,
         NOT AN INDEPENDENT SELECTOR.  The arithmetic did not pick d = 3; the
         minimality axiom did, and the arithmetic followed.

N5       THE DECK FRAME -- and the cell that can kill the path
         the Riley pair A = [[1,1],[0,1]], B = [[1,0],[x,1]] has tr[A,B] = x**2 + 2
         xB013 X1's BANKED kappa = 3/2 - sqrt(3)*I/2; kappa - 2 = omega^2: True
         so x^2 = omega^2, i.e. x = +-omega: True
         THE REPRESENTATION IS PINNED AGAINST A BANKED VALUE, not assumed.

         (a) IS Gamma THE PRINCIPAL CONGRUENCE SUBGROUP AT LEVEL (sqrt(-3))?
           image of Gamma in SL(2,F_3): order 24 of 24
           image in PSL(2,F_3): order 12 of 12  -> INDEX 1
           Gamma SURJECTS onto PSL(2,F_3): True
           THE DERIVATION THE SEAL DISCLOSED IN ADVANCE, now verified directly:
           (3) = (sqrt(-3))^2, so reduction mod (sqrt(-3)) FACTORS THROUGH reduction
           mod (3), and B734's table gives index 1 at level (3) -- so index 1 here too.
           => Gamma is NOT the principal congruence subgroup at level (sqrt(-3)).

         (b) IS Gamma EVEN NORMAL IN PSL(2,O_3)?  (the blind cell)
           [PSL(2,O_3) : Gamma] from covolume = 12.000000  (B734's 12: True)
           |Isom(m004)| = 8
           |Isom+(m004)| = 4  (m004 is amphichiral, so half of the full group)
           A REGULAR cover has deck group of order = the index, ACTING FREELY BY
           ISOMETRIES; PSL(2,O_3) is orientation-PRESERVING, so the deck group
           embeds in Isom+(m004) and the index must DIVIDE |Isom+|.
           12 divides 4: False   (and 12 > 8 = the FULL isometry
           group too, so the conclusion does not depend on the orientation
           bookkeeping -- it holds either way)
         => Gamma is NOT normal; m004 -> H^3/PSL(2,O_3) is an IRREGULAR cover
            with NO DECK GROUP AT ALL.

         THE COINCIDENCE, PUT THROUGH B757's STANDARD:
           [PSL(2,O_3) : Gamma] = 12 = |PSL(2,F_3)|.  But Gamma SURJECTS onto
           PSL(2,F_3) rather than being its kernel, so the two 12s are not the same
           12.  By B757's rule -- a coincidence that dissolves under the structure
           carries ZERO bits -- THIS EQUALITY IS WORTH NOTHING, and this arc does
           not spend it.
N5 PASS  (a) NO, as derived and disclosed in advance; (b) NOT NORMAL,
         which the seal named as the kill: PATH B's FRAMING IS REFUTED.  There is no
         deck group for m004 over the orbifold, so 'the orbifold's torsion as
         covering/deck data' is the wrong frame FOR THIS OBJECT.

N6       THE VERDICT ON PATH B
         WHAT DISSOLVES:
           - the TORSION half of the premise (N2): orders {2,3} occur in EVERY
             Bianchi group and no other order occurs in any; zero distinguishing bits.
           - the DECK half of the premise (N5b): Gamma is not normal, the cover is
             IRREGULAR, and there is no deck group to read torsion as.
           - the 12 = |PSL(2,F_3)| coincidence (N5a + B757): Gamma SURJECTS mod
             (sqrt(-3)) instead of being the kernel.  Worth zero bits.
         WHAT SURVIVES, AND IT IS xB012's, NOT THIS ARC'S:
           - SL(2,O_3) -> SL(2,F_3) = 2T is onto (N1).  True, and now MEASURED:
             24.6% of imaginary quadratic fields reach 2T the same
             way (N3), so the MECHANISM is generic and the spine is not d = 3's
             property.
           - d = 3 IS the unique field ramified only at 3, and has the smallest |D|
             (N4) -- but those are ONE fact, and it is MINIMALITY, i.e. AXIOM A6
             RESTATED rather than an independent arithmetic selector.
         PATH B RETURNS A PAID DEBT AND A REFUTED FRAME, NOT A MECHANISM.
         That is what the seal predicted, and it is the honest payment of a debt
         xB012 booked against itself.

==============================================================================
  N1: PASS
  N2: PASS
  N3: PASS
  N4: PASS
  N5: PASS
  N6: PASS
VERIFIED
