  2.0   cyclic    amph=True  H1=Z/5 + Z            sectors=  0  (I, order, protected) set = []
  3.0   cyclic    amph=True  H1=Z/4 + Z/4 + Z      sectors=  2  (I, order, protected) set = [(0, 4, True)]
  4.0   cyclic    amph=True  H1=Z/3 + Z/15 + Z     sectors=  1  (I, order, protected) set = [(0, 3, False)]
  5.0   cyclic    amph=True  H1=Z/11 + Z/11 + Z    sectors=  5  (I, order, protected) set = [(0, 11, True)]
  6.1   cyclic    amph=True  H1=Z/8 + Z/40 + Z     sectors=  3  (I, order, protected) set = [(0, 4, True), (0, 8, True)]
  6.4   irregular amph=False H1=Z/12 + Z           sectors=  0  (I, order, protected) set = []
  6.9   irregular amph=False H1=Z/12 + Z           sectors=  0  (I, order, protected) set = []
  7.0   irregular amph=False H1=Z/14 + Z           sectors=  0  (I, order, protected) set = []
  7.1   irregular amph=False H1=Z/14 + Z           sectors=  0  (I, order, protected) set = []
  7.2   cyclic    amph=True  H1=Z/29 + Z/29 + Z    sectors= 14  (I, order, protected) set = [(0, 29, True)]
  7.4   irregular amph=False H1=Z/14 + Z           sectors=  0  (I, order, protected) set = []
  7.6   irregular amph=False H1=Z/14 + Z           sectors=  0  (I, order, protected) set = []
  8.0   irregular amph=False H1=Z/30 + Z           sectors=  1  (I, order, protected) set = [(0, 3, False)]
  8.1   cyclic    amph=True  H1=Z/21 + Z/105 + Z   sectors= 10  (I, order, protected) set = [(0, 3, False), (0, 7, True), (0, 21, False)]
  8.2   irregular amph=False H1=Z/30 + Z           sectors=  1  (I, order, protected) set = [(0, 3, False)]
  9.0   cyclic    amph=True  H1=Z/76 + Z/76 + Z    sectors= 74  (I, order, protected) set = [(0, 4, True), (0, 19, True), (0, 38, True), (0, 76, True)]
  9.6   irregular amph=False H1=Z/21 + Z           sectors=  0  (I, order, protected) set = []
  9.10  irregular amph=False H1=Z/21 + Z           sectors=  0  (I, order, protected) set = []
  10.2   cyclic    amph=True  H1=Z/55 + Z/275 + Z   sectors= 27  (I, order, protected) set = [(0, 5, True), (0, 11, True), (0, 55, True)]
  10.36  irregular amph=False H1=Z/5 + Z/5 + Z      sectors=  2  (I, order, protected) set = [(0, 5, True)]
  10.37  irregular amph=False H1=Z/5 + Z/5 + Z      sectors=  2  (I, order, protected) set = [(0, 5, True)]
live sectors 2 (nonzero 0), Galois-protected sectors 4 (nonzero 0), control sectors on amphichiral covers 136, identity failures 1
B INDEX ON CHIRAL COVERS: FAIL (every live sector vanishes)
RC=0
