G3b v3   THE CLOSED SIDE -- does the growth rate survive compactification?
         Qhat must be a COMPACT associative 3-cycle; the tower members are CUSPED.
         CALIBRATION kept in front: the 2-fold branched cover of the figure-eight is
         the lens space L(5,2), |H_1| = 5; the 3-fold has |H_1| = 16.
  n=  2 cusps=1 cusped|Tor|=5            vol=  4.0598 | closing slopes 174; slopes giving EXACTLY L_4-2=5: [(-1, -8), (-1, -7), (-1, -6), (-1, -5), (-1, -4), (-1, -3), (-1, -2), (-1, -1), (-1, 0), (-1, 1), (-1, 2), (-1, 3), (-1, 4), (-1, 5), (-1, 6), (-1, 7), (-1, 8), (1, -8), (1, -7), (1, -6), (1, -5), (1, -4), (1, -3), (1, -2), (1, -1), (1, 0), (1, 1), (1, 2), (1, 3), (1, 4), (1, 5), (1, 6), (1, 7), (1, 8)]  vol=(non-hyperbolic)
  n=  3 cusps=1 cusped|Tor|=16           vol=  6.0896 | closing slopes 174; slopes giving EXACTLY L_6-2=16: [(-1, -8), (-1, -7), (-1, -6), (-1, -5), (-1, -4), (-1, -3), (-1, -2), (-1, -1), (-1, 0), (-1, 1), (-1, 2), (-1, 3), (-1, 4), (-1, 5), (-1, 6), (-1, 7), (-1, 8), (1, -8), (1, -7), (1, -6), (1, -5), (1, -4), (1, -3), (1, -2), (1, -1), (1, 0), (1, 1), (1, 2), (1, 3), (1, 4), (1, 5), (1, 6), (1, 7), (1, 8)]  vol=4.32210
  n=  4 cusps=1 cusped|Tor|=45           vol=  8.1195 | closing slopes 174; slopes giving EXACTLY L_8-2=45: [(-8, -1), (-8, 1), (-7, -1), (-7, 1), (-6, -1), (-6, 1), (-5, -1), (-5, 1), (-4, -1), (-4, 1), (-3, -1), (-3, 1), (-2, -1), (-2, 1), (-1, -1), (-1, 1), (0, -1), (0, 1), (1, -1), (1, 1), (2, -1), (2, 1), (3, -1), (3, 1), (4, -1), (4, 1), (5, -1), (5, 1), (6, -1), (6, 1), (7, -1), (7, 1), (8, -1), (8, 1)]  vol=5.91675
  n=  5 cusps=1 cusped|Tor|=121          vol= 10.1494 | closing slopes 174; slopes giving EXACTLY L_10-2=121: [(-8, -1), (-8, 1), (-7, -1), (-7, 1), (-6, -1), (-6, 1), (-5, -1), (-5, 1), (-4, -1), (-4, 1), (-3, -1), (-3, 1), (-2, -1), (-2, 1), (-1, -1), (-1, 1), (0, -1), (0, 1), (1, -1), (1, 1), (2, -1), (2, 1), (3, -1), (3, 1), (4, -1), (4, 1), (5, -1), (5, 1), (6, -1), (6, 1), (7, -1), (7, 1), (8, -1), (8, 1)]  vol=4.68603
  n=  6 cusps=1 cusped|Tor|=320          vol= 12.1793 | closing slopes 174; slopes giving EXACTLY L_12-2=320: [(-8, -1), (-8, 1), (-7, -1), (-7, 1), (-6, -1), (-6, 1), (-5, -1), (-5, 1), (-4, -1), (-4, 1), (-3, -1), (-3, 1), (-2, -1), (-2, 1), (-1, -1), (-1, 1), (0, -1), (0, 1), (1, -1), (1, 1), (2, -1), (2, 1), (3, -1), (3, 1), (4, -1), (4, 1), (5, -1), (5, 1), (6, -1), (6, 1), (7, -1), (7, 1), (8, -1), (8, 1)]  vol=7.32772
  n=  7 cusps=1 cusped|Tor|=841          vol= 14.2092 | closing slopes 174; slopes giving EXACTLY L_14-2=841: [(-8, -1), (-8, 1), (-7, -1), (-7, 1), (-6, -1), (-6, 1), (-5, -1), (-5, 1), (-4, -1), (-4, 1), (-3, -1), (-3, 1), (-2, -1), (-2, 1), (-1, -1), (-1, 1), (0, -1), (0, 1), (1, -1), (1, 1), (2, -1), (2, 1), (3, -1), (3, 1), (4, -1), (4, 1), (5, -1), (5, 1), (6, -1), (6, 1), (7, -1), (7, 1), (8, -1), (8, 1)]  vol=9.88228
  n=  8 cusps=1 cusped|Tor|=2205         vol= 16.2391 | closing slopes 174; slopes giving EXACTLY L_16-2=2205: [(-8, -1), (-8, 1), (-7, -1), (-7, 1), (-6, -1), (-6, 1), (-5, -1), (-5, 1), (-4, -1), (-4, 1), (-3, -1), (-3, 1), (-2, -1), (-2, 1), (-1, -1), (-1, 1), (0, -1), (0, 1), (1, -1), (1, 1), (2, -1), (2, 1), (3, -1), (3, 1), (4, -1), (4, 1), (5, -1), (5, 1), (6, -1), (6, 1), (7, -1), (7, 1), (8, -1), (8, 1)]  vol=12.35091
  n=  9 cusps=1 cusped|Tor|=5776         vol= 18.2689 | closing slopes 174; slopes giving EXACTLY L_18-2=5776: [(-8, -1), (-8, 1), (-7, -1), (-7, 1), (-6, -1), (-6, 1), (-5, -1), (-5, 1), (-4, -1), (-4, 1), (-3, -1), (-3, 1), (-2, -1), (-2, 1), (-1, -1), (-1, 1), (0, -1), (0, 1), (1, -1), (1, 1), (2, -1), (2, 1), (3, -1), (3, 1), (4, -1), (4, 1), (5, -1), (5, 1), (6, -1), (6, 1), (7, -1), (7, 1), (8, -1), (8, 1)]  vol=14.74741
  n= 10 cusps=1 cusped|Tor|=15125        vol= 20.2988 | closing slopes 174; slopes giving EXACTLY L_20-2=15125: [(-8, -1), (-8, 1), (-7, -1), (-7, 1), (-6, -1), (-6, 1), (-5, -1), (-5, 1), (-4, -1), (-4, 1), (-3, -1), (-3, 1), (-2, -1), (-2, 1), (-1, -1), (-1, 1), (0, -1), (0, 1), (1, -1), (1, 1), (2, -1), (2, 1), (3, -1), (3, 1), (4, -1), (4, 1), (5, -1), (5, 1), (6, -1), (6, 1), (7, -1), (7, 1), (8, -1), (8, 1)]  vol=17.08571
  n= 11 cusps=1 cusped|Tor|=39601        vol= 22.3287 | closing slopes 174; slopes giving EXACTLY L_22-2=39601: [(-8, -1), (-8, 1), (-7, -1), (-7, 1), (-6, -1), (-6, 1), (-5, -1), (-5, 1), (-4, -1), (-4, 1), (-3, -1), (-3, 1), (-2, -1), (-2, 1), (-1, -1), (-1, 1), (0, -1), (0, 1), (1, -1), (1, 1), (2, -1), (2, 1), (3, -1), (3, 1), (4, -1), (4, 1), (5, -1), (5, 1), (6, -1), (6, 1), (7, -1), (7, 1), (8, -1), (8, 1)]  vol=19.37740
  n= 12 cusps=1 cusped|Tor|=103680       vol= 24.3586 | closing slopes 174; slopes giving EXACTLY L_24-2=103680: [(-8, -1), (-8, 1), (-7, -1), (-7, 1), (-6, -1), (-6, 1), (-5, -1), (-5, 1), (-4, -1), (-4, 1), (-3, -1), (-3, 1), (-2, -1), (-2, 1), (-1, -1), (-1, 1), (0, -1), (0, 1), (1, -1), (1, 1), (2, -1), (2, 1), (3, -1), (3, 1), (4, -1), (4, 1), (5, -1), (5, 1), (6, -1), (6, 1), (7, -1), (7, 1), (8, -1), (8, 1)]  vol=21.63160
  n= 13 cusps=1 cusped|Tor|=271441       vol= 26.3885 | closing slopes 174; slopes giving EXACTLY L_26-2=271441: [(-8, -1), (-8, 1), (-7, -1), (-7, 1), (-6, -1), (-6, 1), (-5, -1), (-5, 1), (-4, -1), (-4, 1), (-3, -1), (-3, 1), (-2, -1), (-2, 1), (-1, -1), (-1, 1), (0, -1), (0, 1), (1, -1), (1, 1), (2, -1), (2, 1), (3, -1), (3, 1), (4, -1), (4, 1), (5, -1), (5, 1), (6, -1), (6, 1), (7, -1), (7, 1), (8, -1), (8, 1)]  vol=23.85542
  n= 14 cusps=1 cusped|Tor|=710645       vol= 28.4184 | closing slopes 174; slopes giving EXACTLY L_28-2=710645: [(-8, -1), (-8, 1), (-7, -1), (-7, 1), (-6, -1), (-6, 1), (-5, -1), (-5, 1), (-4, -1), (-4, 1), (-3, -1), (-3, 1), (-2, -1), (-2, 1), (-1, -1), (-1, 1), (0, -1), (0, 1), (1, -1), (1, 1), (2, -1), (2, 1), (3, -1), (3, 1), (4, -1), (4, 1), (5, -1), (5, 1), (6, -1), (6, 1), (7, -1), (7, 1), (8, -1), (8, 1)]  vol=26.05440
  n= 15 cusps=1 cusped|Tor|=1860496      vol= 30.4482 | closing slopes 174; slopes giving EXACTLY L_30-2=1860496: [(-8, -1), (-8, 1), (-7, -1), (-7, 1), (-6, -1), (-6, 1), (-5, -1), (-5, 1), (-4, -1), (-4, 1), (-3, -1), (-3, 1), (-2, -1), (-2, 1), (-1, -1), (-1, 1), (0, -1), (0, 1), (1, -1), (1, 1), (2, -1), (2, 1), (3, -1), (3, 1), (4, -1), (4, 1), (5, -1), (5, 1), (6, -1), (6, 1), (7, -1), (7, 1), (8, -1), (8, 1)]  vol=28.23286
  n= 16 cusps=1 cusped|Tor|=4870845      vol= 32.4781 | closing slopes 174; slopes giving EXACTLY L_32-2=4870845: [(-8, -1), (-8, 1), (-7, -1), (-7, 1), (-6, -1), (-6, 1), (-5, -1), (-5, 1), (-4, -1), (-4, 1), (-3, -1), (-3, 1), (-2, -1), (-2, 1), (-1, -1), (-1, 1), (0, -1), (0, 1), (1, -1), (1, 1), (2, -1), (2, 1), (3, -1), (3, 1), (4, -1), (4, 1), (5, -1), (5, 1), (6, -1), (6, 1), (7, -1), (7, 1), (8, -1), (8, 1)]  vol=30.39420
  n= 17 cusps=1 cusped|Tor|=12752041     vol= 34.5080 | closing slopes 174; slopes giving EXACTLY L_34-2=12752041: [(-8, -1), (-8, 1), (-7, -1), (-7, 1), (-6, -1), (-6, 1), (-5, -1), (-5, 1), (-4, -1), (-4, 1), (-3, -1), (-3, 1), (-2, -1), (-2, 1), (-1, -1), (-1, 1), (0, -1), (0, 1), (1, -1), (1, 1), (2, -1), (2, 1), (3, -1), (3, 1), (4, -1), (4, 1), (5, -1), (5, 1), (6, -1), (6, 1), (7, -1), (7, 1), (8, -1), (8, 1)]  vol=32.54117
  n= 18 cusps=1 cusped|Tor|=33385280     vol= 36.5379 | closing slopes 174; slopes giving EXACTLY L_36-2=33385280: [(-8, -1), (-8, 1), (-7, -1), (-7, 1), (-6, -1), (-6, 1), (-5, -1), (-5, 1), (-4, -1), (-4, 1), (-3, -1), (-3, 1), (-2, -1), (-2, 1), (-1, -1), (-1, 1), (0, -1), (0, 1), (1, -1), (1, 1), (2, -1), (2, 1), (3, -1), (3, 1), (4, -1), (4, 1), (5, -1), (5, 1), (6, -1), (6, 1), (7, -1), (7, 1), (8, -1), (8, 1)]  vol=34.67593

         CALIBRATION passes (n=2 and n=3 each realise their known |H_1|): True
         a closing slope realising EXACTLY L_2n - 2 exists for 17 of 17 n
         hyperbolic closed volumes found for n = [3, 4, 5, 6, 7, 8, 9, 10, 11, 12, 13, 14, 15, 16, 17, 18]
           n=  3  Vol(closed)=  4.32210  <  Vol(cusped)=  6.08965  ratio 0.709745
           n=  4  Vol(closed)=  5.91675  <  Vol(cusped)=  8.11953  ratio 0.728705
           n=  5  Vol(closed)=  4.68603  <  Vol(cusped)= 10.14942  ratio 0.461705
           n=  6  Vol(closed)=  7.32772  <  Vol(cusped)= 12.17930  ratio 0.601654
           n=  7  Vol(closed)=  9.88228  <  Vol(cusped)= 14.20918  ratio 0.695486
           n=  8  Vol(closed)= 12.35091  <  Vol(cusped)= 16.23907  ratio 0.760568
           n=  9  Vol(closed)= 14.74741  <  Vol(cusped)= 18.26895  ratio 0.807239
           n= 10  Vol(closed)= 17.08571  <  Vol(cusped)= 20.29883  ratio 0.841709
           n= 11  Vol(closed)= 19.37740  <  Vol(cusped)= 22.32872  ratio 0.867824
           n= 12  Vol(closed)= 21.63160  <  Vol(cusped)= 24.35860  ratio 0.888048
           n= 13  Vol(closed)= 23.85542  <  Vol(cusped)= 26.38848  ratio 0.904009
           n= 14  Vol(closed)= 26.05440  <  Vol(cusped)= 28.41836  ratio 0.916816
           n= 15  Vol(closed)= 28.23286  <  Vol(cusped)= 30.44825  ratio 0.927241
           n= 16  Vol(closed)= 30.39420  <  Vol(cusped)= 32.47813  ratio 0.935836
           n= 17  Vol(closed)= 32.54117  <  Vol(cusped)= 34.50801  ratio 0.943003
           n= 18  Vol(closed)= 34.67593  <  Vol(cusped)= 36.53790  ratio 0.949040
         ratio increasing toward 1 from below: False

         *** FENCE 2 DOES NOT BITE.  Every n in range has a CLOSED filling whose
         |H_1| is EXACTLY the cusped tower's L_2n - 2.  The growth rate is NOT a
         property of the cusp.  THE SEAT'S SEALED PRIOR ON THIS POINT IS WRONG --
         it predicted this fence would be the one that bites.
         At n = 88: L_176 - 2 = 6050965600552329018623146299409643805, log = 84.6933 >= 84,
         at a closed volume STRICTLY BELOW 178.63.

         WHAT THIS IS NOT:  P_eff also needs C_1/C_2 -- BOTH hidden sectors, their
         volumes and a cutoff.  None of that is computed here.  This is the T_O term
         of eq.(A12) and nothing else.  Gate 5 absolute.
G3b PASS  (content is the verdict above)
DONE
