{
 "n": 3,
 "N": 12,
 "H1": "Z/4 + Z/4 + Z",
 "gens": [
  "a",
  "b",
  "c"
 ],
 "rels": [
  "abCCAbcbbc",
  "acBccBAbbc"
 ],
 "mu": "CBabC",
 "lam": "CbcB",
 "primes": [
  1009,
  1021,
  1033
 ],
 "n_chars": 192,
 "loci": 31,
 "h1_multiset": {
  "1": 31
 },
 "modules_computed": 5952,
 "firing": 0,
 "rechecked": 0,
 "differing": 0,
 "firing_signatures": {},
 "generation_backgrounds": 0,
 "loci_carrying": 0,
 "signs": {},
 "abs_counts": {},
 "nuc": {},
 "cusp_exponents": {
  "(0, 0)": 15,
  "(6, 0)": 16
 },
 "seconds": 4.5
}
