{
  "boundary_selected": false,
  "coefficient_recomputed": false,
  "component_polynomial": {
    "0": "2*B",
    "10": "-2*An0 + 2*An3 + 2*a*q0 - 2*a*q3",
    "1031": "2",
    "12": "-fi - I*fr",
    "136": "-I",
    "141": "-q0 - q3",
    "142": "-q1 - I*q2",
    "15": "2*B*q0**2 - 2*B*q1**2 - 2*B*q2**2 - 2*B*q3**2 + Dn",
    "17": "-I",
    "2059": "2",
    "23": "q1 + I*q2",
    "269": "2",
    "27": "q0 - q3",
    "3": "fi - I*fr",
    "34": "-I",
    "39": "-q0 - q3",
    "43": "-q1 + I*q2",
    "5": "-2*An0 - 2*An3 + 2*a*q0 + 2*a*q3",
    "526": "2",
    "6": "-2*An1 - 2*I*An2 + 2*a*q1 + 2*I*a*q2",
    "68": "-I",
    "77": "q1 - I*q2",
    "78": "q0 - q3",
    "9": "-2*An1 + 2*I*An2 + 2*a*q1 - 2*I*a*q2"
  },
  "facts": {
    "all_24_gauge_generators_tracefree": true,
    "all_superspace_slots_present": true,
    "chiral_actual_conjugate": true,
    "commuting_factor_background_response": true,
    "constant_gauge_flux_rejected": true,
    "cyclic_Z_commutator_zero": true,
    "freezing_transformed_normal_vector_jet_fails": true,
    "full_linear_response_real": true,
    "gauge_flux_opposing_control": true,
    "highest_normal_auxiliary_jet": true,
    "integrated_not_pointwise": true,
    "lowest_normal_scalar": true,
    "matrix_nonlinear_variation": true,
    "missing_Phi_commutator_rejected": true,
    "mixed_gauge_normal_response": true,
    "nonzero_structure_flux_retained": true,
    "normal_auxiliary_slots": true,
    "normal_gauge_jet_cancels": true,
    "normal_gauge_jet_is_nonzero": true,
    "odd_product_opposing_control": true,
    "other_bulk_commutator_not_zero": true,
    "primary_trace_not_whole_offshell_law": true,
    "real_eta_twisted_reality": true,
    "real_pairing_nondegenerate": true,
    "secondary_chi_jets_after_primary": true,
    "secondary_independent_offshell": true,
    "secondary_redundant_on_linear_solutions": true,
    "surface_pair_real": true,
    "tangential_total_derivative_projects_zero": true,
    "twisted_Z_reality": true,
    "universal_nonlinear_variation": true,
    "variations_are_real": true,
    "zero_normal_chi_jets_remove_secondary": true
  },
  "full_E8_structure_constants_recomputed": false,
  "gauge_generators": 24,
  "nonauthor_analytic_review": false,
  "nonlinear_component_domain_completed": false,
  "physical_goal_achieved": false,
  "physical_kernel_computed": false,
  "predicates_passed": 33,
  "quadratic_energy_derived": false,
  "superspace_slots": 16
}
