{
  "component_polynomial": {
    "0": "2*B",
    "10": "-2*An0 + 2*An3 + 2*a*q0 - 2*a*q3",
    "1031": "2",
    "12": "-fi - I*fr",
    "136": "-I",
    "141": "-q0 - q3",
    "142": "-q1 - I*q2",
    "15": "2*B*q0**2 - 2*B*q1**2 - 2*B*q2**2 - 2*B*q3**2 + Dn",
    "17": "-I",
    "2059": "2",
    "23": "q1 + I*q2",
    "269": "2",
    "27": "q0 - q3",
    "3": "fi - I*fr",
    "34": "-I",
    "39": "-q0 - q3",
    "43": "-q1 + I*q2",
    "5": "-2*An0 - 2*An3 + 2*a*q0 + 2*a*q3",
    "526": "2",
    "6": "-2*An1 - 2*I*An2 + 2*a*q1 + 2*I*a*q2",
    "68": "-I",
    "77": "q1 - I*q2",
    "78": "q0 - q3",
    "9": "-2*An1 + 2*I*An2 + 2*a*q1 - 2*I*a*q2"
  },
  "outside_review": false,
  "physical_goal_achieved": false,
  "predicates": {
    "actual_response_hermitian": true,
    "after_secondary_no_fermions": true,
    "all_gauge_generators_orthogonal": true,
    "all_sixteen_theta_slots": true,
    "auxiliary_slots": true,
    "curl_zero_mode": true,
    "finite_normal_jet_covariance": true,
    "four_secondary_normal_fermions": true,
    "gauge_flux_fails_norm_pair": true,
    "gauge_mixed_slots": true,
    "highest_auxiliary_slot": true,
    "missing_Phi_term_fails": true,
    "nonzero_constant_flux_fails": true,
    "normal_scalar_slot": true,
    "odd_fields_anticommute": true,
    "offshell_nonzero_secondary": true,
    "on_shell_jet_is_redundant": true,
    "real_surface_pair": true,
    "t_jet_matches_variation": true,
    "twisted_reality": true,
    "unconstrained_jet_is_not_a_solution": true,
    "wrong_frozen_jet_fails": true,
    "zero_mean_not_pointwise": true
  },
  "predicates_passed": 23
}
