==============================================================================
STEP 5: all eight published boundary classes of m004 (GHRS 2016, pp.297-298)
   formula  I_T(x mu + y lam) = sum_k I_D(k-x,k) I_D(k+2y, k-x+2y)
==============================================================================

 I_T(0         ) [x=0, 2y=0]  7 lattice points   MATCH
   mine      : +1 -2*q -3*q^2 +2*q^3 +8*q^4 +18*q^5 +18*q^6 +14*q^7 -12*q^8 -52*q^9 -106*q^10

 I_T(mu        ) [x=1, 2y=0]  6 lattice points   MATCH
   mine      : -2*q -2*q^2 +2*q^3 +8*q^4 +16*q^5 +16*q^6 +10*q^7 -14*q^8 -52*q^9 -102*q^10

 I_T(2mu       ) [x=2, 2y=0]  7 lattice points   MATCH
   mine      : -1*q -1*q^2 +3*q^3 +6*q^4 +12*q^5 +9*q^6 +3*q^7 -19*q^8 -50*q^9 -88*q^10

 I_T(lambda    ) [x=0, 2y=2]  5 lattice points   MATCH
   mine      : +1*q^3 +2*q^4 +5*q^5 +2*q^6 -3*q^7 -16*q^8 -32*q^9 -52*q^10

 I_T(4mu+lam   ) [x=4, 2y=2]  6 lattice points   MATCH
   mine      : +1*q -1*q^4 -2*q^5 -5*q^6 -8*q^7 -10*q^8 -11*q^9 -6*q^10

 I_T(lam/2     ) [x=0, 2y=1]  6 lattice points   MATCH
   mine      : -2*q^(3/2) +4*q^(7/2) +10*q^(9/2) +14*q^(11/2) +10*q^(13/2) -2*q^(15/2) -32*q^(17/2) -68*q^(19/2)

 I_T(mu+lam/2  ) [x=1, 2y=1]  7 lattice points   MATCH
   mine      : -1*q -1*q^2 +2*q^3 +7*q^4 +11*q^5 +11*q^6 +3*q^7 -17*q^8 -49*q^9 -88*q^10

 I_T(2mu+lam/2 ) [x=2, 2y=1]  6 lattice points   MATCH
   mine      : -1*q^(1/2) +1*q^(5/2) +4*q^(7/2) +7*q^(9/2) +7*q^(11/2) +3*q^(13/2) -12*q^(15/2) -31*q^(17/2) -62*q^(19/2)

==============================================================================
ALL EIGHT PUBLISHED SERIES REPRODUCED EXACTLY: True
==============================================================================

The trivial class pushed past the published range (GHRS stop at q^10):
  I_m004(0,0)(q) = +1 -2*q -3*q^2 +2*q^3 +8*q^4 +18*q^5 +18*q^6 +14*q^7 -12*q^8 -52*q^9 -106*q^10 -164*q^11 -209*q^12 -212*q^13 -141*q^14 +14*q^15 +309*q^16 +714*q^17 +1249*q^18 +1824*q^19 +2401*q^20 +2794*q^21 +2898*q^22 +2434*q^23 +1256*q^24 -918*q^25
