==============================================================================
STEP 7: corrected gluing sum, to q^12
==============================================================================

[1] m004 against the published GHRS series (regression test):
      5 lattice points, outermost |k|=2, box +-300
    +1 -2*q -3*q^2 +2*q^3 +8*q^4 +18*q^5 +18*q^6 +14*q^7 -12*q^8 -52*q^9 -106*q^10 -164*q^11 -209*q^12
    matches GHRS through q^10: True

[2] Edge-choice independence (the test that failed before the fix):
    m004: 2 choices, all agree through q^12: True
    m003: 2 choices, all agree through q^12: True
    m006: 3 choices, all agree through q^12: True
    m007: 3 choices, all agree through q^12: True
    m009: 3 choices, all agree through q^12: True
    m015: 3 choices, all agree through q^12: True
    m016: 3 choices, all agree through q^12: True
    m017: 3 choices, all agree through q^12: True
    m019: 3 choices, all agree through q^12: True
    m022: 4 choices, all agree through q^12: True

[3] Cyclic-order independence (snappy (z,z',z'') vs the reversed triple):
    m004: agree: True
    m015: agree: True
    m022: agree: True

[4] The control table:
    m004  n=2 vol=2.0298832 H1=Z  (5 pts)
          +1 -2*q -3*q^2 +2*q^3 +8*q^4 +18*q^5 +18*q^6 +14*q^7 -12*q^8 -52*q^9 -106*q^10 -164*q^11 -209*q^12
    m003  n=2 vol=2.0298832 H1=Z/5 + Z  (5 pts)
          +1 -2*q -3*q^2 +2*q^3 +8*q^4 +18*q^5 +18*q^6 +14*q^7 -12*q^8 -52*q^9 -106*q^10 -164*q^11 -209*q^12
    m006  n=3 vol=2.5689706 H1=Z/5 + Z  (51 pts)
          +1 -3*q -2*q^2 +9*q^3 +19*q^4 +25*q^5 -48*q^7 -132*q^8 -219*q^9 -255*q^10 -192*q^11 +56*q^12
    m007  n=3 vol=2.5689706 H1=Z/3 + Z  (51 pts)
          +1 -3*q -2*q^2 +9*q^3 +19*q^4 +25*q^5 -48*q^7 -132*q^8 -219*q^9 -255*q^10 -192*q^11 +56*q^12
    m009  n=3 vol=2.6667448 H1=Z/2 + Z  (44 pts)
          +1 -1*q -1*q^2 +6*q^3 +9*q^4 +12*q^5 -5*q^6 -34*q^7 -79*q^8 -118*q^9 -118*q^10 -56*q^11 +127*q^12
    m015  n=3 vol=2.8281221 H1=Z  (39 pts)
          +1 -4*q -1*q^2 +16*q^3 +26*q^4 +23*q^5 -34*q^6 -122*q^7 -239*q^8 -312*q^9 -221*q^10 +102*q^11 +778*q^12
    m016  n=3 vol=2.8281221 H1=Z  (39 pts)
          +1 -4*q -1*q^2 +16*q^3 +26*q^4 +23*q^5 -34*q^6 -122*q^7 -239*q^8 -312*q^9 -221*q^10 +102*q^11 +778*q^12
    m017  n=3 vol=2.8281221 H1=Z/7 + Z  (39 pts)
          +1 -4*q -1*q^2 +16*q^3 +26*q^4 +23*q^5 -34*q^6 -122*q^7 -239*q^8 -312*q^9 -221*q^10 +102*q^11 +778*q^12
    m019  n=3 vol=2.9441065 H1=Z  (28 pts)
          +1 -3*q -1*q^2 +12*q^3 +18*q^4 +12*q^5 -35*q^6 -103*q^7 -180*q^8 -203*q^9 -76*q^10 +248*q^11 +836*q^12
    m022  n=4 vol=2.9891203 H1=Z/7 + Z  (132 pts)
          +1 -1*q -1*q^2 +4*q^3 +6*q^4 +4*q^5 -16*q^6 -41*q^7 -68*q^8 -73*q^9 -9*q^10 +133*q^11 +384*q^12
    m023  n=4 vol=2.9891203 H1=Z/3 + Z  (132 pts)
          +1 -1*q -1*q^2 +4*q^3 +6*q^4 +4*q^5 -16*q^6 -41*q^7 -68*q^8 -73*q^9 -9*q^10 +133*q^11 +384*q^12
    m026  n=4 vol=3.0593381 H1=Z  (346 pts)
          +1 -2*q -1*q^2 +8*q^3 +11*q^4 +5*q^5 -31*q^6 -79*q^7 -123*q^8 -115*q^9 +22*q^10 +307*q^11 +776*q^12

    12 manifolds -> 7 DISTINCT series:  [['m004', 'm003'], ['m006', 'm007'], ['m009'], ['m015', 'm016', 'm017'], ['m019'], ['m022', 'm023'], ['m026']]
