{
  "boundary_selected": false,
  "coefficient_recomputed": false,
  "facts": {
    "A1_pairing_integrated_not_pointwise": true,
    "B_commutator_trace_cancels": true,
    "CS_direct_source_and_divergence": true,
    "CS_surface_omission_detected": true,
    "F_conjugate_solution": true,
    "W_direct_left_derivative": true,
    "actual_F_complex": true,
    "auxiliary_real_hessian_positive": true,
    "canonical_adjoints": true,
    "completed_real_squares": true,
    "constant_gauge_flux_rejected": true,
    "covariant_IBP_keeps_surface": true,
    "curvature_gauge_Ward_with_jets": true,
    "direct_kinetic_coefficient_half": true,
    "dropping_real_surface_detected": true,
    "exponential_inverse_exact": true,
    "full_static_Z_expansion": true,
    "gauge_D_coefficient_half": true,
    "left_derivative_anticommutation": true,
    "measure_normalization": true,
    "moment_gauge_Ward_with_jets": true,
    "noncommuting_fixture": true,
    "nonlinear_moment_not_dropped": true,
    "nonparallel_D_breaks_cancellation": true,
    "nonzero_cubic_static_term": true,
    "nonzero_gauge_tangent_null_at_flat_background": true,
    "nonzero_holomorphic_cubic_retained": true,
    "nonzero_quartic_static_term": true,
    "not_pointwise_flux_zero": true,
    "omitting_derivative_jets_rejected": true,
    "onshell_exact_positive_potential": true,
    "parallel_D_zero_mean_flux_cancels": true,
    "positive_non_gauge_direction": true,
    "real_auxiliary_variation": true,
    "residual_hessian_positive": true,
    "spinor_raising_convention": true,
    "structure_flux_nonzero_but_orthogonal": true,
    "twisted_Z_reality": true,
    "wrong_F_coefficient_two_rejected": true,
    "wrong_F_no_dagger_rejected": true,
    "wrong_bartheta_sign_rejected": true,
    "wrong_top_measure_sign_rejected": true,
    "zero_residual_has_no_mass_gap_certificate": true
  },
  "full_E8_structure_constants_recomputed": false,
  "full_dynamical_stability_proved": false,
  "matrix_controls_are_not_silver_PDE": true,
  "nonauthor_analytic_review": false,
  "normalizations": {
    "D_kinetic": "1/2",
    "F_kinetic": "1/2",
    "F_solution": "-c_dagger/2",
    "Fc_source": "1/4",
    "V": "norm(mu)^2/2+norm(c)^2/8"
  },
  "physical_goal_achieved": false,
  "physical_kernel_computed": false,
  "predicates_passed": 43,
  "static_energy_derived": true
}
