  warnings.warn('Plink failed to import tkinter, GUI will not be available')
presentation ['a', 'b'] aaabABBAb
exponent sums {'a': 1, 'b': 0}
weights {'a': 0, 'b': 1}
dr/d a = -t + 3 - 1/t  dr/d b = 0
Delta candidate -t + 3 - 1/t
Delta coefficients [-1, 3, -1]
relation matrix [[1, 1, -3], [-3, 1, 1], [1, -3, 1]]
Smith [1, 4, 4]
R mod 2 [[1, 1, 1], [1, 1, 1], [1, 1, 1]]
column span mod 2 [(0, 0, 0), (1, 1, 1)] quotient size 4
deck on H1/2H1 classes {(0, 0, 1): (0, 1, 1), (0, 1, 0): (0, 0, 1), (0, 1, 1): (0, 1, 0)}
cyclic 3-cover m004~cyc~0(0,0) Z/4 + Z/4 + Z vol 6.0896496385
filled (1,0): Z/4 + Z/4 vol 1. E-6
v1 side-B definition:
 def conj_v(g, p):
        return modpm(qmul(qmul(g, p), qinv(g)))

    sideB = {}
    for n in nonid:
        # w . chi_n has kernel <w n w^-1>
        sideB[v_label[n]] = v_label[conj_v(W, n)]

PASS Q8 normal index 3, w^3=-1 in Q8, w,w^2 not in Q8
PASS w conjugation is i->j->k->i
PASS Delta = t^2-3t+1 up to units
PASS H1(Y3)=Z/4+Z/4
PASS H1/2H1 = (Z/2)^2
PASS deck 3-cycles the three order-2 characters
PASS deck=I trivial (V-FIRE)
PASS 3-cover filled: H1=Z/4+Z/4, vol~0
PASS v1 side B is conjugation by W (same as side A)
PASS GL(1,R) finite elements are {+-1}: no order 3
ALL PASS
