  warnings.warn('Plink failed to import tkinter, GUI will not be available')
m004         run   135 not run     0 nonzero    0 I in [] I_ss all zero True loci 5 firing 0
m208         run   315 not run     0 nonzero    0 I in [] I_ss all zero True loci 7 firing 0
o10_150697   run   135 not run     0 nonzero    0 I in [] I_ss all zero True loci 5 firing 0
o10_150700   run   135 not run     0 nonzero    0 I in [] I_ss all zero True loci 5 firing 0
o10_150701   run  1395 not run     0 nonzero   64 I in [-1, 1] I_ss all zero True loci 31 firing 24
     {'orders_on_generators': [1, 4, 2], 'chi_mu_lambda_as_zeta12_powers': (6, 9), 'cusp_trivial': False, 'modules': 45, 'nonzero': 4, 'm_values': [1, 3], 'I_values': [-1, 1]}
     {'orders_on_generators': [1, 4, 2], 'chi_mu_lambda_as_zeta12_powers': (6, 3), 'cusp_trivial': False, 'modules': 45, 'nonzero': 4, 'm_values': [1, 3], 'I_values': [-1, 1]}
     {'orders_on_generators': [12, 12, 12], 'chi_mu_lambda_as_zeta12_powers': (2, 11), 'cusp_trivial': False, 'modules': 45, 'nonzero': 2, 'm_values': [2], 'I_values': [-1, 1]}
     {'orders_on_generators': [12, 12, 12], 'chi_mu_lambda_as_zeta12_powers': (2, 5), 'cusp_trivial': False, 'modules': 45, 'nonzero': 2, 'm_values': [2], 'I_values': [-1, 1]}
     {'orders_on_generators': [6, 12, 3], 'chi_mu_lambda_as_zeta12_powers': (10, 7), 'cusp_trivial': False, 'modules': 45, 'nonzero': 2, 'm_values': [2], 'I_values': [-1, 1]}
     {'orders_on_generators': [6, 12, 3], 'chi_mu_lambda_as_zeta12_powers': (10, 1), 'cusp_trivial': False, 'modules': 45, 'nonzero': 2, 'm_values': [2], 'I_values': [-1, 1]}
     {'orders_on_generators': [4, 4, 4], 'chi_mu_lambda_as_zeta12_powers': (6, 9), 'cusp_trivial': False, 'modules': 45, 'nonzero': 4, 'm_values': [1, 3], 'I_values': [-1, 1]}
     {'orders_on_generators': [4, 4, 4], 'chi_mu_lambda_as_zeta12_powers': (6, 3), 'cusp_trivial': False, 'modules': 45, 'nonzero': 4, 'm_values': [1, 3], 'I_values': [-1, 1]}
     {'orders_on_generators': [3, 12, 6], 'chi_mu_lambda_as_zeta12_powers': (2, 11), 'cusp_trivial': False, 'modules': 45, 'nonzero': 2, 'm_values': [2], 'I_values': [-1, 1]}
     {'orders_on_generators': [3, 12, 6], 'chi_mu_lambda_as_zeta12_powers': (2, 5), 'cusp_trivial': False, 'modules': 45, 'nonzero': 2, 'm_values': [2], 'I_values': [-1, 1]}
     {'orders_on_generators': [12, 12, 12], 'chi_mu_lambda_as_zeta12_powers': (10, 7), 'cusp_trivial': False, 'modules': 45, 'nonzero': 2, 'm_values': [2], 'I_values': [-1, 1]}
     {'orders_on_generators': [12, 12, 12], 'chi_mu_lambda_as_zeta12_powers': (10, 1), 'cusp_trivial': False, 'modules': 45, 'nonzero': 2, 'm_values': [2], 'I_values': [-1, 1]}
     {'orders_on_generators': [2, 4, 1], 'chi_mu_lambda_as_zeta12_powers': (6, 9), 'cusp_trivial': False, 'modules': 45, 'nonzero': 4, 'm_values': [1, 3], 'I_values': [-1, 1]}
     {'orders_on_generators': [2, 4, 1], 'chi_mu_lambda_as_zeta12_powers': (6, 3), 'cusp_trivial': False, 'modules': 45, 'nonzero': 4, 'm_values': [1, 3], 'I_values': [-1, 1]}
     {'orders_on_generators': [12, 12, 12], 'chi_mu_lambda_as_zeta12_powers': (2, 11), 'cusp_trivial': False, 'modules': 45, 'nonzero': 2, 'm_values': [2], 'I_values': [-1, 1]}
     {'orders_on_generators': [12, 12, 12], 'chi_mu_lambda_as_zeta12_powers': (2, 5), 'cusp_trivial': False, 'modules': 45, 'nonzero': 2, 'm_values': [2], 'I_values': [-1, 1]}
     {'orders_on_generators': [3, 12, 6], 'chi_mu_lambda_as_zeta12_powers': (10, 7), 'cusp_trivial': False, 'modules': 45, 'nonzero': 2, 'm_values': [2], 'I_values': [-1, 1]}
     {'orders_on_generators': [3, 12, 6], 'chi_mu_lambda_as_zeta12_powers': (10, 1), 'cusp_trivial': False, 'modules': 45, 'nonzero': 2, 'm_values': [2], 'I_values': [-1, 1]}
     {'orders_on_generators': [4, 4, 4], 'chi_mu_lambda_as_zeta12_powers': (6, 9), 'cusp_trivial': False, 'modules': 45, 'nonzero': 4, 'm_values': [1, 3], 'I_values': [-1, 1]}
     {'orders_on_generators': [4, 4, 4], 'chi_mu_lambda_as_zeta12_powers': (6, 3), 'cusp_trivial': False, 'modules': 45, 'nonzero': 4, 'm_values': [1, 3], 'I_values': [-1, 1]}
     {'orders_on_generators': [6, 12, 3], 'chi_mu_lambda_as_zeta12_powers': (2, 11), 'cusp_trivial': False, 'modules': 45, 'nonzero': 2, 'm_values': [2], 'I_values': [-1, 1]}
     {'orders_on_generators': [6, 12, 3], 'chi_mu_lambda_as_zeta12_powers': (2, 5), 'cusp_trivial': False, 'modules': 45, 'nonzero': 2, 'm_values': [2], 'I_values': [-1, 1]}
     {'orders_on_generators': [12, 12, 12], 'chi_mu_lambda_as_zeta12_powers': (10, 7), 'cusp_trivial': False, 'modules': 45, 'nonzero': 2, 'm_values': [2], 'I_values': [-1, 1]}
     {'orders_on_generators': [12, 12, 12], 'chi_mu_lambda_as_zeta12_powers': (10, 1), 'cusp_trivial': False, 'modules': 45, 'nonzero': 2, 'm_values': [2], 'I_values': [-1, 1]}
s956         run  1215 not run     0 nonzero    0 I in [] I_ss all zero True loci 15 firing 0
s958         run   819 not run     0 nonzero   34 I in [-1, 1] I_ss all zero True loci 13 firing 8
     {'orders_on_generators': [1, 1, 3], 'chi_mu_lambda_as_zeta12_powers': (0, 0), 'cusp_trivial': True, 'modules': 63, 'nonzero': 4, 'm_values': [3], 'I_values': [-1, 1]}
     {'orders_on_generators': [1, 1, 3], 'chi_mu_lambda_as_zeta12_powers': (0, 0), 'cusp_trivial': True, 'modules': 63, 'nonzero': 4, 'm_values': [3], 'I_values': [-1, 1]}
     {'orders_on_generators': [4, 4, 6], 'chi_mu_lambda_as_zeta12_powers': (0, 3), 'cusp_trivial': False, 'modules': 63, 'nonzero': 5, 'm_values': [1, 2, 3], 'I_values': [-1, 1]}
     {'orders_on_generators': [4, 4, 6], 'chi_mu_lambda_as_zeta12_powers': (0, 3), 'cusp_trivial': False, 'modules': 63, 'nonzero': 5, 'm_values': [1, 2, 3], 'I_values': [-1, 1]}
     {'orders_on_generators': [2, 2, 3], 'chi_mu_lambda_as_zeta12_powers': (0, 6), 'cusp_trivial': False, 'modules': 63, 'nonzero': 3, 'm_values': [3], 'I_values': [-1, 1]}
     {'orders_on_generators': [2, 2, 3], 'chi_mu_lambda_as_zeta12_powers': (0, 6), 'cusp_trivial': False, 'modules': 63, 'nonzero': 3, 'm_values': [3], 'I_values': [-1, 1]}
     {'orders_on_generators': [4, 4, 6], 'chi_mu_lambda_as_zeta12_powers': (0, 9), 'cusp_trivial': False, 'modules': 63, 'nonzero': 5, 'm_values': [1, 2, 3], 'I_values': [-1, 1]}
     {'orders_on_generators': [4, 4, 6], 'chi_mu_lambda_as_zeta12_powers': (0, 9), 'cusp_trivial': False, 'modules': 63, 'nonzero': 5, 'm_values': [1, 2, 3], 'I_values': [-1, 1]}
s961         run  2511 not run     0 nonzero    0 I in [] I_ss all zero True loci 31 firing 0
t11365       run   135 not run     0 nonzero    0 I in [] I_ss all zero True loci 3 firing 0
t12833       run  3021 not run  1542 nonzero  107 I in [-1, 1] I_ss all zero True loci 26 firing 20
     {'orders_on_generators': [1, 1, 3], 'chi_mu_lambda_as_zeta12_powers': (0, 0), 'cusp_trivial': True, 'modules': 117, 'nonzero': 6, 'm_values': [1, 2, 3], 'I_values': [-1, 1]}
     {'orders_on_generators': [1, 1, 3], 'chi_mu_lambda_as_zeta12_powers': (0, 0), 'cusp_trivial': True, 'modules': 117, 'nonzero': 6, 'm_values': [1, 2, 3], 'I_values': [-1, 1]}
     {'orders_on_generators': [1, 4, 12], 'chi_mu_lambda_as_zeta12_powers': (6, 6), 'cusp_trivial': False, 'modules': 117, 'nonzero': 3, 'm_values': [2, 3], 'I_values': [-1, 1]}
     {'orders_on_generators': [1, 4, 12], 'chi_mu_lambda_as_zeta12_powers': (6, 6), 'cusp_trivial': False, 'modules': 117, 'nonzero': 3, 'm_values': [2, 3], 'I_values': [-1, 1]}
     {'orders_on_generators': [1, 2, 6], 'chi_mu_lambda_as_zeta12_powers': (0, 0), 'cusp_trivial': True, 'modules': 117, 'nonzero': 9, 'm_values': [1, 2, 3], 'I_values': [-1, 1]}
     {'orders_on_generators': [1, 2, 6], 'chi_mu_lambda_as_zeta12_powers': (0, 0), 'cusp_trivial': True, 'modules': 117, 'nonzero': 9, 'm_values': [1, 2, 3], 'I_values': [-1, 1]}
     {'orders_on_generators': [1, 4, 12], 'chi_mu_lambda_as_zeta12_powers': (6, 6), 'cusp_trivial': False, 'modules': 117, 'nonzero': 3, 'm_values': [2, 3], 'I_values': [-1, 1]}
     {'orders_on_generators': [1, 4, 12], 'chi_mu_lambda_as_zeta12_powers': (6, 6), 'cusp_trivial': False, 'modules': 117, 'nonzero': 3, 'm_values': [2, 3], 'I_values': [-1, 1]}
     {'orders_on_generators': [6, 6, 3], 'chi_mu_lambda_as_zeta12_powers': (2, 8), 'cusp_trivial': False, 'modules': 117, 'nonzero': 6, 'm_values': [1, 2, 3], 'I_values': [-1, 1]}
     {'orders_on_generators': [6, 12, 12], 'chi_mu_lambda_as_zeta12_powers': (8, 2), 'cusp_trivial': False, 'modules': 117, 'nonzero': 5, 'm_values': [1, 2, 3], 'I_values': [-1, 1]}
     {'orders_on_generators': [6, 3, 6], 'chi_mu_lambda_as_zeta12_powers': (2, 8), 'cusp_trivial': False, 'modules': 117, 'nonzero': 6, 'm_values': [1, 2, 3], 'I_values': [-1, 1]}
     {'orders_on_generators': [6, 12, 12], 'chi_mu_lambda_as_zeta12_powers': (8, 2), 'cusp_trivial': False, 'modules': 117, 'nonzero': 5, 'm_values': [1, 2, 3], 'I_values': [-1, 1]}
     {'orders_on_generators': [3, 12, 12], 'chi_mu_lambda_as_zeta12_powers': (10, 10), 'cusp_trivial': False, 'modules': 117, 'nonzero': 5, 'm_values': [1, 2, 3], 'I_values': [-1, 1]}
     {'orders_on_generators': [3, 3, 3], 'chi_mu_lambda_as_zeta12_powers': (4, 4), 'cusp_trivial': False, 'modules': 117, 'nonzero': 6, 'm_values': [1, 2, 3], 'I_values': [-1, 1]}
     {'orders_on_generators': [3, 12, 12], 'chi_mu_lambda_as_zeta12_powers': (10, 10), 'cusp_trivial': False, 'modules': 117, 'nonzero': 5, 'm_values': [1, 2, 3], 'I_values': [-1, 1]}
     {'orders_on_generators': [3, 6, 6], 'chi_mu_lambda_as_zeta12_powers': (4, 4), 'cusp_trivial': False, 'modules': 117, 'nonzero': 9, 'm_values': [1, 2, 3], 'I_values': [-1, 1]}
     {'orders_on_generators': [2, 1, 6], 'chi_mu_lambda_as_zeta12_powers': (6, 0), 'cusp_trivial': False, 'modules': 117, 'nonzero': 6, 'm_values': [1, 2, 3], 'I_values': [-1, 1]}
     {'orders_on_generators': [2, 1, 6], 'chi_mu_lambda_as_zeta12_powers': (6, 0), 'cusp_trivial': False, 'modules': 117, 'nonzero': 6, 'm_values': [1, 2, 3], 'I_values': [-1, 1]}
     {'orders_on_generators': [2, 4, 12], 'chi_mu_lambda_as_zeta12_powers': (0, 6), 'cusp_trivial': False, 'modules': 117, 'nonzero': 3, 'm_values': [2, 3], 'I_values': [-1, 1]}
     {'orders_on_generators': [2, 4, 12], 'chi_mu_lambda_as_zeta12_powers': (0, 6), 'cusp_trivial': False, 'modules': 117, 'nonzero': 3, 'm_values': [2, 3], 'I_values': [-1, 1]}
t12835       run  3110 not run  3325 nonzero  177 I in [-2, -1, 1] I_ss all zero True loci 27 firing 20
     {'orders_on_generators': [3, 1, 1], 'chi_mu_lambda_as_zeta12_powers': (0, 4), 'cusp_trivial': False, 'modules': 117, 'nonzero': 12, 'm_values': [1, 2], 'I_values': [-1, 1]}
     {'orders_on_generators': [3, 1, 2], 'chi_mu_lambda_as_zeta12_powers': (6, 4), 'cusp_trivial': False, 'modules': 117, 'nonzero': 10, 'm_values': [1, 2], 'I_values': [-1, 1]}
     {'orders_on_generators': [3, 12, 1], 'chi_mu_lambda_as_zeta12_powers': (0, 6), 'cusp_trivial': False, 'modules': 117, 'nonzero': 7, 'm_values': [1, 2, 3], 'I_values': [-2, -1, 1]}
     {'orders_on_generators': [3, 12, 2], 'chi_mu_lambda_as_zeta12_powers': (6, 6), 'cusp_trivial': False, 'modules': 117, 'nonzero': 7, 'm_values': [1, 2, 3], 'I_values': [-2, -1, 1]}
     {'orders_on_generators': [3, 6, 1], 'chi_mu_lambda_as_zeta12_powers': (0, 8), 'cusp_trivial': False, 'modules': 117, 'nonzero': 12, 'm_values': [1, 2], 'I_values': [-1, 1]}
     {'orders_on_generators': [3, 6, 2], 'chi_mu_lambda_as_zeta12_powers': (6, 8), 'cusp_trivial': False, 'modules': 117, 'nonzero': 10, 'm_values': [1, 2], 'I_values': [-1, 1]}
     {'orders_on_generators': [3, 4, 1], 'chi_mu_lambda_as_zeta12_powers': (0, 10), 'cusp_trivial': False, 'modules': 117, 'nonzero': 7, 'm_values': [1, 2, 3], 'I_values': [-2, -1, 1]}
     {'orders_on_generators': [3, 4, 2], 'chi_mu_lambda_as_zeta12_powers': (6, 10), 'cusp_trivial': False, 'modules': 117, 'nonzero': 7, 'm_values': [1, 2, 3], 'I_values': [-2, -1, 1]}
     {'orders_on_generators': [3, 3, 1], 'chi_mu_lambda_as_zeta12_powers': (0, 0), 'cusp_trivial': True, 'modules': 117, 'nonzero': 12, 'm_values': [1, 2], 'I_values': [-1, 1]}
     {'orders_on_generators': [3, 3, 2], 'chi_mu_lambda_as_zeta12_powers': (6, 0), 'cusp_trivial': False, 'modules': 117, 'nonzero': 10, 'm_values': [1, 2], 'I_values': [-1, 1]}
     {'orders_on_generators': [3, 12, 1], 'chi_mu_lambda_as_zeta12_powers': (0, 2), 'cusp_trivial': False, 'modules': 117, 'nonzero': 7, 'm_values': [1, 2, 3], 'I_values': [-2, -1, 1]}
     {'orders_on_generators': [3, 12, 2], 'chi_mu_lambda_as_zeta12_powers': (6, 2), 'cusp_trivial': False, 'modules': 117, 'nonzero': 7, 'm_values': [1, 2, 3], 'I_values': [-2, -1, 1]}
     {'orders_on_generators': [3, 2, 1], 'chi_mu_lambda_as_zeta12_powers': (0, 4), 'cusp_trivial': False, 'modules': 117, 'nonzero': 12, 'm_values': [1, 2], 'I_values': [-1, 1]}
     {'orders_on_generators': [3, 2, 2], 'chi_mu_lambda_as_zeta12_powers': (6, 4), 'cusp_trivial': False, 'modules': 117, 'nonzero': 10, 'm_values': [1, 2], 'I_values': [-1, 1]}
     {'orders_on_generators': [3, 12, 1], 'chi_mu_lambda_as_zeta12_powers': (0, 6), 'cusp_trivial': False, 'modules': 117, 'nonzero': 7, 'm_values': [1, 2, 3], 'I_values': [-2, -1, 1]}
     {'orders_on_generators': [3, 12, 2], 'chi_mu_lambda_as_zeta12_powers': (6, 6), 'cusp_trivial': False, 'modules': 117, 'nonzero': 7, 'm_values': [1, 2, 3], 'I_values': [-2, -1, 1]}
     {'orders_on_generators': [3, 3, 1], 'chi_mu_lambda_as_zeta12_powers': (0, 8), 'cusp_trivial': False, 'modules': 117, 'nonzero': 12, 'm_values': [1, 2], 'I_values': [-1, 1]}
     {'orders_on_generators': [3, 3, 2], 'chi_mu_lambda_as_zeta12_powers': (6, 8), 'cusp_trivial': False, 'modules': 117, 'nonzero': 10, 'm_values': [1, 2], 'I_values': [-1, 1]}
     {'orders_on_generators': [3, 4, 1], 'chi_mu_lambda_as_zeta12_powers': (0, 10), 'cusp_trivial': False, 'modules': 117, 'nonzero': 7, 'm_values': [1, 2, 3], 'I_values': [-2, -1, 1]}
     {'orders_on_generators': [3, 4, 2], 'chi_mu_lambda_as_zeta12_powers': (6, 10), 'cusp_trivial': False, 'modules': 68, 'nonzero': 4, 'm_values': [1, 2], 'I_values': [-1, 1]}
t12837       run   315 not run     0 nonzero    0 I in [] I_ss all zero True loci 7 firing 0
t12839       run  2385 not run   522 nonzero  104 I in [-1, 1] I_ss all zero True loci 14 firing 13
     {'orders_on_generators': [1, 3, 3], 'chi_mu_lambda_as_zeta12_powers': (0, 0), 'cusp_trivial': True, 'modules': 171, 'nonzero': 8, 'm_values': [1, 2], 'I_values': [-1, 1]}
     {'orders_on_generators': [1, 3, 3], 'chi_mu_lambda_as_zeta12_powers': (0, 0), 'cusp_trivial': True, 'modules': 171, 'nonzero': 8, 'm_values': [1, 2], 'I_values': [-1, 1]}
     {'orders_on_generators': [6, 1, 3], 'chi_mu_lambda_as_zeta12_powers': (0, 6), 'cusp_trivial': False, 'modules': 171, 'nonzero': 8, 'm_values': [1, 2], 'I_values': [-1, 1]}
     {'orders_on_generators': [6, 3, 1], 'chi_mu_lambda_as_zeta12_powers': (0, 6), 'cusp_trivial': False, 'modules': 171, 'nonzero': 8, 'm_values': [1, 2], 'I_values': [-1, 1]}
     {'orders_on_generators': [6, 3, 3], 'chi_mu_lambda_as_zeta12_powers': (0, 6), 'cusp_trivial': False, 'modules': 171, 'nonzero': 8, 'm_values': [1, 2], 'I_values': [-1, 1]}
     {'orders_on_generators': [3, 1, 3], 'chi_mu_lambda_as_zeta12_powers': (0, 0), 'cusp_trivial': True, 'modules': 171, 'nonzero': 8, 'm_values': [1, 2], 'I_values': [-1, 1]}
     {'orders_on_generators': [3, 3, 3], 'chi_mu_lambda_as_zeta12_powers': (0, 0), 'cusp_trivial': True, 'modules': 171, 'nonzero': 8, 'm_values': [1, 2], 'I_values': [-1, 1]}
     {'orders_on_generators': [3, 3, 1], 'chi_mu_lambda_as_zeta12_powers': (0, 0), 'cusp_trivial': True, 'modules': 171, 'nonzero': 8, 'm_values': [1, 2], 'I_values': [-1, 1]}
     {'orders_on_generators': [2, 3, 3], 'chi_mu_lambda_as_zeta12_powers': (0, 6), 'cusp_trivial': False, 'modules': 171, 'nonzero': 8, 'm_values': [1, 2], 'I_values': [-1, 1]}
     {'orders_on_generators': [2, 3, 3], 'chi_mu_lambda_as_zeta12_powers': (0, 6), 'cusp_trivial': False, 'modules': 171, 'nonzero': 8, 'm_values': [1, 2], 'I_values': [-1, 1]}
     {'orders_on_generators': [3, 1, 3], 'chi_mu_lambda_as_zeta12_powers': (0, 0), 'cusp_trivial': True, 'modules': 171, 'nonzero': 8, 'm_values': [1, 2], 'I_values': [-1, 1]}
     {'orders_on_generators': [3, 3, 1], 'chi_mu_lambda_as_zeta12_powers': (0, 0), 'cusp_trivial': True, 'modules': 171, 'nonzero': 8, 'm_values': [1, 2], 'I_values': [-1, 1]}
     {'orders_on_generators': [3, 3, 3], 'chi_mu_lambda_as_zeta12_powers': (0, 0), 'cusp_trivial': True, 'modules': 162, 'nonzero': 8, 'm_values': [1, 2], 'I_values': [-1, 1]}
v2873        run  3627 not run     0 nonzero   56 I in [-1, 1] I_ss all zero True loci 31 firing 8
     {'orders_on_generators': [12, 12], 'chi_mu_lambda_as_zeta12_powers': (6, 6), 'cusp_trivial': False, 'modules': 117, 'nonzero': 7, 'm_values': [1, 2, 3], 'I_values': [-1, 1]}
     {'orders_on_generators': [12, 12], 'chi_mu_lambda_as_zeta12_powers': (0, 6), 'cusp_trivial': False, 'modules': 117, 'nonzero': 7, 'm_values': [1, 2, 3], 'I_values': [-1, 1]}
     {'orders_on_generators': [12, 12], 'chi_mu_lambda_as_zeta12_powers': (6, 6), 'cusp_trivial': False, 'modules': 117, 'nonzero': 7, 'm_values': [1, 2, 3], 'I_values': [-1, 1]}
     {'orders_on_generators': [12, 12], 'chi_mu_lambda_as_zeta12_powers': (0, 6), 'cusp_trivial': False, 'modules': 117, 'nonzero': 7, 'm_values': [1, 2, 3], 'I_values': [-1, 1]}
     {'orders_on_generators': [12, 12], 'chi_mu_lambda_as_zeta12_powers': (0, 6), 'cusp_trivial': False, 'modules': 117, 'nonzero': 7, 'm_values': [1, 2, 3], 'I_values': [-1, 1]}
     {'orders_on_generators': [12, 12], 'chi_mu_lambda_as_zeta12_powers': (6, 6), 'cusp_trivial': False, 'modules': 117, 'nonzero': 7, 'm_values': [1, 2, 3], 'I_values': [-1, 1]}
     {'orders_on_generators': [12, 12], 'chi_mu_lambda_as_zeta12_powers': (0, 6), 'cusp_trivial': False, 'modules': 117, 'nonzero': 7, 'm_values': [1, 2, 3], 'I_values': [-1, 1]}
     {'orders_on_generators': [12, 12], 'chi_mu_lambda_as_zeta12_powers': (6, 6), 'cusp_trivial': False, 'modules': 117, 'nonzero': 7, 'm_values': [1, 2, 3], 'I_values': [-1, 1]}
