m004: 2 generators, 1 relators, 6 characters into S
  reducible non-split loci (h^1(chi^2) > 0, chi non-trivial): 5
  locus chi#0=a:('1', '0'),b:('-1', '0') h1=1
==> m004 chi#0=a:('1', '0'),b:('-1', '0') h1=1 m=1 psi=a:('1', '0'),b:('1', '0'): I(V) = 0   I(V^ss) = 0
==> m004 chi#0=a:('1', '0'),b:('-1', '0') h1=1 m=1 psi=a:('1', '0'),b:('-1', '0'): I(V) = 0   I(V^ss) = 0
==> m004 chi#0=a:('1', '0'),b:('-1', '0') h1=1 m=1 psi=a:('1', '0'),b:('0', '1'): I(V) = 0   I(V^ss) = 0
==> m004 chi#0=a:('1', '0'),b:('-1', '0') h1=1 m=1 psi=a:('1', '0'),b:('0', '-1'): I(V) = 0   I(V^ss) = 0
==> m004 chi#0=a:('1', '0'),b:('-1', '0') h1=1 m=1 psi=a:('1', '0'),b:('-1', '1'): I(V) = 0   I(V^ss) = 0
==> m004 chi#0=a:('1', '0'),b:('-1', '0') h1=1 m=1 psi=a:('1', '0'),b:('1', '-1'): I(V) = 0   I(V^ss) = 0
==> m004 chi#0=a:('1', '0'),b:('-1', '0') h1=1 m=1 psi=chi^1: I(V) = 0   I(V^ss) = 0
==> m004 chi#0=a:('1', '0'),b:('-1', '0') h1=1 m=1 psi=chi^2: I(V) = 0   I(V^ss) = 0
==> m004 chi#0=a:('1', '0'),b:('-1', '0') h1=1 m=1 psi=chi^3: I(V) = 0   I(V^ss) = 0
==> m004 chi#0=a:('1', '0'),b:('-1', '0') h1=1 m=2 psi=a:('1', '0'),b:('1', '0'): I(V) = 0   I(V^ss) = 0
==> m004 chi#0=a:('1', '0'),b:('-1', '0') h1=1 m=2 psi=a:('1', '0'),b:('-1', '0'): I(V) = 0   I(V^ss) = 0
==> m004 chi#0=a:('1', '0'),b:('-1', '0') h1=1 m=2 psi=a:('1', '0'),b:('0', '1'): I(V) = 0   I(V^ss) = 0
==> m004 chi#0=a:('1', '0'),b:('-1', '0') h1=1 m=2 psi=a:('1', '0'),b:('0', '-1'): I(V) = 0   I(V^ss) = 0
==> m004 chi#0=a:('1', '0'),b:('-1', '0') h1=1 m=2 psi=a:('1', '0'),b:('-1', '1'): I(V) = 0   I(V^ss) = 0
==> m004 chi#0=a:('1', '0'),b:('-1', '0') h1=1 m=2 psi=a:('1', '0'),b:('1', '-1'): I(V) = 0   I(V^ss) = 0
==> m004 chi#0=a:('1', '0'),b:('-1', '0') h1=1 m=2 psi=chi^1: I(V) = 0   I(V^ss) = 0
==> m004 chi#0=a:('1', '0'),b:('-1', '0') h1=1 m=2 psi=chi^2: I(V) = 0   I(V^ss) = 0
==> m004 chi#0=a:('1', '0'),b:('-1', '0') h1=1 m=2 psi=chi^3: I(V) = 0   I(V^ss) = 0
==> m004 chi#0=a:('1', '0'),b:('-1', '0') h1=1 m=3 psi=a:('1', '0'),b:('1', '0'): I(V) = 0   I(V^ss) = 0
==> m004 chi#0=a:('1', '0'),b:('-1', '0') h1=1 m=3 psi=a:('1', '0'),b:('-1', '0'): I(V) = 0   I(V^ss) = 0
==> m004 chi#0=a:('1', '0'),b:('-1', '0') h1=1 m=3 psi=a:('1', '0'),b:('0', '1'): I(V) = 0   I(V^ss) = 0
==> m004 chi#0=a:('1', '0'),b:('-1', '0') h1=1 m=3 psi=a:('1', '0'),b:('0', '-1'): I(V) = 0   I(V^ss) = 0
==> m004 chi#0=a:('1', '0'),b:('-1', '0') h1=1 m=3 psi=a:('1', '0'),b:('-1', '1'): I(V) = 0   I(V^ss) = 0
==> m004 chi#0=a:('1', '0'),b:('-1', '0') h1=1 m=3 psi=a:('1', '0'),b:('1', '-1'): I(V) = 0   I(V^ss) = 0
==> m004 chi#0=a:('1', '0'),b:('-1', '0') h1=1 m=3 psi=chi^1: I(V) = 0   I(V^ss) = 0
==> m004 chi#0=a:('1', '0'),b:('-1', '0') h1=1 m=3 psi=chi^2: I(V) = 0   I(V^ss) = 0
==> m004 chi#0=a:('1', '0'),b:('-1', '0') h1=1 m=3 psi=chi^3: I(V) = 0   I(V^ss) = 0
==> m004 chi#0=a:('1', '0'),b:('-1', '0') h1=1 m=4 psi=a:('1', '0'),b:('1', '0'): I(V) = 0   I(V^ss) = 0
==> m004 chi#0=a:('1', '0'),b:('-1', '0') h1=1 m=4 psi=a:('1', '0'),b:('-1', '0'): I(V) = 0   I(V^ss) = 0
==> m004 chi#0=a:('1', '0'),b:('-1', '0') h1=1 m=4 psi=a:('1', '0'),b:('0', '1'): I(V) = 0   I(V^ss) = 0
==> m004 chi#0=a:('1', '0'),b:('-1', '0') h1=1 m=4 psi=a:('1', '0'),b:('0', '-1'): I(V) = 0   I(V^ss) = 0
==> m004 chi#0=a:('1', '0'),b:('-1', '0') h1=1 m=4 psi=a:('1', '0'),b:('-1', '1'): I(V) = 0   I(V^ss) = 0
==> m004 chi#0=a:('1', '0'),b:('-1', '0') h1=1 m=4 psi=a:('1', '0'),b:('1', '-1'): I(V) = 0   I(V^ss) = 0
==> m004 chi#0=a:('1', '0'),b:('-1', '0') h1=1 m=4 psi=chi^1: I(V) = 0   I(V^ss) = 0
==> m004 chi#0=a:('1', '0'),b:('-1', '0') h1=1 m=4 psi=chi^2: I(V) = 0   I(V^ss) = 0
==> m004 chi#0=a:('1', '0'),b:('-1', '0') h1=1 m=4 psi=chi^3: I(V) = 0   I(V^ss) = 0
  locus chi#1=a:('1', '0'),b:('0', '1') h1=1
==> m004 chi#1=a:('1', '0'),b:('0', '1') h1=1 m=1 psi=a:('1', '0'),b:('1', '0'): I(V) = 0   I(V^ss) = 0
==> m004 chi#1=a:('1', '0'),b:('0', '1') h1=1 m=1 psi=a:('1', '0'),b:('-1', '0'): I(V) = 0   I(V^ss) = 0
==> m004 chi#1=a:('1', '0'),b:('0', '1') h1=1 m=1 psi=a:('1', '0'),b:('0', '1'): I(V) = 0   I(V^ss) = 0
==> m004 chi#1=a:('1', '0'),b:('0', '1') h1=1 m=1 psi=a:('1', '0'),b:('0', '-1'): I(V) = 0   I(V^ss) = 0
==> m004 chi#1=a:('1', '0'),b:('0', '1') h1=1 m=1 psi=a:('1', '0'),b:('-1', '1'): I(V) = 0   I(V^ss) = 0
==> m004 chi#1=a:('1', '0'),b:('0', '1') h1=1 m=1 psi=a:('1', '0'),b:('1', '-1'): I(V) = 0   I(V^ss) = 0
==> m004 chi#1=a:('1', '0'),b:('0', '1') h1=1 m=1 psi=chi^1: I(V) = 0   I(V^ss) = 0
==> m004 chi#1=a:('1', '0'),b:('0', '1') h1=1 m=1 psi=chi^2: I(V) = 0   I(V^ss) = 0
==> m004 chi#1=a:('1', '0'),b:('0', '1') h1=1 m=1 psi=chi^3: I(V) = 0   I(V^ss) = 0
==> m004 chi#1=a:('1', '0'),b:('0', '1') h1=1 m=2 psi=a:('1', '0'),b:('1', '0'): I(V) = 0   I(V^ss) = 0
==> m004 chi#1=a:('1', '0'),b:('0', '1') h1=1 m=2 psi=a:('1', '0'),b:('-1', '0'): I(V) = 0   I(V^ss) = 0
==> m004 chi#1=a:('1', '0'),b:('0', '1') h1=1 m=2 psi=a:('1', '0'),b:('0', '1'): I(V) = 0   I(V^ss) = 0
==> m004 chi#1=a:('1', '0'),b:('0', '1') h1=1 m=2 psi=a:('1', '0'),b:('0', '-1'): I(V) = 0   I(V^ss) = 0
==> m004 chi#1=a:('1', '0'),b:('0', '1') h1=1 m=2 psi=a:('1', '0'),b:('-1', '1'): I(V) = 0   I(V^ss) = 0
==> m004 chi#1=a:('1', '0'),b:('0', '1') h1=1 m=2 psi=a:('1', '0'),b:('1', '-1'): I(V) = 0   I(V^ss) = 0
==> m004 chi#1=a:('1', '0'),b:('0', '1') h1=1 m=2 psi=chi^1: I(V) = 0   I(V^ss) = 0
==> m004 chi#1=a:('1', '0'),b:('0', '1') h1=1 m=2 psi=chi^2: I(V) = 0   I(V^ss) = 0
==> m004 chi#1=a:('1', '0'),b:('0', '1') h1=1 m=2 psi=chi^3: I(V) = 0   I(V^ss) = 0
==> m004 chi#1=a:('1', '0'),b:('0', '1') h1=1 m=3 psi=a:('1', '0'),b:('1', '0'): I(V) = 0   I(V^ss) = 0
==> m004 chi#1=a:('1', '0'),b:('0', '1') h1=1 m=3 psi=a:('1', '0'),b:('-1', '0'): I(V) = 0   I(V^ss) = 0
==> m004 chi#1=a:('1', '0'),b:('0', '1') h1=1 m=3 psi=a:('1', '0'),b:('0', '1'): I(V) = 0   I(V^ss) = 0
==> m004 chi#1=a:('1', '0'),b:('0', '1') h1=1 m=3 psi=a:('1', '0'),b:('0', '-1'): I(V) = 0   I(V^ss) = 0
==> m004 chi#1=a:('1', '0'),b:('0', '1') h1=1 m=3 psi=a:('1', '0'),b:('-1', '1'): I(V) = 0   I(V^ss) = 0
==> m004 chi#1=a:('1', '0'),b:('0', '1') h1=1 m=3 psi=a:('1', '0'),b:('1', '-1'): I(V) = 0   I(V^ss) = 0
==> m004 chi#1=a:('1', '0'),b:('0', '1') h1=1 m=3 psi=chi^1: I(V) = 0   I(V^ss) = 0
==> m004 chi#1=a:('1', '0'),b:('0', '1') h1=1 m=3 psi=chi^2: I(V) = 0   I(V^ss) = 0
==> m004 chi#1=a:('1', '0'),b:('0', '1') h1=1 m=3 psi=chi^3: I(V) = 0   I(V^ss) = 0
==> m004 chi#1=a:('1', '0'),b:('0', '1') h1=1 m=4 psi=a:('1', '0'),b:('1', '0'): I(V) = 0   I(V^ss) = 0
==> m004 chi#1=a:('1', '0'),b:('0', '1') h1=1 m=4 psi=a:('1', '0'),b:('-1', '0'): I(V) = 0   I(V^ss) = 0
==> m004 chi#1=a:('1', '0'),b:('0', '1') h1=1 m=4 psi=a:('1', '0'),b:('0', '1'): I(V) = 0   I(V^ss) = 0
==> m004 chi#1=a:('1', '0'),b:('0', '1') h1=1 m=4 psi=a:('1', '0'),b:('0', '-1'): I(V) = 0   I(V^ss) = 0
==> m004 chi#1=a:('1', '0'),b:('0', '1') h1=1 m=4 psi=a:('1', '0'),b:('-1', '1'): I(V) = 0   I(V^ss) = 0
==> m004 chi#1=a:('1', '0'),b:('0', '1') h1=1 m=4 psi=a:('1', '0'),b:('1', '-1'): I(V) = 0   I(V^ss) = 0
==> m004 chi#1=a:('1', '0'),b:('0', '1') h1=1 m=4 psi=chi^1: I(V) = 0   I(V^ss) = 0
==> m004 chi#1=a:('1', '0'),b:('0', '1') h1=1 m=4 psi=chi^2: I(V) = 0   I(V^ss) = 0
==> m004 chi#1=a:('1', '0'),b:('0', '1') h1=1 m=4 psi=chi^3: I(V) = 0   I(V^ss) = 0
  locus chi#2=a:('1', '0'),b:('0', '-1') h1=1
==> m004 chi#2=a:('1', '0'),b:('0', '-1') h1=1 m=1 psi=a:('1', '0'),b:('1', '0'): I(V) = 0   I(V^ss) = 0
==> m004 chi#2=a:('1', '0'),b:('0', '-1') h1=1 m=1 psi=a:('1', '0'),b:('-1', '0'): I(V) = 0   I(V^ss) = 0
==> m004 chi#2=a:('1', '0'),b:('0', '-1') h1=1 m=1 psi=a:('1', '0'),b:('0', '1'): I(V) = 0   I(V^ss) = 0
==> m004 chi#2=a:('1', '0'),b:('0', '-1') h1=1 m=1 psi=a:('1', '0'),b:('0', '-1'): I(V) = 0   I(V^ss) = 0
==> m004 chi#2=a:('1', '0'),b:('0', '-1') h1=1 m=1 psi=a:('1', '0'),b:('-1', '1'): I(V) = 0   I(V^ss) = 0
==> m004 chi#2=a:('1', '0'),b:('0', '-1') h1=1 m=1 psi=a:('1', '0'),b:('1', '-1'): I(V) = 0   I(V^ss) = 0
==> m004 chi#2=a:('1', '0'),b:('0', '-1') h1=1 m=1 psi=chi^1: I(V) = 0   I(V^ss) = 0
==> m004 chi#2=a:('1', '0'),b:('0', '-1') h1=1 m=1 psi=chi^2: I(V) = 0   I(V^ss) = 0
==> m004 chi#2=a:('1', '0'),b:('0', '-1') h1=1 m=1 psi=chi^3: I(V) = 0   I(V^ss) = 0
==> m004 chi#2=a:('1', '0'),b:('0', '-1') h1=1 m=2 psi=a:('1', '0'),b:('1', '0'): I(V) = 0   I(V^ss) = 0
==> m004 chi#2=a:('1', '0'),b:('0', '-1') h1=1 m=2 psi=a:('1', '0'),b:('-1', '0'): I(V) = 0   I(V^ss) = 0
==> m004 chi#2=a:('1', '0'),b:('0', '-1') h1=1 m=2 psi=a:('1', '0'),b:('0', '1'): I(V) = 0   I(V^ss) = 0
==> m004 chi#2=a:('1', '0'),b:('0', '-1') h1=1 m=2 psi=a:('1', '0'),b:('0', '-1'): I(V) = 0   I(V^ss) = 0
==> m004 chi#2=a:('1', '0'),b:('0', '-1') h1=1 m=2 psi=a:('1', '0'),b:('-1', '1'): I(V) = 0   I(V^ss) = 0
==> m004 chi#2=a:('1', '0'),b:('0', '-1') h1=1 m=2 psi=a:('1', '0'),b:('1', '-1'): I(V) = 0   I(V^ss) = 0
==> m004 chi#2=a:('1', '0'),b:('0', '-1') h1=1 m=2 psi=chi^1: I(V) = 0   I(V^ss) = 0
==> m004 chi#2=a:('1', '0'),b:('0', '-1') h1=1 m=2 psi=chi^2: I(V) = 0   I(V^ss) = 0
==> m004 chi#2=a:('1', '0'),b:('0', '-1') h1=1 m=2 psi=chi^3: I(V) = 0   I(V^ss) = 0
==> m004 chi#2=a:('1', '0'),b:('0', '-1') h1=1 m=3 psi=a:('1', '0'),b:('1', '0'): I(V) = 0   I(V^ss) = 0
==> m004 chi#2=a:('1', '0'),b:('0', '-1') h1=1 m=3 psi=a:('1', '0'),b:('-1', '0'): I(V) = 0   I(V^ss) = 0
==> m004 chi#2=a:('1', '0'),b:('0', '-1') h1=1 m=3 psi=a:('1', '0'),b:('0', '1'): I(V) = 0   I(V^ss) = 0
==> m004 chi#2=a:('1', '0'),b:('0', '-1') h1=1 m=3 psi=a:('1', '0'),b:('0', '-1'): I(V) = 0   I(V^ss) = 0
==> m004 chi#2=a:('1', '0'),b:('0', '-1') h1=1 m=3 psi=a:('1', '0'),b:('-1', '1'): I(V) = 0   I(V^ss) = 0
==> m004 chi#2=a:('1', '0'),b:('0', '-1') h1=1 m=3 psi=a:('1', '0'),b:('1', '-1'): I(V) = 0   I(V^ss) = 0
==> m004 chi#2=a:('1', '0'),b:('0', '-1') h1=1 m=3 psi=chi^1: I(V) = 0   I(V^ss) = 0
==> m004 chi#2=a:('1', '0'),b:('0', '-1') h1=1 m=3 psi=chi^2: I(V) = 0   I(V^ss) = 0
==> m004 chi#2=a:('1', '0'),b:('0', '-1') h1=1 m=3 psi=chi^3: I(V) = 0   I(V^ss) = 0
==> m004 chi#2=a:('1', '0'),b:('0', '-1') h1=1 m=4 psi=a:('1', '0'),b:('1', '0'): I(V) = 0   I(V^ss) = 0
==> m004 chi#2=a:('1', '0'),b:('0', '-1') h1=1 m=4 psi=a:('1', '0'),b:('-1', '0'): I(V) = 0   I(V^ss) = 0
==> m004 chi#2=a:('1', '0'),b:('0', '-1') h1=1 m=4 psi=a:('1', '0'),b:('0', '1'): I(V) = 0   I(V^ss) = 0
==> m004 chi#2=a:('1', '0'),b:('0', '-1') h1=1 m=4 psi=a:('1', '0'),b:('0', '-1'): I(V) = 0   I(V^ss) = 0
==> m004 chi#2=a:('1', '0'),b:('0', '-1') h1=1 m=4 psi=a:('1', '0'),b:('-1', '1'): I(V) = 0   I(V^ss) = 0
==> m004 chi#2=a:('1', '0'),b:('0', '-1') h1=1 m=4 psi=a:('1', '0'),b:('1', '-1'): I(V) = 0   I(V^ss) = 0
==> m004 chi#2=a:('1', '0'),b:('0', '-1') h1=1 m=4 psi=chi^1: I(V) = 0   I(V^ss) = 0
==> m004 chi#2=a:('1', '0'),b:('0', '-1') h1=1 m=4 psi=chi^2: I(V) = 0   I(V^ss) = 0
==> m004 chi#2=a:('1', '0'),b:('0', '-1') h1=1 m=4 psi=chi^3: I(V) = 0   I(V^ss) = 0
  locus chi#3=a:('1', '0'),b:('-1', '1') h1=1
==> m004 chi#3=a:('1', '0'),b:('-1', '1') h1=1 m=1 psi=a:('1', '0'),b:('1', '0'): I(V) = 0   I(V^ss) = 0
==> m004 chi#3=a:('1', '0'),b:('-1', '1') h1=1 m=1 psi=a:('1', '0'),b:('-1', '0'): I(V) = 0   I(V^ss) = 0
==> m004 chi#3=a:('1', '0'),b:('-1', '1') h1=1 m=1 psi=a:('1', '0'),b:('0', '1'): I(V) = 0   I(V^ss) = 0
==> m004 chi#3=a:('1', '0'),b:('-1', '1') h1=1 m=1 psi=a:('1', '0'),b:('0', '-1'): I(V) = 0   I(V^ss) = 0
==> m004 chi#3=a:('1', '0'),b:('-1', '1') h1=1 m=1 psi=a:('1', '0'),b:('-1', '1'): I(V) = 0   I(V^ss) = 0
==> m004 chi#3=a:('1', '0'),b:('-1', '1') h1=1 m=1 psi=a:('1', '0'),b:('1', '-1'): I(V) = 0   I(V^ss) = 0
==> m004 chi#3=a:('1', '0'),b:('-1', '1') h1=1 m=1 psi=chi^1: I(V) = 0   I(V^ss) = 0
==> m004 chi#3=a:('1', '0'),b:('-1', '1') h1=1 m=1 psi=chi^2: I(V) = 0   I(V^ss) = 0
==> m004 chi#3=a:('1', '0'),b:('-1', '1') h1=1 m=1 psi=chi^3: I(V) = 0   I(V^ss) = 0
==> m004 chi#3=a:('1', '0'),b:('-1', '1') h1=1 m=2 psi=a:('1', '0'),b:('1', '0'): I(V) = 0   I(V^ss) = 0
==> m004 chi#3=a:('1', '0'),b:('-1', '1') h1=1 m=2 psi=a:('1', '0'),b:('-1', '0'): I(V) = 0   I(V^ss) = 0
==> m004 chi#3=a:('1', '0'),b:('-1', '1') h1=1 m=2 psi=a:('1', '0'),b:('0', '1'): I(V) = 0   I(V^ss) = 0
==> m004 chi#3=a:('1', '0'),b:('-1', '1') h1=1 m=2 psi=a:('1', '0'),b:('0', '-1'): I(V) = 0   I(V^ss) = 0
==> m004 chi#3=a:('1', '0'),b:('-1', '1') h1=1 m=2 psi=a:('1', '0'),b:('-1', '1'): I(V) = 0   I(V^ss) = 0
==> m004 chi#3=a:('1', '0'),b:('-1', '1') h1=1 m=2 psi=a:('1', '0'),b:('1', '-1'): I(V) = 0   I(V^ss) = 0
==> m004 chi#3=a:('1', '0'),b:('-1', '1') h1=1 m=2 psi=chi^1: I(V) = 0   I(V^ss) = 0
==> m004 chi#3=a:('1', '0'),b:('-1', '1') h1=1 m=2 psi=chi^2: I(V) = 0   I(V^ss) = 0
==> m004 chi#3=a:('1', '0'),b:('-1', '1') h1=1 m=2 psi=chi^3: I(V) = 0   I(V^ss) = 0
==> m004 chi#3=a:('1', '0'),b:('-1', '1') h1=1 m=3 psi=a:('1', '0'),b:('1', '0'): I(V) = 0   I(V^ss) = 0
==> m004 chi#3=a:('1', '0'),b:('-1', '1') h1=1 m=3 psi=a:('1', '0'),b:('-1', '0'): I(V) = 0   I(V^ss) = 0
==> m004 chi#3=a:('1', '0'),b:('-1', '1') h1=1 m=3 psi=a:('1', '0'),b:('0', '1'): I(V) = 0   I(V^ss) = 0
==> m004 chi#3=a:('1', '0'),b:('-1', '1') h1=1 m=3 psi=a:('1', '0'),b:('0', '-1'): I(V) = 0   I(V^ss) = 0
==> m004 chi#3=a:('1', '0'),b:('-1', '1') h1=1 m=3 psi=a:('1', '0'),b:('-1', '1'): I(V) = 0   I(V^ss) = 0
==> m004 chi#3=a:('1', '0'),b:('-1', '1') h1=1 m=3 psi=a:('1', '0'),b:('1', '-1'): I(V) = 0   I(V^ss) = 0
==> m004 chi#3=a:('1', '0'),b:('-1', '1') h1=1 m=3 psi=chi^1: I(V) = 0   I(V^ss) = 0
==> m004 chi#3=a:('1', '0'),b:('-1', '1') h1=1 m=3 psi=chi^2: I(V) = 0   I(V^ss) = 0
==> m004 chi#3=a:('1', '0'),b:('-1', '1') h1=1 m=3 psi=chi^3: I(V) = 0   I(V^ss) = 0
==> m004 chi#3=a:('1', '0'),b:('-1', '1') h1=1 m=4 psi=a:('1', '0'),b:('1', '0'): I(V) = 0   I(V^ss) = 0
==> m004 chi#3=a:('1', '0'),b:('-1', '1') h1=1 m=4 psi=a:('1', '0'),b:('-1', '0'): I(V) = 0   I(V^ss) = 0
==> m004 chi#3=a:('1', '0'),b:('-1', '1') h1=1 m=4 psi=a:('1', '0'),b:('0', '1'): I(V) = 0   I(V^ss) = 0
==> m004 chi#3=a:('1', '0'),b:('-1', '1') h1=1 m=4 psi=a:('1', '0'),b:('0', '-1'): I(V) = 0   I(V^ss) = 0
==> m004 chi#3=a:('1', '0'),b:('-1', '1') h1=1 m=4 psi=a:('1', '0'),b:('-1', '1'): I(V) = 0   I(V^ss) = 0
==> m004 chi#3=a:('1', '0'),b:('-1', '1') h1=1 m=4 psi=a:('1', '0'),b:('1', '-1'): I(V) = 0   I(V^ss) = 0
==> m004 chi#3=a:('1', '0'),b:('-1', '1') h1=1 m=4 psi=chi^1: I(V) = 0   I(V^ss) = 0
==> m004 chi#3=a:('1', '0'),b:('-1', '1') h1=1 m=4 psi=chi^2: I(V) = 0   I(V^ss) = 0
==> m004 chi#3=a:('1', '0'),b:('-1', '1') h1=1 m=4 psi=chi^3: I(V) = 0   I(V^ss) = 0
  locus chi#4=a:('1', '0'),b:('1', '-1') h1=1
==> m004 chi#4=a:('1', '0'),b:('1', '-1') h1=1 m=1 psi=a:('1', '0'),b:('1', '0'): I(V) = 0   I(V^ss) = 0
==> m004 chi#4=a:('1', '0'),b:('1', '-1') h1=1 m=1 psi=a:('1', '0'),b:('-1', '0'): I(V) = 0   I(V^ss) = 0
==> m004 chi#4=a:('1', '0'),b:('1', '-1') h1=1 m=1 psi=a:('1', '0'),b:('0', '1'): I(V) = 0   I(V^ss) = 0
==> m004 chi#4=a:('1', '0'),b:('1', '-1') h1=1 m=1 psi=a:('1', '0'),b:('0', '-1'): I(V) = 0   I(V^ss) = 0
==> m004 chi#4=a:('1', '0'),b:('1', '-1') h1=1 m=1 psi=a:('1', '0'),b:('-1', '1'): I(V) = 0   I(V^ss) = 0
==> m004 chi#4=a:('1', '0'),b:('1', '-1') h1=1 m=1 psi=a:('1', '0'),b:('1', '-1'): I(V) = 0   I(V^ss) = 0
==> m004 chi#4=a:('1', '0'),b:('1', '-1') h1=1 m=1 psi=chi^1: I(V) = 0   I(V^ss) = 0
==> m004 chi#4=a:('1', '0'),b:('1', '-1') h1=1 m=1 psi=chi^2: I(V) = 0   I(V^ss) = 0
==> m004 chi#4=a:('1', '0'),b:('1', '-1') h1=1 m=1 psi=chi^3: I(V) = 0   I(V^ss) = 0
==> m004 chi#4=a:('1', '0'),b:('1', '-1') h1=1 m=2 psi=a:('1', '0'),b:('1', '0'): I(V) = 0   I(V^ss) = 0
==> m004 chi#4=a:('1', '0'),b:('1', '-1') h1=1 m=2 psi=a:('1', '0'),b:('-1', '0'): I(V) = 0   I(V^ss) = 0
==> m004 chi#4=a:('1', '0'),b:('1', '-1') h1=1 m=2 psi=a:('1', '0'),b:('0', '1'): I(V) = 0   I(V^ss) = 0
==> m004 chi#4=a:('1', '0'),b:('1', '-1') h1=1 m=2 psi=a:('1', '0'),b:('0', '-1'): I(V) = 0   I(V^ss) = 0
==> m004 chi#4=a:('1', '0'),b:('1', '-1') h1=1 m=2 psi=a:('1', '0'),b:('-1', '1'): I(V) = 0   I(V^ss) = 0
==> m004 chi#4=a:('1', '0'),b:('1', '-1') h1=1 m=2 psi=a:('1', '0'),b:('1', '-1'): I(V) = 0   I(V^ss) = 0
==> m004 chi#4=a:('1', '0'),b:('1', '-1') h1=1 m=2 psi=chi^1: I(V) = 0   I(V^ss) = 0
==> m004 chi#4=a:('1', '0'),b:('1', '-1') h1=1 m=2 psi=chi^2: I(V) = 0   I(V^ss) = 0
==> m004 chi#4=a:('1', '0'),b:('1', '-1') h1=1 m=2 psi=chi^3: I(V) = 0   I(V^ss) = 0
==> m004 chi#4=a:('1', '0'),b:('1', '-1') h1=1 m=3 psi=a:('1', '0'),b:('1', '0'): I(V) = 0   I(V^ss) = 0
==> m004 chi#4=a:('1', '0'),b:('1', '-1') h1=1 m=3 psi=a:('1', '0'),b:('-1', '0'): I(V) = 0   I(V^ss) = 0
==> m004 chi#4=a:('1', '0'),b:('1', '-1') h1=1 m=3 psi=a:('1', '0'),b:('0', '1'): I(V) = 0   I(V^ss) = 0
==> m004 chi#4=a:('1', '0'),b:('1', '-1') h1=1 m=3 psi=a:('1', '0'),b:('0', '-1'): I(V) = 0   I(V^ss) = 0
==> m004 chi#4=a:('1', '0'),b:('1', '-1') h1=1 m=3 psi=a:('1', '0'),b:('-1', '1'): I(V) = 0   I(V^ss) = 0
==> m004 chi#4=a:('1', '0'),b:('1', '-1') h1=1 m=3 psi=a:('1', '0'),b:('1', '-1'): I(V) = 0   I(V^ss) = 0
==> m004 chi#4=a:('1', '0'),b:('1', '-1') h1=1 m=3 psi=chi^1: I(V) = 0   I(V^ss) = 0
==> m004 chi#4=a:('1', '0'),b:('1', '-1') h1=1 m=3 psi=chi^2: I(V) = 0   I(V^ss) = 0
==> m004 chi#4=a:('1', '0'),b:('1', '-1') h1=1 m=3 psi=chi^3: I(V) = 0   I(V^ss) = 0
==> m004 chi#4=a:('1', '0'),b:('1', '-1') h1=1 m=4 psi=a:('1', '0'),b:('1', '0'): I(V) = 0   I(V^ss) = 0
==> m004 chi#4=a:('1', '0'),b:('1', '-1') h1=1 m=4 psi=a:('1', '0'),b:('-1', '0'): I(V) = 0   I(V^ss) = 0
==> m004 chi#4=a:('1', '0'),b:('1', '-1') h1=1 m=4 psi=a:('1', '0'),b:('0', '1'): I(V) = 0   I(V^ss) = 0
==> m004 chi#4=a:('1', '0'),b:('1', '-1') h1=1 m=4 psi=a:('1', '0'),b:('0', '-1'): I(V) = 0   I(V^ss) = 0
==> m004 chi#4=a:('1', '0'),b:('1', '-1') h1=1 m=4 psi=a:('1', '0'),b:('-1', '1'): I(V) = 0   I(V^ss) = 0
==> m004 chi#4=a:('1', '0'),b:('1', '-1') h1=1 m=4 psi=a:('1', '0'),b:('1', '-1'): I(V) = 0   I(V^ss) = 0
==> m004 chi#4=a:('1', '0'),b:('1', '-1') h1=1 m=4 psi=chi^1: I(V) = 0   I(V^ss) = 0
==> m004 chi#4=a:('1', '0'),b:('1', '-1') h1=1 m=4 psi=chi^2: I(V) = 0   I(V^ss) = 0
==> m004 chi#4=a:('1', '0'),b:('1', '-1') h1=1 m=4 psi=chi^3: I(V) = 0   I(V^ss) = 0
m004: modules run 180, not run 0, NONZERO I: 0
