[V2-0] Fricke parametrization built: tr A=x, tr B=y, tr AB=z, dets=1
[V2-0] tr[a,b] identity verified: x²+y²+z²-xyz-2
[V2-1] solving fixed-point system on the Markov surface (deg-bounds [2, 1, 3, 3]) 
[V2-1] fixed points found: 3
[V2-1]   triple field-degree 2: (3/2 - sqrt(3)*I/2, 3/2 + sqrt(3)*I/2, 3/2 + sqrt(3)*I/2)
[V2-1]   triple field-degree 2: (3/2 + sqrt(3)*I/2, 3/2 - sqrt(3)*I/2, 3/2 - sqrt(3)*I/2)
[V2-2] solving fixed-point system on the Markov surface (deg-bounds [5, 2, 7, 3]) 
[V2-2] fixed points found: 9
[V2-2]   triple field-degree 8: (-sqrt(1 + sqrt(2)) - I*sqrt(-1 + sqrt(2)), -sqrt(1 + sqrt(2)) + I*sqrt(-1 + sqrt(2)), sqrt(2) - sqrt(2)*I)
[V2-2]   triple field-degree 8: (-sqrt(1 + sqrt(2)) - I*sqrt(-1 + sqrt(2)), sqrt(1 + sqrt(2)) - I*sqrt(-1 + sqrt(2)), -sqrt(2) + sqrt(2)*I)
[V2-2]   triple field-degree 8: (-sqrt(1 + sqrt(2)) + I*sqrt(-1 + sqrt(2)), -sqrt(1 + sqrt(2)) - I*sqrt(-1 + sqrt(2)), sqrt(2) + sqrt(2)*I)
[V2-2]   triple field-degree 8: (-sqrt(1 + sqrt(2)) + I*sqrt(-1 + sqrt(2)), sqrt(1 + sqrt(2)) + I*sqrt(-1 + sqrt(2)), -sqrt(2) - sqrt(2)*I)
[V2-2]   triple field-degree 8: (sqrt(1 + sqrt(2)) + I*sqrt(-1 + sqrt(2)), -sqrt(1 + sqrt(2)) + I*sqrt(-1 + sqrt(2)), -sqrt(2) + sqrt(2)*I)
[V2-2]   triple field-degree 8: (sqrt(1 + sqrt(2)) + I*sqrt(-1 + sqrt(2)), sqrt(1 + sqrt(2)) - I*sqrt(-1 + sqrt(2)), sqrt(2) - sqrt(2)*I)
[V2-2]   triple field-degree 8: (sqrt(1 + sqrt(2)) - I*sqrt(-1 + sqrt(2)), -sqrt(1 + sqrt(2)) - I*sqrt(-1 + sqrt(2)), -sqrt(2) - sqrt(2)*I)
[V2-2]   triple field-degree 8: (sqrt(1 + sqrt(2)) - I*sqrt(-1 + sqrt(2)), sqrt(1 + sqrt(2)) + I*sqrt(-1 + sqrt(2)), sqrt(2) + sqrt(2)*I)
[V2-3] solving fixed-point system on the Markov surface (deg-bounds [10, 3, 13, 3]) 
[V2-3] fixed points found: 3
[V2-3]   triple field-degree 2: (-1, -1, 1/2 - sqrt(7)*I/2)
[V2-3]   triple field-degree 2: (-1, -1, 1/2 + sqrt(7)*I/2)
[GATE m=1] geometric field contains sqrt(-3): True
==== V2 block 1 done: geometric points + gate ====
