[C m=1] degrees [2, 1, 3, 3]; groebner...
[C m=1] z-eliminant factors: [(1, 2), (2, 1)]
[C m=1]   RAW deg 1: z
[C m=1]   RAW deg 2: z**2 - 3*z + 3
[C m=1]   deg-1: typed 1, elliptic-bearing 1, all-lox 0, fails 0
[C m=1]   deg-2: typed 2, elliptic-bearing 0, all-lox 2, fails 0
[C m=1] GEOMETRIC-CANDIDATE factor degrees: [2]
[C m=1] GATE (banked field degree 2 present): True
[C m=4] degrees [17, 4, 21, 3]; groebner...
[C m=4] z-eliminant factors: [(1, 3), (8, 1)]
[C m=4]   RAW deg 1: z
[C m=4]   RAW deg 8: z**8 + 9*z**6 + 49*z**4 + 208*z**2 + 64
[C m=4]   deg-1: typed 1, elliptic-bearing 1, all-lox 0, fails 0
[C m=4]   deg-8: typed 8, elliptic-bearing 0, all-lox 4, fails 4
[C m=4] GEOMETRIC-CANDIDATE factor degrees: [8]
[C m=5] degrees [26, 5, 31, 3]; groebner...
[C m=5] z-eliminant factors: [(1, 2), (2, 1), (4, 1), (18, 1)]
[C m=5]   RAW deg 1: z
[C m=5]   RAW deg 2: z**2 + z + 3
[C m=5]   RAW deg 4: z**4 - 3*z**3 + 7*z**2 - 4*z + 4
[C m=5]   RAW deg 18: z**18 - z**17 + 16*z**16 - 13*z**15 + 130*z**14 - 74*z**13 + 658*z**12 - 145*z**11 + 2007*z**10 - 433*z**9 + 4147*z**8 - 798*z**7 + 5032*z**6 - 779*z**5 + 2831*z**4 - 29*z**3 + 739*z**2 - 99*z + 39
[C m=5]   deg-1: typed 1, elliptic-bearing 1, all-lox 0, fails 0
[C m=5]   deg-2: typed 2, elliptic-bearing 2, all-lox 0, fails 0
[C m=5]   deg-4: typed 4, elliptic-bearing 4, all-lox 0, fails 0
[C m=5]   deg-18: typed 18, elliptic-bearing 0, all-lox 0, fails 18
[C m=5] GEOMETRIC-CANDIDATE factor degrees: []
==== closed-form A2 done ====
