{
  "facts": {
    "unconditioned_positive_control": true,
    "primitive_condition_changes_fraction": true,
    "tiny_populations": true,
    "corrected_finite_radius_minimum_preserved": true,
    "finite_minimum_argmin_preserved": true,
    "same_word_length_different_translation_length": true
  },
  "counts": {
    "2": 2,
    "3": 6,
    "4": 12,
    "5": 30,
    "6": 54,
    "7": 126,
    "8": 240,
    "9": 504,
    "10": 990,
    "11": 2046,
    "12": 4020,
    "13": 8190,
    "14": 16254,
    "15": 32730,
    "16": 65280,
    "17": 131070,
    "18": 261576
  },
  "tails": {
    "2": {
      "1": "1",
      "2": "0"
    },
    "3": {
      "1": "1",
      "2": "2/3",
      "3": "0"
    },
    "4": {
      "1": "1",
      "2": "5/6",
      "3": "1/2",
      "4": "0"
    },
    "5": {
      "1": "1",
      "2": "11/15",
      "3": "7/15",
      "4": "4/15",
      "5": "0"
    },
    "6": {
      "1": "1",
      "2": "7/9",
      "3": "5/9",
      "4": "1/3",
      "5": "5/27",
      "6": "0"
    },
    "7": {
      "1": "1",
      "2": "47/63",
      "3": "31/63",
      "4": "19/63",
      "5": "11/63",
      "6": "2/21",
      "7": "0"
    },
    "8": {
      "1": "1",
      "2": "3/4",
      "3": "1/2",
      "4": "13/40",
      "5": "23/120",
      "6": "13/120",
      "7": "7/120",
      "8": "0"
    },
    "9": {
      "1": "1",
      "2": "3/4",
      "3": "127/252",
      "4": "79/252",
      "5": "47/252",
      "6": "3/28",
      "7": "5/84",
      "8": "2/63",
      "9": "0"
    },
    "10": {
      "1": "1",
      "2": "124/165",
      "3": "248/495",
      "4": "31/99",
      "5": "19/99",
      "6": "1/9",
      "7": "31/495",
      "8": "17/495",
      "9": "1/55",
      "10": "0"
    },
    "11": {
      "1": "1",
      "2": "767/1023",
      "3": "511/1023",
      "4": "29/93",
      "5": "191/1023",
      "6": "37/341",
      "7": "21/341",
      "8": "35/1023",
      "9": "19/1023",
      "10": "10/1023",
      "11": "0"
    },
    "12": {
      "1": "1",
      "2": "1507/2010",
      "3": "1/2",
      "4": "21/67",
      "5": "63/335",
      "6": "223/2010",
      "7": "127/2010",
      "8": "71/2010",
      "9": "13/670",
      "10": "7/670",
      "11": "11/2010",
      "12": "0"
    },
    "13": {
      "1": "1",
      "2": "3071/4095",
      "3": "2047/4095",
      "4": "1279/4095",
      "5": "59/315",
      "6": "149/1365",
      "7": "17/273",
      "8": "11/315",
      "9": "79/4095",
      "10": "43/4095",
      "11": "23/4095",
      "12": "4/1365",
      "13": "0"
    },
    "14": {
      "1": "1",
      "2": "2032/2709",
      "3": "4064/8127",
      "4": "2540/8127",
      "5": "508/2709",
      "6": "127/1161",
      "7": "73/1161",
      "8": "41/1161",
      "9": "53/2709",
      "10": "29/2709",
      "11": "47/8127",
      "12": "25/8127",
      "13": "13/8127",
      "14": "0"
    },
    "15": {
      "1": "1",
      "2": "12274/16365",
      "3": "2728/5455",
      "4": "341/1091",
      "5": "3071/16365",
      "6": "597/5455",
      "7": "341/5455",
      "8": "115/3273",
      "9": "319/16365",
      "10": "35/3273",
      "11": "19/3273",
      "12": "17/5455",
      "13": "9/5455",
      "14": "14/16365",
      "15": "0"
    },
    "16": {
      "1": "1",
      "2": "3/4",
      "3": "1/2",
      "4": "5/16",
      "5": "3/16",
      "6": "7/64",
      "7": "1/16",
      "8": "1151/32640",
      "9": "213/10880",
      "10": "117/10880",
      "11": "191/32640",
      "12": "103/32640",
      "13": "11/6528",
      "14": "29/32640",
      "15": "1/2176",
      "16": "0"
    },
    "17": {
      "1": "1",
      "2": "49151/65535",
      "3": "32767/65535",
      "4": "20479/65535",
      "5": "12287/65535",
      "6": "2389/21845",
      "7": "273/4369",
      "8": "2303/65535",
      "9": "1279/65535",
      "10": "703/65535",
      "11": "383/65535",
      "12": "69/21845",
      "13": "37/21845",
      "14": "59/65535",
      "15": "31/65535",
      "16": "16/65535",
      "17": "0"
    },
    "18": {
      "1": "1",
      "2": "3/4",
      "3": "65393/130788",
      "4": "40871/130788",
      "5": "24523/130788",
      "6": "511/4671",
      "7": "292/4671",
      "8": "73/2076",
      "9": "853/43596",
      "10": "67/6228",
      "11": "767/130788",
      "12": "415/130788",
      "13": "223/130788",
      "14": "17/18684",
      "15": "1/2076",
      "16": "11/43596",
      "17": "17/130788",
      "18": "0"
    }
  },
  "P2": {
    "threads_len_le_14": 2536,
    "min_top": 1.118034,
    "argmin": [
      "LR"
    ],
    "max_top": 7.433,
    "LR_top": 1.118034,
    "LR_is_lowest": true,
    "second_lowest": 1.414214,
    "L^k R": {
      "1": 1.118,
      "2": 1.7321,
      "3": 2.2913,
      "4": 2.8284,
      "5": 3.3541,
      "6": 3.873,
      "7": 4.3875,
      "8": 4.899,
      "9": 5.4083,
      "10": 5.9161,
      "11": 6.4226,
      "12": 6.9282
    },
    "L^k R^k": {
      "1": 1.118,
      "2": 1.4142,
      "3": 1.8028,
      "4": 2.2361,
      "5": 2.6926,
      "6": 3.1623,
      "7": 3.6401,
      "8": 4.1231
    }
  },
  "exact_fraction_cells": 170,
  "physical_source_derived": false,
  "universal_dynamical_no_go": false
}
