====================================================================================================
m004: index over boundary classes  (minD = exact lower bound on the leading x-degree)
====================================================================================================
  (  -2,  -2) minD= 20 lead=20   +2*q^10 +4*q^11 +9*q^12 +14*q^13 +24*q^14 +28*q^15 +33*q^16 +25*q^17 +6*q^18 -41*q^19 -112*q^20
  (  -2,-3/2) minD= 11 lead=11   -1*q^(11/2) -2*q^(13/2) -6*q^(15/2) -7*q^(17/2) -9*q^(19/2) -5*q^(21/2) +4*q^(23/2) +24*q^(25/2) +52*q^(27/2) +95*q^(29/2) +144*q^(31/2) +193*q^(33/2) +232*q^(35/2)
  (  -2,  -1) minD=  6 lead=6   +2*q^3 +2*q^4 +2*q^5 -2*q^6 -7*q^7 -18*q^8 -30*q^9 -40*q^10 -44*q^11 -31*q^12 +3*q^13 +76*q^14 +176*q^15
  (  -2,-1/2) minD=  1 lead=1   -1*q^(1/2) +1*q^(5/2) +4*q^(7/2) +7*q^(9/2) +7*q^(11/2) +3*q^(13/2) -12*q^(15/2) -31*q^(17/2) -62*q^(19/2) -88*q^(21/2) -109*q^(23/2) -97*q^(25/2)
  (  -2,   0) minD=  2 lead=2   -1*q -1*q^2 +3*q^3 +6*q^4 +12*q^5 +9*q^6 +3*q^7 -19*q^8 -50*q^9 -88*q^10 -125*q^11 -145*q^12 -128*q^13
  (  -2, 1/2) minD=  1 lead=1   -1*q^(1/2) +1*q^(5/2) +4*q^(7/2) +7*q^(9/2) +7*q^(11/2) +3*q^(13/2) -12*q^(15/2) -31*q^(17/2) -62*q^(19/2) -88*q^(21/2) -109*q^(23/2) -97*q^(25/2)
  (  -2,   1) minD=  6 lead=6   +2*q^3 +2*q^4 +2*q^5 -2*q^6 -7*q^7 -18*q^8 -30*q^9 -40*q^10 -44*q^11 -31*q^12 +3*q^13 +76*q^14 +176*q^15
  (  -2, 3/2) minD= 11 lead=11   -1*q^(11/2) -2*q^(13/2) -6*q^(15/2) -7*q^(17/2) -9*q^(19/2) -5*q^(21/2) +4*q^(23/2) +24*q^(25/2) +52*q^(27/2) +95*q^(29/2) +144*q^(31/2) +193*q^(33/2) +232*q^(35/2)
  (  -2,   2) minD= 20 lead=20   +2*q^10 +4*q^11 +9*q^12 +14*q^13 +24*q^14 +28*q^15 +33*q^16 +25*q^17 +6*q^18 -41*q^19 -112*q^20
  (  -1,  -2) minD= 20 lead=20   +1*q^10 +3*q^11 +7*q^12 +13*q^13 +22*q^14 +30*q^15 +39*q^16 +38*q^17 +26*q^18 -10*q^19 -73*q^20
  (  -1,-3/2) minD= 12 lead=12   -1*q^6 -3*q^7 -6*q^8 -10*q^9 -11*q^10 -8*q^11 +2*q^12 +26*q^13 +63*q^14 +115*q^15 +180*q^16 +245*q^17 +295*q^18
  (  -1,  -1) minD=  6 lead=6   +1*q^3 +3*q^4 +3*q^5 +2*q^6 -5*q^7 -16*q^8 -33*q^9 -49*q^10 -60*q^11 -57*q^12 -25*q^13 +42*q^14 +159*q^15
  (  -1,-1/2) minD=  2 lead=2   -1*q -1*q^2 +2*q^3 +7*q^4 +11*q^5 +11*q^6 +3*q^7 -17*q^8 -49*q^9 -88*q^10 -126*q^11 -148*q^12 -132*q^13
  (  -1,   0) minD=  2 lead=2   -2*q -2*q^2 +2*q^3 +8*q^4 +16*q^5 +16*q^6 +10*q^7 -14*q^8 -52*q^9 -102*q^10 -154*q^11 -192*q^12 -188*q^13
  (  -1, 1/2) minD=  2 lead=2   -1*q -1*q^2 +2*q^3 +7*q^4 +11*q^5 +11*q^6 +3*q^7 -17*q^8 -49*q^9 -88*q^10 -126*q^11 -148*q^12 -132*q^13
  (  -1,   1) minD=  6 lead=6   +1*q^3 +3*q^4 +3*q^5 +2*q^6 -5*q^7 -16*q^8 -33*q^9 -49*q^10 -60*q^11 -57*q^12 -25*q^13 +42*q^14 +159*q^15
  (  -1, 3/2) minD= 12 lead=12   -1*q^6 -3*q^7 -6*q^8 -10*q^9 -11*q^10 -8*q^11 +2*q^12 +26*q^13 +63*q^14 +115*q^15 +180*q^16 +245*q^17 +295*q^18
  (  -1,   2) minD= 20 lead=20   +1*q^10 +3*q^11 +7*q^12 +13*q^13 +22*q^14 +30*q^15 +39*q^16 +38*q^17 +26*q^18 -10*q^19 -73*q^20
  (   0,  -2) minD= 20 lead=20   +1*q^10 +2*q^11 +7*q^12 +12*q^13 +22*q^14 +30*q^15 +40*q^16 +40*q^17 +35*q^18 -60*q^20
  (   0,-3/2) minD= 13 lead=13   -2*q^(13/2) -4*q^(15/2) -8*q^(17/2) -10*q^(19/2) -14*q^(21/2) -6*q^(23/2) +8*q^(25/2) +38*q^(27/2) +84*q^(29/2) +146*q^(31/2) +216*q^(33/2) +286*q^(35/2) +334*q^(37/2)
  (   0,  -1) minD=  6 lead=6   +1*q^3 +2*q^4 +5*q^5 +2*q^6 -3*q^7 -16*q^8 -32*q^9 -52*q^10 -67*q^11 -64*q^12 -39*q^13 +32*q^14 +145*q^15
  (   0,-1/2) minD=  3 lead=3   -2*q^(3/2) +4*q^(7/2) +10*q^(9/2) +14*q^(11/2) +10*q^(13/2) -2*q^(15/2) -32*q^(17/2) -68*q^(19/2) -116*q^(21/2) -150*q^(23/2) -166*q^(25/2) -122*q^(27/2)
  (   0,   0) minD=  0 lead=0   +1 -2*q -3*q^2 +2*q^3 +8*q^4 +18*q^5 +18*q^6 +14*q^7 -12*q^8 -52*q^9 -106*q^10 -164*q^11 -209*q^12
  (   0, 1/2) minD=  3 lead=3   -2*q^(3/2) +4*q^(7/2) +10*q^(9/2) +14*q^(11/2) +10*q^(13/2) -2*q^(15/2) -32*q^(17/2) -68*q^(19/2) -116*q^(21/2) -150*q^(23/2) -166*q^(25/2) -122*q^(27/2)
  (   0,   1) minD=  6 lead=6   +1*q^3 +2*q^4 +5*q^5 +2*q^6 -3*q^7 -16*q^8 -32*q^9 -52*q^10 -67*q^11 -64*q^12 -39*q^13 +32*q^14 +145*q^15
  (   0, 3/2) minD= 13 lead=13   -2*q^(13/2) -4*q^(15/2) -8*q^(17/2) -10*q^(19/2) -14*q^(21/2) -6*q^(23/2) +8*q^(25/2) +38*q^(27/2) +84*q^(29/2) +146*q^(31/2) +216*q^(33/2) +286*q^(35/2) +334*q^(37/2)
  (   0,   2) minD= 20 lead=20   +1*q^10 +2*q^11 +7*q^12 +12*q^13 +22*q^14 +30*q^15 +40*q^16 +40*q^17 +35*q^18 -60*q^20
  (   1,  -2) minD= 20 lead=20   +1*q^10 +3*q^11 +7*q^12 +13*q^13 +22*q^14 +30*q^15 +39*q^16 +38*q^17 +26*q^18 -10*q^19 -73*q^20
  (   1,-3/2) minD= 12 lead=12   -1*q^6 -3*q^7 -6*q^8 -10*q^9 -11*q^10 -8*q^11 +2*q^12 +26*q^13 +63*q^14 +115*q^15 +180*q^16 +245*q^17 +295*q^18
  (   1,  -1) minD=  6 lead=6   +1*q^3 +3*q^4 +3*q^5 +2*q^6 -5*q^7 -16*q^8 -33*q^9 -49*q^10 -60*q^11 -57*q^12 -25*q^13 +42*q^14 +159*q^15
  (   1,-1/2) minD=  2 lead=2   -1*q -1*q^2 +2*q^3 +7*q^4 +11*q^5 +11*q^6 +3*q^7 -17*q^8 -49*q^9 -88*q^10 -126*q^11 -148*q^12 -132*q^13
  (   1,   0) minD=  2 lead=2   -2*q -2*q^2 +2*q^3 +8*q^4 +16*q^5 +16*q^6 +10*q^7 -14*q^8 -52*q^9 -102*q^10 -154*q^11 -192*q^12 -188*q^13
  (   1, 1/2) minD=  2 lead=2   -1*q -1*q^2 +2*q^3 +7*q^4 +11*q^5 +11*q^6 +3*q^7 -17*q^8 -49*q^9 -88*q^10 -126*q^11 -148*q^12 -132*q^13
  (   1,   1) minD=  6 lead=6   +1*q^3 +3*q^4 +3*q^5 +2*q^6 -5*q^7 -16*q^8 -33*q^9 -49*q^10 -60*q^11 -57*q^12 -25*q^13 +42*q^14 +159*q^15
  (   1, 3/2) minD= 12 lead=12   -1*q^6 -3*q^7 -6*q^8 -10*q^9 -11*q^10 -8*q^11 +2*q^12 +26*q^13 +63*q^14 +115*q^15 +180*q^16 +245*q^17 +295*q^18
  (   1,   2) minD= 20 lead=20   +1*q^10 +3*q^11 +7*q^12 +13*q^13 +22*q^14 +30*q^15 +39*q^16 +38*q^17 +26*q^18 -10*q^19 -73*q^20
  (   2,  -2) minD= 20 lead=20   +2*q^10 +4*q^11 +9*q^12 +14*q^13 +24*q^14 +28*q^15 +33*q^16 +25*q^17 +6*q^18 -41*q^19 -112*q^20
  (   2,-3/2) minD= 11 lead=11   -1*q^(11/2) -2*q^(13/2) -6*q^(15/2) -7*q^(17/2) -9*q^(19/2) -5*q^(21/2) +4*q^(23/2) +24*q^(25/2) +52*q^(27/2) +95*q^(29/2) +144*q^(31/2) +193*q^(33/2) +232*q^(35/2)
  (   2,  -1) minD=  6 lead=6   +2*q^3 +2*q^4 +2*q^5 -2*q^6 -7*q^7 -18*q^8 -30*q^9 -40*q^10 -44*q^11 -31*q^12 +3*q^13 +76*q^14 +176*q^15
  (   2,-1/2) minD=  1 lead=1   -1*q^(1/2) +1*q^(5/2) +4*q^(7/2) +7*q^(9/2) +7*q^(11/2) +3*q^(13/2) -12*q^(15/2) -31*q^(17/2) -62*q^(19/2) -88*q^(21/2) -109*q^(23/2) -97*q^(25/2)
  (   2,   0) minD=  2 lead=2   -1*q -1*q^2 +3*q^3 +6*q^4 +12*q^5 +9*q^6 +3*q^7 -19*q^8 -50*q^9 -88*q^10 -125*q^11 -145*q^12 -128*q^13
  (   2, 1/2) minD=  1 lead=1   -1*q^(1/2) +1*q^(5/2) +4*q^(7/2) +7*q^(9/2) +7*q^(11/2) +3*q^(13/2) -12*q^(15/2) -31*q^(17/2) -62*q^(19/2) -88*q^(21/2) -109*q^(23/2) -97*q^(25/2)
  (   2,   1) minD=  6 lead=6   +2*q^3 +2*q^4 +2*q^5 -2*q^6 -7*q^7 -18*q^8 -30*q^9 -40*q^10 -44*q^11 -31*q^12 +3*q^13 +76*q^14 +176*q^15
  (   2, 3/2) minD= 11 lead=11   -1*q^(11/2) -2*q^(13/2) -6*q^(15/2) -7*q^(17/2) -9*q^(19/2) -5*q^(21/2) +4*q^(23/2) +24*q^(25/2) +52*q^(27/2) +95*q^(29/2) +144*q^(31/2) +193*q^(33/2) +232*q^(35/2)
  (   2,   2) minD= 20 lead=20   +2*q^10 +4*q^11 +9*q^12 +14*q^13 +24*q^14 +28*q^15 +33*q^16 +25*q^17 +6*q^18 -41*q^19 -112*q^20

====================================================================================================
m003: index over boundary classes  (minD = exact lower bound on the leading x-degree)
====================================================================================================
  (  -2,  -2) minD=  8 lead=8   -1*q^4 -1*q^5 +2*q^8 +4*q^9 +10*q^10 +15*q^11 +25*q^12 +32*q^13 +41*q^14 +40*q^15 +34*q^16
  (  -2,  -1) minD= 10 lead=10   -1*q^5 -3*q^6 -5*q^7 -7*q^8 -9*q^9 -7*q^10 +1*q^11 +17*q^12 +45*q^13 +86*q^14 +137*q^15 +194*q^16 +244*q^17
  (  -2,   0) minD=  6 lead=6   +1*q^3 +1*q^4 +2*q^5 -2*q^6 -6*q^7 -16*q^8 -27*q^9 -35*q^10 -39*q^11 -27*q^12 +7*q^13 +77*q^14 +171*q^15
  (  -2,   1) minD=  4 lead=4   +1*q^2 +2*q^3 +3*q^4 +3*q^5 -8*q^7 -21*q^8 -37*q^9 -54*q^10 -63*q^11 -54*q^12 -18*q^13 +58*q^14
  (  -2,   2) minD=  6 lead=6   +2*q^3 +2*q^4 +2*q^5 -2*q^6 -7*q^7 -18*q^8 -30*q^9 -40*q^10 -44*q^11 -31*q^12 +3*q^13 +76*q^14 +176*q^15
  (-3/2,  -2) minD=  6 lead=6   -1*q^3 -1*q^4 -2*q^5 -3*q^6 -3*q^7 -3*q^8 +6*q^10 +18*q^11 +33*q^12 +56*q^13 +80*q^14 +106*q^15
  (-3/2,  -1) minD=  5 lead=5   +1*q^(5/2) +1*q^(7/2) -1*q^(11/2) -6*q^(13/2) -11*q^(15/2) -20*q^(17/2) -25*q^(19/2) -29*q^(21/2) -17*q^(23/2) +7*q^(25/2) +58*q^(27/2) +133*q^(29/2)
  (-3/2,   0) minD=  6 lead=6   +2*q^3 +4*q^4 +6*q^5 +2*q^6 -4*q^7 -20*q^8 -42*q^9 -64*q^10 -82*q^11 -84*q^12 -52*q^13 +28*q^14 +158*q^15
  (-3/2,   1) minD=  1 lead=1   -1*q^(1/2) +1*q^(5/2) +4*q^(7/2) +7*q^(9/2) +7*q^(11/2) +3*q^(13/2) -12*q^(15/2) -31*q^(17/2) -62*q^(19/2) -88*q^(21/2) -109*q^(23/2) -97*q^(25/2)
  (-3/2,   2) minD=  6 lead=6   +1*q^3 +3*q^4 +3*q^5 +2*q^6 -5*q^7 -16*q^8 -33*q^9 -49*q^10 -60*q^11 -57*q^12 -25*q^13 +42*q^14 +159*q^15
  (  -1,  -2) minD=  2 lead=2   +1*q -1*q^4 -2*q^5 -5*q^6 -8*q^7 -10*q^8 -11*q^9 -6*q^10 +4*q^11 +27*q^12 +58*q^13
  (  -1,  -1) minD=  4 lead=4   +1*q^2 +2*q^3 +3*q^4 +3*q^5 -8*q^7 -21*q^8 -37*q^9 -54*q^10 -63*q^11 -54*q^12 -18*q^13 +58*q^14
  (  -1,   0) minD=  2 lead=2   -1*q -1*q^2 +3*q^3 +6*q^4 +12*q^5 +9*q^6 +3*q^7 -19*q^8 -50*q^9 -88*q^10 -125*q^11 -145*q^12 -128*q^13
  (  -1,   1) minD=  2 lead=2   -1*q -1*q^2 +2*q^3 +7*q^4 +11*q^5 +11*q^6 +3*q^7 -17*q^8 -49*q^9 -88*q^10 -126*q^11 -148*q^12 -132*q^13
  (  -1,   2) minD=  6 lead=6   +1*q^3 +2*q^4 +5*q^5 +2*q^6 -3*q^7 -16*q^8 -32*q^9 -52*q^10 -67*q^11 -64*q^12 -39*q^13 +32*q^14 +145*q^15
  (-1/2,  -2) minD=  4 lead=4   +1*q^2 +1*q^3 +1*q^4 -1*q^5 -4*q^6 -10*q^7 -16*q^8 -22*q^9 -25*q^10 -19*q^11 +40*q^13 +100*q^14
  (-1/2,  -1) minD=  1 lead=1   -1*q^(1/2) +1*q^(5/2) +4*q^(7/2) +7*q^(9/2) +7*q^(11/2) +3*q^(13/2) -12*q^(15/2) -31*q^(17/2) -62*q^(19/2) -88*q^(21/2) -109*q^(23/2) -97*q^(25/2)
  (-1/2,   0) minD=  2 lead=2   -2*q -2*q^2 +2*q^3 +8*q^4 +16*q^5 +16*q^6 +10*q^7 -14*q^8 -52*q^9 -102*q^10 -154*q^11 -192*q^12 -188*q^13
  (-1/2,   1) minD=  3 lead=3   -2*q^(3/2) +4*q^(7/2) +10*q^(9/2) +14*q^(11/2) +10*q^(13/2) -2*q^(15/2) -32*q^(17/2) -68*q^(19/2) -116*q^(21/2) -150*q^(23/2) -166*q^(25/2) -122*q^(27/2)
  (-1/2,   2) minD=  6 lead=6   +1*q^3 +3*q^4 +3*q^5 +2*q^6 -5*q^7 -16*q^8 -33*q^9 -49*q^10 -60*q^11 -57*q^12 -25*q^13 +42*q^14 +159*q^15
  (   0,  -2) minD=  6 lead=6   +2*q^3 +2*q^4 +2*q^5 -2*q^6 -7*q^7 -18*q^8 -30*q^9 -40*q^10 -44*q^11 -31*q^12 +3*q^13 +76*q^14 +176*q^15
  (   0,  -1) minD=  2 lead=2   -1*q -1*q^2 +2*q^3 +7*q^4 +11*q^5 +11*q^6 +3*q^7 -17*q^8 -49*q^9 -88*q^10 -126*q^11 -148*q^12 -132*q^13
  (   0,   0) minD=  0 lead=0   +1 -2*q -3*q^2 +2*q^3 +8*q^4 +18*q^5 +18*q^6 +14*q^7 -12*q^8 -52*q^9 -106*q^10 -164*q^11 -209*q^12
  (   0,   1) minD=  2 lead=2   -1*q -1*q^2 +2*q^3 +7*q^4 +11*q^5 +11*q^6 +3*q^7 -17*q^8 -49*q^9 -88*q^10 -126*q^11 -148*q^12 -132*q^13
  (   0,   2) minD=  6 lead=6   +2*q^3 +2*q^4 +2*q^5 -2*q^6 -7*q^7 -18*q^8 -30*q^9 -40*q^10 -44*q^11 -31*q^12 +3*q^13 +76*q^14 +176*q^15
  ( 1/2,  -2) minD=  6 lead=6   +1*q^3 +3*q^4 +3*q^5 +2*q^6 -5*q^7 -16*q^8 -33*q^9 -49*q^10 -60*q^11 -57*q^12 -25*q^13 +42*q^14 +159*q^15
  ( 1/2,  -1) minD=  3 lead=3   -2*q^(3/2) +4*q^(7/2) +10*q^(9/2) +14*q^(11/2) +10*q^(13/2) -2*q^(15/2) -32*q^(17/2) -68*q^(19/2) -116*q^(21/2) -150*q^(23/2) -166*q^(25/2) -122*q^(27/2)
  ( 1/2,   0) minD=  2 lead=2   -2*q -2*q^2 +2*q^3 +8*q^4 +16*q^5 +16*q^6 +10*q^7 -14*q^8 -52*q^9 -102*q^10 -154*q^11 -192*q^12 -188*q^13
  ( 1/2,   1) minD=  1 lead=1   -1*q^(1/2) +1*q^(5/2) +4*q^(7/2) +7*q^(9/2) +7*q^(11/2) +3*q^(13/2) -12*q^(15/2) -31*q^(17/2) -62*q^(19/2) -88*q^(21/2) -109*q^(23/2) -97*q^(25/2)
  ( 1/2,   2) minD=  4 lead=4   +1*q^2 +1*q^3 +1*q^4 -1*q^5 -4*q^6 -10*q^7 -16*q^8 -22*q^9 -25*q^10 -19*q^11 +40*q^13 +100*q^14
  (   1,  -2) minD=  6 lead=6   +1*q^3 +2*q^4 +5*q^5 +2*q^6 -3*q^7 -16*q^8 -32*q^9 -52*q^10 -67*q^11 -64*q^12 -39*q^13 +32*q^14 +145*q^15
  (   1,  -1) minD=  2 lead=2   -1*q -1*q^2 +2*q^3 +7*q^4 +11*q^5 +11*q^6 +3*q^7 -17*q^8 -49*q^9 -88*q^10 -126*q^11 -148*q^12 -132*q^13
  (   1,   0) minD=  2 lead=2   -1*q -1*q^2 +3*q^3 +6*q^4 +12*q^5 +9*q^6 +3*q^7 -19*q^8 -50*q^9 -88*q^10 -125*q^11 -145*q^12 -128*q^13
  (   1,   1) minD=  4 lead=4   +1*q^2 +2*q^3 +3*q^4 +3*q^5 -8*q^7 -21*q^8 -37*q^9 -54*q^10 -63*q^11 -54*q^12 -18*q^13 +58*q^14
  (   1,   2) minD=  2 lead=2   +1*q -1*q^4 -2*q^5 -5*q^6 -8*q^7 -10*q^8 -11*q^9 -6*q^10 +4*q^11 +27*q^12 +58*q^13
  ( 3/2,  -2) minD=  6 lead=6   +1*q^3 +3*q^4 +3*q^5 +2*q^6 -5*q^7 -16*q^8 -33*q^9 -49*q^10 -60*q^11 -57*q^12 -25*q^13 +42*q^14 +159*q^15
  ( 3/2,  -1) minD=  1 lead=1   -1*q^(1/2) +1*q^(5/2) +4*q^(7/2) +7*q^(9/2) +7*q^(11/2) +3*q^(13/2) -12*q^(15/2) -31*q^(17/2) -62*q^(19/2) -88*q^(21/2) -109*q^(23/2) -97*q^(25/2)
  ( 3/2,   0) minD=  6 lead=6   +2*q^3 +4*q^4 +6*q^5 +2*q^6 -4*q^7 -20*q^8 -42*q^9 -64*q^10 -82*q^11 -84*q^12 -52*q^13 +28*q^14 +158*q^15
  ( 3/2,   1) minD=  5 lead=5   +1*q^(5/2) +1*q^(7/2) -1*q^(11/2) -6*q^(13/2) -11*q^(15/2) -20*q^(17/2) -25*q^(19/2) -29*q^(21/2) -17*q^(23/2) +7*q^(25/2) +58*q^(27/2) +133*q^(29/2)
  ( 3/2,   2) minD=  6 lead=6   -1*q^3 -1*q^4 -2*q^5 -3*q^6 -3*q^7 -3*q^8 +6*q^10 +18*q^11 +33*q^12 +56*q^13 +80*q^14 +106*q^15
  (   2,  -2) minD=  6 lead=6   +2*q^3 +2*q^4 +2*q^5 -2*q^6 -7*q^7 -18*q^8 -30*q^9 -40*q^10 -44*q^11 -31*q^12 +3*q^13 +76*q^14 +176*q^15
  (   2,  -1) minD=  4 lead=4   +1*q^2 +2*q^3 +3*q^4 +3*q^5 -8*q^7 -21*q^8 -37*q^9 -54*q^10 -63*q^11 -54*q^12 -18*q^13 +58*q^14
  (   2,   0) minD=  6 lead=6   +1*q^3 +1*q^4 +2*q^5 -2*q^6 -6*q^7 -16*q^8 -27*q^9 -35*q^10 -39*q^11 -27*q^12 +7*q^13 +77*q^14 +171*q^15
  (   2,   1) minD= 10 lead=10   -1*q^5 -3*q^6 -5*q^7 -7*q^8 -9*q^9 -7*q^10 +1*q^11 +17*q^12 +45*q^13 +86*q^14 +137*q^15 +194*q^16 +244*q^17
  (   2,   2) minD=  8 lead=8   -1*q^4 -1*q^5 +2*q^8 +4*q^9 +10*q^10 +15*q^11 +25*q^12 +32*q^13 +41*q^14 +40*q^15 +34*q^16

====================================================================================================
MULTISET COMPARISON over the common window q^32
====================================================================================================
  m004: 153 classes -> 41 distinct series
  m003: 153 classes -> 55 distinct series
  series occurring for m003 but NOT for m004 (in this range): 30
  series occurring for m004 but NOT for m003 (in this range): 16

  --- m003-only series (class list) ---
    classes ['-3/2,-3', '3/2,3']: -1*q^(3/2) +1*q^(11/2) +2*q^(13/2) +3*q^(15/2) +6*q^(17/2) +9*q^(19/2) +11*q^(21/2) +13*q^(23/2) +12*q^(25/2) +8*q^(27/2) -4*q^(29/2) -22*q^(31/2) -55*q^(33/2) -98*q^(35/2) -161*q^(37/2) -232*q^(39/2)
    classes ['-2,-4', '2,4']: +1*q^2 -1*q^7 -2*q^8 -3*q^9 -4*q^10 -7*q^11 -10*q^12 -12*q^13 -14*q^14 -14*q^15 -13*q^16 -6*q^17 +5*q^18 +26*q^19 +54*q^20
    classes ['-7/2,2', '-3/2,-2', '3/2,2', '7/2,-2']: -1*q^3 -1*q^4 -2*q^5 -3*q^6 -3*q^7 -3*q^8 +6*q^10 +18*q^11 +33*q^12 +56*q^13 +80*q^14 +106*q^15 +121*q^16 +123*q^17 +87*q^18 +8*q^19 -143*q^20
    classes ['-4,3', '-1,-3', '1,3', '4,-3']: -1*q^3 -1*q^4 -1*q^5 -1*q^6 +1*q^7 +3*q^8 +7*q^9 +13*q^10 +20*q^11 +27*q^12 +34*q^13 +37*q^14 +32*q^15 +15*q^16 -21*q^17 -82*q^18 -174*q^19 -301*q^20
    classes ['-3/2,-4', '3/2,4']: +1*q^4 +1*q^5 +1*q^6 +1*q^7 +1*q^8 -1*q^9 -3*q^10 -6*q^11 -10*q^12 -17*q^13 -24*q^14 -32*q^15 -40*q^16 -46*q^17 -48*q^18 -42*q^19 -24*q^20
    classes ['-4,2', '-2,-2', '2,2', '4,-2']: -1*q^4 -1*q^5 +2*q^8 +4*q^9 +10*q^10 +15*q^11 +25*q^12 +32*q^13 +41*q^14 +40*q^15 +34*q^16 +5*q^17 -42*q^18 -128*q^19 -248*q^20
    classes ['-2,-3', '2,3']: +1*q^4 +1*q^5 +1*q^6 +2*q^7 +3*q^8 +3*q^9 +3*q^10 +2*q^11 -1*q^12 -7*q^13 -17*q^14 -31*q^15 -51*q^16 -76*q^17 -105*q^18 -136*q^19 -165*q^20
    classes ['-3,1', '-2,-1', '2,1', '3,-1']: -1*q^5 -3*q^6 -5*q^7 -7*q^8 -9*q^9 -7*q^10 +1*q^11 +17*q^12 +45*q^13 +86*q^14 +137*q^15 +194*q^16 +244*q^17 +269*q^18 +247*q^19 +145*q^20
    classes ['-5/2,-4', '5/2,4']: -1*q^5 -1*q^6 -1*q^7 -1*q^8 -2*q^9 -3*q^10 -3*q^11 -3*q^12 -2*q^13 -1*q^14 +3*q^15 +9*q^16 +19*q^17 +31*q^18 +50*q^19 +72*q^20
    classes ['-7/2,1', '-5/2,-1', '5/2,1', '7/2,-1']: -1*q^(11/2) -1*q^(13/2) -2*q^(15/2) -1*q^(17/2) +6*q^(21/2) +13*q^(23/2) +26*q^(25/2) +43*q^(27/2) +63*q^(29/2) +81*q^(31/2) +91*q^(33/2) +85*q^(35/2) +45*q^(37/2) -35*q^(39/2)
    classes ['-5/2,-3', '5/2,3']: +1*q^(11/2) +1*q^(13/2) -1*q^(19/2) -2*q^(21/2) -5*q^(23/2) -8*q^(25/2) -14*q^(27/2) -20*q^(29/2) -30*q^(31/2) -37*q^(33/2) -47*q^(35/2) -50*q^(37/2) -50*q^(39/2)
    classes ['-1,-4', '1,4']: +2*q^6 +2*q^7 +3*q^8 +3*q^9 +3*q^10 -3*q^12 -10*q^13 -19*q^14 -34*q^15 -51*q^16 -72*q^17 -94*q^18 -114*q^19 -128*q^20
    classes ['-3,0', '3,0']: -1*q^6 -1*q^7 -2*q^8 -3*q^9 +4*q^11 +14*q^12 +29*q^13 +54*q^14 +75*q^15 +105*q^16 +118*q^17 +118*q^18 +71*q^19 -22*q^20
    classes ['-5/2,0', '5/2,0']: -2*q^6 -4*q^7 -8*q^8 -12*q^9 -12*q^10 -8*q^11 +6*q^12 +34*q^13 +80*q^14 +136*q^15 +212*q^16 +282*q^17 +340*q^18 +346*q^19 +278*q^20
    classes ['-5/2,-2', '5/2,2']: +1*q^7 +2*q^8 +4*q^9 +5*q^10 +8*q^11 +9*q^12 +10*q^13 +7*q^14 -17*q^16 -42*q^17 -83*q^18 -138*q^19 -209*q^20
    classes ['-3,-4', '3,4']: -1*q^7 -1*q^8 +1*q^11 +1*q^12 +3*q^13 +5*q^14 +9*q^15 +12*q^16 +19*q^17 +25*q^18 +35*q^19 +42*q^20
    classes ['-1/2,-4', '1/2,4']: +1*q^7 +3*q^8 +4*q^9 +6*q^10 +7*q^11 +7*q^12 +3*q^13 -3*q^14 -17*q^15 -36*q^16 -66*q^17 -103*q^18 -148*q^19 -196*q^20
    classes ['-3,-2', '3,2']: +1*q^8 +1*q^9 +2*q^10 +1*q^11 +1*q^12 -2*q^13 -5*q^14 -13*q^15 -23*q^16 -39*q^17 -58*q^18 -82*q^19 -107*q^20
    classes ['-4,1', '-3,-1', '3,1', '4,-1']: +1*q^9 +3*q^10 +6*q^11 +10*q^12 +15*q^13 +20*q^14 +22*q^15 +18*q^16 +5*q^17 -24*q^18 -76*q^19 -154*q^20
    classes ['-3,-3', '3,3']: -1*q^9 -2*q^10 -3*q^11 -4*q^12 -6*q^13 -8*q^14 -9*q^15 -10*q^16 -9*q^17 -4*q^18 +4*q^19 +21*q^20
    classes ['-7/2,-1', '7/2,1']: +1*q^(19/2) +1*q^(21/2) +2*q^(23/2) +3*q^(25/2) +3*q^(27/2) +2*q^(29/2) -3*q^(31/2) -11*q^(33/2) -27*q^(35/2) -48*q^(37/2) -83*q^(39/2)
    classes ['-4,0', '4,0']: +1*q^10 +1*q^11 +2*q^12 +3*q^13 +5*q^14 +2*q^15 -10*q^17 -24*q^18 -52*q^19 -89*q^20
    classes ['-7/2,0', '7/2,0']: +2*q^10 +4*q^11 +8*q^12 +14*q^13 +22*q^14 +26*q^15 +30*q^16 +22*q^17 +2*q^18 -44*q^19 -118*q^20
    classes ['-7/2,-3', '7/2,3']: -1*q^(21/2) -1*q^(23/2) -2*q^(25/2) -1*q^(27/2) -1*q^(29/2) +1*q^(31/2) +3*q^(33/2) +7*q^(35/2) +13*q^(37/2) +24*q^(39/2)
    classes ['-7/2,-4', '7/2,4']: +1*q^11 +2*q^12 +3*q^13 +3*q^14 +5*q^15 +6*q^16 +8*q^17 +9*q^18 +10*q^19 +8*q^20
    classes ['-7/2,-2', '7/2,2']: -1*q^12 -2*q^13 -5*q^14 -8*q^15 -12*q^16 -17*q^17 -22*q^18 -26*q^19 -27*q^20
    classes ['-4,-4', '4,4']: +1*q^13 +1*q^14 +2*q^15 +1*q^16 +1*q^17 -1*q^18 -2*q^19 -5*q^20
    classes ['-4,-2', '4,2']: -1*q^13 -1*q^14 -2*q^15 -3*q^16 -3*q^17 -3*q^18 -1*q^19 +3*q^20
    classes ['-4,-1', '4,1']: -1*q^14 -3*q^15 -6*q^16 -11*q^17 -18*q^18 -27*q^19 -38*q^20
    classes ['-4,-3', '4,3']: +1*q^15 +2*q^16 +4*q^17 +7*q^18 +10*q^19 +14*q^20

  --- m004-only series (class list) ---
    classes ['-4,-5/2', '-4,5/2', '4,-5/2', '4,5/2']: -2*q^(27/2) -4*q^(29/2) -9*q^(31/2) -15*q^(33/2) -27*q^(35/2) -36*q^(37/2) -50*q^(39/2)
    classes ['-3,-5/2', '-3,5/2', '3,-5/2', '3,5/2']: -1*q^14 -3*q^15 -7*q^16 -14*q^17 -24*q^18 -38*q^19 -56*q^20
    classes ['-2,-5/2', '-2,5/2', '2,-5/2', '2,5/2']: -1*q^(29/2) -2*q^(31/2) -7*q^(33/2) -13*q^(35/2) -25*q^(37/2) -39*q^(39/2)
    classes ['-1,-5/2', '-1,5/2', '1,-5/2', '1,5/2']: -1*q^15 -3*q^16 -7*q^17 -15*q^18 -27*q^19 -44*q^20
    classes ['0,-5/2', '0,5/2']: -2*q^(31/2) -4*q^(33/2) -10*q^(35/2) -18*q^(37/2) -34*q^(39/2)
    classes ['-4,-3', '-4,3', '4,-3', '4,3']: +1*q^19 +2*q^20
    classes ['-3,-3', '-3,3', '3,-3', '3,3']: +1*q^20
    classes ['-1,-3', '-1,3', '1,-3', '1,3']: 0
    classes ['-2,-3', '-2,3', '2,-3', '2,3']: 0
    classes ['0,-3', '0,3']: 0
    classes ['-4,-7/2', '-4,7/2', '4,-7/2', '4,7/2']: 0
    classes ['-3,-7/2', '-3,7/2', '3,-7/2', '3,7/2']: 0
    classes ['-2,-7/2', '-2,7/2', '2,-7/2', '2,7/2']: 0
    classes ['-1,-7/2', '-1,7/2', '1,-7/2', '1,7/2']: 0
    classes ['0,-7/2', '0,7/2']: 0
    classes ['-4,-4', '-4,4', '-3,-4', '-3,4', '-2,-4', '-2,4', '-1,-4', '-1,4', '0,-4', '0,4', '1,-4', '1,4', '2,-4', '2,4', '3,-4', '3,4', '4,-4', '4,4']: 0
