====================================================================================
STEP 15: integer boundary classes only.  minD = exact lower bound on the leading x-degree
====================================================================================

m004: minD values over |x|,|y|<=8: smallest are [0, 2, 4, 6, 8, 12, 14, 16]
   classes with minD <= 6: [((0, 0), 0), ((-4, -1), 2), ((-4, 1), 2), ((-2, 0), 2), ((-1, 0), 2), ((1, 0), 2), ((2, 0), 2), ((4, -1), 2), ((4, 1), 2), ((-8, -2), 4), ((-8, 2), 4), ((-3, -1), 4), ((-3, 1), 4), ((3, -1), 4), ((3, 1), 4), ((8, -2), 4), ((8, 2), 4), ((-5, -1), 6), ((-5, 1), 6), ((-4, 0), 6), ((-3, 0), 6), ((-2, -1), 6), ((-2, 1), 6), ((-1, -1), 6), ((-1, 1), 6), ((0, -1), 6), ((0, 1), 6), ((1, -1), 6), ((1, 1), 6), ((2, -1), 6), ((2, 1), 6), ((3, 0), 6), ((4, 0), 6), ((5, -1), 6), ((5, 1), 6)]
   minD on the rim |.|=8: min 4  (grows quadratically: delta_x is a positive quadratic form)

m003: minD values over |x|,|y|<=8: smallest are [0, 2, 4, 6, 8, 10, 12, 14]
   classes with minD <= 6: [((0, 0), 0), ((-3, 2), 2), ((-1, -2), 2), ((-1, 0), 2), ((-1, 1), 2), ((0, -1), 2), ((0, 1), 2), ((1, -1), 2), ((1, 0), 2), ((1, 2), 2), ((3, -2), 2), ((-6, 4), 4), ((-2, -4), 4), ((-2, 1), 4), ((-1, -1), 4), ((1, 1), 4), ((2, -1), 4), ((2, 4), 4), ((6, -4), 4), ((-4, 3), 6), ((-3, -6), 6), ((-2, 0), 6), ((-2, 2), 6), ((-1, -3), 6), ((-1, 2), 6), ((0, -2), 6), ((0, 2), 6), ((1, -2), 6), ((1, 3), 6), ((2, -2), 6), ((2, 0), 6), ((3, 6), 6), ((4, -3), 6)]
   minD on the rim |.|=8: min 8  (grows quadratically: delta_x is a positive quadratic form)

--- the series of every integer class with minD <= 8, both manifolds ---

  m004: 43 classes with minD<=8
    [(0, 0)]                                                   +1 -2*q -3*q^2 +2*q^3 +8*q^4 +18*q^5 +18*q^6 +14*q^7 -12*q^8 -52*q^9 -106*q^10 -164*q^11
    [(-4, -1), (-4, 1), (4, -1), (4, 1)]                       +1*q -1*q^4 -2*q^5 -5*q^6 -8*q^7 -10*q^8 -11*q^9 -6*q^10 +4*q^11
    [(-2, 0), (2, 0)]                                          -1*q -1*q^2 +3*q^3 +6*q^4 +12*q^5 +9*q^6 +3*q^7 -19*q^8 -50*q^9 -88*q^10 -125*q^11
    [(-1, 0), (1, 0)]                                          -2*q -2*q^2 +2*q^3 +8*q^4 +16*q^5 +16*q^6 +10*q^7 -14*q^8 -52*q^9 -102*q^10 -154*q^11
    [(-8, -2), (-8, 2), (8, -2), (8, 2)]                       +1*q^2 -1*q^7 -2*q^8 -3*q^9 -4*q^10 -7*q^11
    [(-3, -1), (-3, 1), (3, -1), (3, 1)]                       +1*q^2 +1*q^3 +1*q^4 -1*q^5 -4*q^6 -10*q^7 -16*q^8 -22*q^9 -25*q^10 -19*q^11
    [(-5, -1), (-5, 1), (5, -1), (5, 1)]                       -1*q^3 -1*q^4 -2*q^5 -3*q^6 -3*q^7 -3*q^8 +6*q^10 +18*q^11
    [(-4, 0), (4, 0)]                                          +1*q^3 +1*q^4 +2*q^5 -2*q^6 -6*q^7 -16*q^8 -27*q^9 -35*q^10 -39*q^11
    [(-3, 0), (3, 0)]                                          +2*q^3 +4*q^4 +6*q^5 +2*q^6 -4*q^7 -20*q^8 -42*q^9 -64*q^10 -82*q^11
    [(-2, -1), (-2, 1), (2, -1), (2, 1)]                       +2*q^3 +2*q^4 +2*q^5 -2*q^6 -7*q^7 -18*q^8 -30*q^9 -40*q^10 -44*q^11
    [(-1, -1), (-1, 1), (1, -1), (1, 1)]                       +1*q^3 +3*q^4 +3*q^5 +2*q^6 -5*q^7 -16*q^8 -33*q^9 -49*q^10 -60*q^11
    [(0, -1), (0, 1)]                                          +1*q^3 +2*q^4 +5*q^5 +2*q^6 -3*q^7 -16*q^8 -32*q^9 -52*q^10 -67*q^11
    [(-7, -2), (-7, 2), (7, -2), (7, 2)]                       +1*q^4 +1*q^5 +1*q^6 +1*q^7 +1*q^8 -1*q^9 -3*q^10 -6*q^11
    [(-6, -1), (-6, 1), (6, -1), (6, 1)]                       -1*q^4 -1*q^5 +2*q^8 +4*q^9 +10*q^10 +15*q^11

  m003: 43 classes with minD<=8
    [(0, 0)]                                                   +1 -2*q -3*q^2 +2*q^3 +8*q^4 +18*q^5 +18*q^6 +14*q^7 -12*q^8 -52*q^9 -106*q^10 -164*q^11
    [(-3, 2), (-1, -2), (1, 2), (3, -2)]                       +1*q -1*q^4 -2*q^5 -5*q^6 -8*q^7 -10*q^8 -11*q^9 -6*q^10 +4*q^11
    [(-1, 0), (1, 0)]                                          -1*q -1*q^2 +3*q^3 +6*q^4 +12*q^5 +9*q^6 +3*q^7 -19*q^8 -50*q^9 -88*q^10 -125*q^11
    [(-1, 1), (0, -1), (0, 1), (1, -1)]                        -1*q -1*q^2 +2*q^3 +7*q^4 +11*q^5 +11*q^6 +3*q^7 -17*q^8 -49*q^9 -88*q^10 -126*q^11
    [(-6, 4), (-2, -4), (2, 4), (6, -4)]                       +1*q^2 -1*q^7 -2*q^8 -3*q^9 -4*q^10 -7*q^11
    [(-2, 1), (-1, -1), (1, 1), (2, -1)]                       +1*q^2 +2*q^3 +3*q^4 +3*q^5 -8*q^7 -21*q^8 -37*q^9 -54*q^10 -63*q^11
    [(-4, 3), (-1, -3), (1, 3), (4, -3)]                       -1*q^3 -1*q^4 -1*q^5 -1*q^6 +1*q^7 +3*q^8 +7*q^9 +13*q^10 +20*q^11
    [(-3, -6), (3, 6)]                                         +1*q^3 -1*q^10 -2*q^11
    [(-2, 0), (2, 0)]                                          +1*q^3 +1*q^4 +2*q^5 -2*q^6 -6*q^7 -16*q^8 -27*q^9 -35*q^10 -39*q^11
    [(-2, 2), (0, -2), (0, 2), (2, -2)]                        +2*q^3 +2*q^4 +2*q^5 -2*q^6 -7*q^7 -18*q^8 -30*q^9 -40*q^10 -44*q^11
    [(-1, 2), (1, -2)]                                         +1*q^3 +2*q^4 +5*q^5 +2*q^6 -3*q^7 -16*q^8 -32*q^9 -52*q^10 -67*q^11
    [(-5, 3), (-2, -3), (2, 3), (5, -3)]                       +1*q^4 +1*q^5 +1*q^6 +2*q^7 +3*q^8 +3*q^9 +3*q^10 +2*q^11
    [(-4, -8), (4, 8)]                                         +1*q^4
    [(-4, 2), (-2, -2), (2, 2), (4, -2)]                       -1*q^4 -1*q^5 +2*q^8 +4*q^9 +10*q^10 +15*q^11

====================================================================================
DOES ANY INTEGER CLASS OF ONE FAIL TO OCCUR ON THE OTHER?
====================================================================================

  classes of m003 whose series occurs at NO integer class of m004:
    m003 at (-1, 1) (minD=2, leading x^2):  -1*q -1*q^2 +2*q^3 +7*q^4 +11*q^5 +11*q^6 +3*q^7 -17*q^8 -49*q^9 -88*q^10 -126*q^11 -148*q^12
       -> 9 integer classes of m004 have minD <= 2: [(-4, -1), (-4, 1), (-2, 0), (-1, 0), (0, 0), (1, 0), (2, 0), (4, -1), (4, 1)]
          m004(-4, -1): +1*q -1*q^4 -2*q^5 -5*q^6 -8*q^7 -10*q^8
          m004(-4, 1): +1*q -1*q^4 -2*q^5 -5*q^6 -8*q^7 -10*q^8
          m004(-2, 0): -1*q -1*q^2 +3*q^3 +6*q^4 +12*q^5 +9*q^6 +3*q^7 -19*q^8
          m004(-1, 0): -2*q -2*q^2 +2*q^3 +8*q^4 +16*q^5 +16*q^6 +10*q^7 -14*q^8
          m004(0, 0): +1 -2*q -3*q^2 +2*q^3 +8*q^4 +18*q^5 +18*q^6 +14*q^7 -12*q^8
          m004(1, 0): -2*q -2*q^2 +2*q^3 +8*q^4 +16*q^5 +16*q^6 +10*q^7 -14*q^8
          m004(2, 0): -1*q -1*q^2 +3*q^3 +6*q^4 +12*q^5 +9*q^6 +3*q^7 -19*q^8
          m004(4, -1): +1*q -1*q^4 -2*q^5 -5*q^6 -8*q^7 -10*q^8
          m004(4, 1): +1*q -1*q^4 -2*q^5 -5*q^6 -8*q^7 -10*q^8
    m003 at (0, -1) (minD=2, leading x^2):  -1*q -1*q^2 +2*q^3 +7*q^4 +11*q^5 +11*q^6 +3*q^7 -17*q^8 -49*q^9 -88*q^10 -126*q^11 -148*q^12
       -> 9 integer classes of m004 have minD <= 2: [(-4, -1), (-4, 1), (-2, 0), (-1, 0), (0, 0), (1, 0), (2, 0), (4, -1), (4, 1)]
          m004(-4, -1): +1*q -1*q^4 -2*q^5 -5*q^6 -8*q^7 -10*q^8
          m004(-4, 1): +1*q -1*q^4 -2*q^5 -5*q^6 -8*q^7 -10*q^8
          m004(-2, 0): -1*q -1*q^2 +3*q^3 +6*q^4 +12*q^5 +9*q^6 +3*q^7 -19*q^8
          m004(-1, 0): -2*q -2*q^2 +2*q^3 +8*q^4 +16*q^5 +16*q^6 +10*q^7 -14*q^8
          m004(0, 0): +1 -2*q -3*q^2 +2*q^3 +8*q^4 +18*q^5 +18*q^6 +14*q^7 -12*q^8
          m004(1, 0): -2*q -2*q^2 +2*q^3 +8*q^4 +16*q^5 +16*q^6 +10*q^7 -14*q^8
          m004(2, 0): -1*q -1*q^2 +3*q^3 +6*q^4 +12*q^5 +9*q^6 +3*q^7 -19*q^8
          m004(4, -1): +1*q -1*q^4 -2*q^5 -5*q^6 -8*q^7 -10*q^8
          m004(4, 1): +1*q -1*q^4 -2*q^5 -5*q^6 -8*q^7 -10*q^8
    m003 at (0, 1) (minD=2, leading x^2):  -1*q -1*q^2 +2*q^3 +7*q^4 +11*q^5 +11*q^6 +3*q^7 -17*q^8 -49*q^9 -88*q^10 -126*q^11 -148*q^12
       -> 9 integer classes of m004 have minD <= 2: [(-4, -1), (-4, 1), (-2, 0), (-1, 0), (0, 0), (1, 0), (2, 0), (4, -1), (4, 1)]
          m004(-4, -1): +1*q -1*q^4 -2*q^5 -5*q^6 -8*q^7 -10*q^8
          m004(-4, 1): +1*q -1*q^4 -2*q^5 -5*q^6 -8*q^7 -10*q^8
          m004(-2, 0): -1*q -1*q^2 +3*q^3 +6*q^4 +12*q^5 +9*q^6 +3*q^7 -19*q^8
          m004(-1, 0): -2*q -2*q^2 +2*q^3 +8*q^4 +16*q^5 +16*q^6 +10*q^7 -14*q^8
          m004(0, 0): +1 -2*q -3*q^2 +2*q^3 +8*q^4 +18*q^5 +18*q^6 +14*q^7 -12*q^8
          m004(1, 0): -2*q -2*q^2 +2*q^3 +8*q^4 +16*q^5 +16*q^6 +10*q^7 -14*q^8
          m004(2, 0): -1*q -1*q^2 +3*q^3 +6*q^4 +12*q^5 +9*q^6 +3*q^7 -19*q^8
          m004(4, -1): +1*q -1*q^4 -2*q^5 -5*q^6 -8*q^7 -10*q^8
          m004(4, 1): +1*q -1*q^4 -2*q^5 -5*q^6 -8*q^7 -10*q^8
    m003 at (1, -1) (minD=2, leading x^2):  -1*q -1*q^2 +2*q^3 +7*q^4 +11*q^5 +11*q^6 +3*q^7 -17*q^8 -49*q^9 -88*q^10 -126*q^11 -148*q^12
       -> 9 integer classes of m004 have minD <= 2: [(-4, -1), (-4, 1), (-2, 0), (-1, 0), (0, 0), (1, 0), (2, 0), (4, -1), (4, 1)]
          m004(-4, -1): +1*q -1*q^4 -2*q^5 -5*q^6 -8*q^7 -10*q^8
          m004(-4, 1): +1*q -1*q^4 -2*q^5 -5*q^6 -8*q^7 -10*q^8
          m004(-2, 0): -1*q -1*q^2 +3*q^3 +6*q^4 +12*q^5 +9*q^6 +3*q^7 -19*q^8
          m004(-1, 0): -2*q -2*q^2 +2*q^3 +8*q^4 +16*q^5 +16*q^6 +10*q^7 -14*q^8
          m004(0, 0): +1 -2*q -3*q^2 +2*q^3 +8*q^4 +18*q^5 +18*q^6 +14*q^7 -12*q^8
          m004(1, 0): -2*q -2*q^2 +2*q^3 +8*q^4 +16*q^5 +16*q^6 +10*q^7 -14*q^8
          m004(2, 0): -1*q -1*q^2 +3*q^3 +6*q^4 +12*q^5 +9*q^6 +3*q^7 -19*q^8
          m004(4, -1): +1*q -1*q^4 -2*q^5 -5*q^6 -8*q^7 -10*q^8
          m004(4, 1): +1*q -1*q^4 -2*q^5 -5*q^6 -8*q^7 -10*q^8
