{
  "boundary_selected": false,
  "facts": {
    "Q_barD_anticommutes_00": true,
    "Q_barD_anticommutes_01": true,
    "Q_barD_anticommutes_10": true,
    "Q_barD_anticommutes_11": true,
    "Q_barQ_algebra_00": true,
    "Q_barQ_algebra_01": true,
    "Q_barQ_algebra_10": true,
    "Q_barQ_algebra_11": true,
    "abelian_deltaV_rule_rejected": true,
    "abelian_rule_can_preserve_forbidden_slots": true,
    "actual_WZ_reality": true,
    "averaging_does_not_discard_squared_flux": true,
    "canonical_compensated_WZ_slots_zero": true,
    "compensator_boundary_in_k": true,
    "compensator_chiral_zero_scalar": true,
    "consistent_jet_omission_is_Ward_blind": true,
    "even_supertranslation_product_rule": true,
    "every_projected_response_slot_preserved": true,
    "exact_nonabelian_exponential_inverse": true,
    "explicit_twist_singlet_and_norm": true,
    "explicit_twist_triplet_complement": true,
    "external_dependent_projection_rejected": true,
    "fixed_projection_commutes_with_SUSY": true,
    "fixed_projection_equivariant": true,
    "frozen_compensator_normal_WZ_rejected": true,
    "full_exponential_linearization": true,
    "full_normal_compensated_Ward_identity": true,
    "inconsistent_jet_omission_Ward_rejected": true,
    "inconsistent_jet_omission_projection_rejected": true,
    "initial_integrated_response_zero": true,
    "nonlinear_normal_response_present": true,
    "nonzero_V_square_retained": true,
    "nonzero_structure_flux_retained": true,
    "normal_Phi_is_chiral": true,
    "normal_WZ_jet_admitted": true,
    "normal_WZ_recovery": true,
    "normal_compensator_jet_nonzero": true,
    "real_supertranslation": true,
    "uncompensated_WZ_slots_nonzero": true,
    "wrong_compensator_sign_rejected": true,
    "wrong_diagonal_twist_rejected": true,
    "zero_mean_gauge_flux_not_pointwise_zero": true
  },
  "full_E8_structure_constants_recomputed": false,
  "full_goal_achieved": false,
  "nonauthor_analytic_review": false,
  "normal_compensator_jets_retained": true,
  "off_shell_superfield_boundary_covariance": true,
  "physical_kernel_recomputed": false,
  "predicates_passed": 42,
  "twist_supplied_not_generated": true,
  "well_posed_multiplet_boundary_proved": false
}
