{
  "full_goal_achieved": false,
  "generated_selection": false,
  "native_imported": false,
  "off_shell_superfield_covariance": true,
  "outside_review": false,
  "physical_census_recomputed": false,
  "predicates": {
    "non_singlet_control_rejected": true,
    "operator_Q_algebra_all_covectors": true,
    "operator_Q_barD_all_covectors": true,
    "operator_same_chirality_algebra": true,
    "tuple_chiral_compensator": true,
    "tuple_compensator_stays_in_gauge_factor": true,
    "tuple_consistent_omission_Ward_blind": true,
    "tuple_external_dependent_projector_rejected": true,
    "tuple_forbidden_slots_recovered": true,
    "tuple_frozen_normal_WZ_rejected": true,
    "tuple_full_eta_response_Ward": true,
    "tuple_genuine_averaging": true,
    "tuple_inconsistent_omission_rejected": true,
    "tuple_integrated_entire_response": true,
    "tuple_inverse_exponential_not_abelian": true,
    "tuple_nonzero_nonlinearity": true,
    "tuple_nonzero_normal_compensation": true,
    "tuple_nonzero_structure_flux": true,
    "tuple_normal_WZ_recovered": true,
    "tuple_pointwise_flux_would_change_law": true,
    "tuple_real_vector_and_inverse": true,
    "tuple_wrong_sign_rejected": true,
    "twist_character_split": true,
    "twist_singlet_tensor_action": true
  },
  "predicates_passed": 24,
  "well_posed_multiplet_proved": false
}
